Archive member included to satisfy reference by file (symbol)

c:/st/stm32cubeide_1.4.0/stm32cubeide/plugins/com.st.stm32cube.ide.mcu.externaltools.gnu-tools-for-stm32.7-2018-q2-update.win32_1.4.0.202007081208/tools/bin/../lib/gcc/arm-none-eabi/7.3.1/../../../../arm-none-eabi/lib/thumb/v7-m\libc_nano.a(lib_a-errno.o)
                              Src/syscalls.o (__errno)
c:/st/stm32cubeide_1.4.0/stm32cubeide/plugins/com.st.stm32cube.ide.mcu.externaltools.gnu-tools-for-stm32.7-2018-q2-update.win32_1.4.0.202007081208/tools/bin/../lib/gcc/arm-none-eabi/7.3.1/../../../../arm-none-eabi/lib/thumb/v7-m\libc_nano.a(lib_a-exit.o)
                              c:/st/stm32cubeide_1.4.0/stm32cubeide/plugins/com.st.stm32cube.ide.mcu.externaltools.gnu-tools-for-stm32.7-2018-q2-update.win32_1.4.0.202007081208/tools/bin/../lib/gcc/arm-none-eabi/7.3.1/../../../../arm-none-eabi/lib/thumb/v7-m/crt0.o (exit)
c:/st/stm32cubeide_1.4.0/stm32cubeide/plugins/com.st.stm32cube.ide.mcu.externaltools.gnu-tools-for-stm32.7-2018-q2-update.win32_1.4.0.202007081208/tools/bin/../lib/gcc/arm-none-eabi/7.3.1/../../../../arm-none-eabi/lib/thumb/v7-m\libc_nano.a(lib_a-impure.o)
                              c:/st/stm32cubeide_1.4.0/stm32cubeide/plugins/com.st.stm32cube.ide.mcu.externaltools.gnu-tools-for-stm32.7-2018-q2-update.win32_1.4.0.202007081208/tools/bin/../lib/gcc/arm-none-eabi/7.3.1/../../../../arm-none-eabi/lib/thumb/v7-m\libc_nano.a(lib_a-exit.o) (_global_impure_ptr)
c:/st/stm32cubeide_1.4.0/stm32cubeide/plugins/com.st.stm32cube.ide.mcu.externaltools.gnu-tools-for-stm32.7-2018-q2-update.win32_1.4.0.202007081208/tools/bin/../lib/gcc/arm-none-eabi/7.3.1/../../../../arm-none-eabi/lib/thumb/v7-m\libc_nano.a(lib_a-init.o)
                              c:/st/stm32cubeide_1.4.0/stm32cubeide/plugins/com.st.stm32cube.ide.mcu.externaltools.gnu-tools-for-stm32.7-2018-q2-update.win32_1.4.0.202007081208/tools/bin/../lib/gcc/arm-none-eabi/7.3.1/../../../../arm-none-eabi/lib/thumb/v7-m/crt0.o (__libc_init_array)
c:/st/stm32cubeide_1.4.0/stm32cubeide/plugins/com.st.stm32cube.ide.mcu.externaltools.gnu-tools-for-stm32.7-2018-q2-update.win32_1.4.0.202007081208/tools/bin/../lib/gcc/arm-none-eabi/7.3.1/../../../../arm-none-eabi/lib/thumb/v7-m\libc_nano.a(lib_a-memset.o)
                              c:/st/stm32cubeide_1.4.0/stm32cubeide/plugins/com.st.stm32cube.ide.mcu.externaltools.gnu-tools-for-stm32.7-2018-q2-update.win32_1.4.0.202007081208/tools/bin/../lib/gcc/arm-none-eabi/7.3.1/../../../../arm-none-eabi/lib/thumb/v7-m/crt0.o (memset)

Allocating common symbols
Common symbol       size              file

PinCfg              0x4               Stm32_f103c6_Drivers/LCD_Driver/LCD.o

Discarded input sections

 .text          0x0000000000000000        0x0 c:/st/stm32cubeide_1.4.0/stm32cubeide/plugins/com.st.stm32cube.ide.mcu.externaltools.gnu-tools-for-stm32.7-2018-q2-update.win32_1.4.0.202007081208/tools/bin/../lib/gcc/arm-none-eabi/7.3.1/thumb/v7-m/crti.o
 .data          0x0000000000000000        0x0 c:/st/stm32cubeide_1.4.0/stm32cubeide/plugins/com.st.stm32cube.ide.mcu.externaltools.gnu-tools-for-stm32.7-2018-q2-update.win32_1.4.0.202007081208/tools/bin/../lib/gcc/arm-none-eabi/7.3.1/thumb/v7-m/crti.o
 .bss           0x0000000000000000        0x0 c:/st/stm32cubeide_1.4.0/stm32cubeide/plugins/com.st.stm32cube.ide.mcu.externaltools.gnu-tools-for-stm32.7-2018-q2-update.win32_1.4.0.202007081208/tools/bin/../lib/gcc/arm-none-eabi/7.3.1/thumb/v7-m/crti.o
 .data          0x0000000000000000        0x4 c:/st/stm32cubeide_1.4.0/stm32cubeide/plugins/com.st.stm32cube.ide.mcu.externaltools.gnu-tools-for-stm32.7-2018-q2-update.win32_1.4.0.202007081208/tools/bin/../lib/gcc/arm-none-eabi/7.3.1/thumb/v7-m/crtbegin.o
 .text          0x0000000000000000       0x74 c:/st/stm32cubeide_1.4.0/stm32cubeide/plugins/com.st.stm32cube.ide.mcu.externaltools.gnu-tools-for-stm32.7-2018-q2-update.win32_1.4.0.202007081208/tools/bin/../lib/gcc/arm-none-eabi/7.3.1/../../../../arm-none-eabi/lib/thumb/v7-m/crt0.o
 .data          0x0000000000000000        0x0 c:/st/stm32cubeide_1.4.0/stm32cubeide/plugins/com.st.stm32cube.ide.mcu.externaltools.gnu-tools-for-stm32.7-2018-q2-update.win32_1.4.0.202007081208/tools/bin/../lib/gcc/arm-none-eabi/7.3.1/../../../../arm-none-eabi/lib/thumb/v7-m/crt0.o
 .bss           0x0000000000000000        0x0 c:/st/stm32cubeide_1.4.0/stm32cubeide/plugins/com.st.stm32cube.ide.mcu.externaltools.gnu-tools-for-stm32.7-2018-q2-update.win32_1.4.0.202007081208/tools/bin/../lib/gcc/arm-none-eabi/7.3.1/../../../../arm-none-eabi/lib/thumb/v7-m/crt0.o
 .ARM.extab     0x0000000000000000        0x0 c:/st/stm32cubeide_1.4.0/stm32cubeide/plugins/com.st.stm32cube.ide.mcu.externaltools.gnu-tools-for-stm32.7-2018-q2-update.win32_1.4.0.202007081208/tools/bin/../lib/gcc/arm-none-eabi/7.3.1/../../../../arm-none-eabi/lib/thumb/v7-m/crt0.o
 .ARM.exidx     0x0000000000000000        0x8 c:/st/stm32cubeide_1.4.0/stm32cubeide/plugins/com.st.stm32cube.ide.mcu.externaltools.gnu-tools-for-stm32.7-2018-q2-update.win32_1.4.0.202007081208/tools/bin/../lib/gcc/arm-none-eabi/7.3.1/../../../../arm-none-eabi/lib/thumb/v7-m/crt0.o
 .ARM.attributes
                0x0000000000000000       0x1b c:/st/stm32cubeide_1.4.0/stm32cubeide/plugins/com.st.stm32cube.ide.mcu.externaltools.gnu-tools-for-stm32.7-2018-q2-update.win32_1.4.0.202007081208/tools/bin/../lib/gcc/arm-none-eabi/7.3.1/../../../../arm-none-eabi/lib/thumb/v7-m/crt0.o
 .group         0x0000000000000000        0xc Src/main.o
 .group         0x0000000000000000        0xc Src/main.o
 .group         0x0000000000000000        0xc Src/main.o
 .group         0x0000000000000000        0xc Src/main.o
 .group         0x0000000000000000        0xc Src/main.o
 .group         0x0000000000000000        0xc Src/main.o
 .group         0x0000000000000000        0xc Src/main.o
 .group         0x0000000000000000        0xc Src/main.o
 .group         0x0000000000000000        0xc Src/main.o
 .group         0x0000000000000000        0xc Src/main.o
 .group         0x0000000000000000        0xc Src/main.o
 .group         0x0000000000000000        0xc Src/main.o
 .group         0x0000000000000000        0xc Src/main.o
 .group         0x0000000000000000        0xc Src/main.o
 .group         0x0000000000000000        0xc Src/main.o
 .group         0x0000000000000000        0xc Src/main.o
 .group         0x0000000000000000        0xc Src/main.o
 .group         0x0000000000000000        0xc Src/main.o
 .group         0x0000000000000000        0xc Src/main.o
 .group         0x0000000000000000        0xc Src/main.o
 .group         0x0000000000000000        0xc Src/main.o
 .group         0x0000000000000000        0xc Src/main.o
 .group         0x0000000000000000        0xc Src/main.o
 .group         0x0000000000000000        0xc Src/main.o
 .group         0x0000000000000000        0xc Src/main.o
 .group         0x0000000000000000        0xc Src/main.o
 .group         0x0000000000000000        0xc Src/main.o
 .group         0x0000000000000000        0xc Src/main.o
 .group         0x0000000000000000        0xc Src/main.o
 .group         0x0000000000000000        0xc Src/main.o
 .group         0x0000000000000000        0xc Src/main.o
 .group         0x0000000000000000        0xc Src/main.o
 .group         0x0000000000000000        0xc Src/main.o
 .group         0x0000000000000000        0xc Src/main.o
 .group         0x0000000000000000        0xc Src/main.o
 .group         0x0000000000000000        0xc Src/main.o
 .group         0x0000000000000000        0xc Src/main.o
 .group         0x0000000000000000        0xc Src/main.o
 .group         0x0000000000000000        0xc Src/main.o
 .group         0x0000000000000000        0xc Src/main.o
 .text          0x0000000000000000        0x0 Src/main.o
 .data          0x0000000000000000        0x0 Src/main.o
 .bss           0x0000000000000000        0x0 Src/main.o
 .text.GPIOA_INIT
                0x0000000000000000       0x6c Src/main.o
 .group         0x0000000000000000        0xc Src/syscalls.o
 .group         0x0000000000000000        0xc Src/syscalls.o
 .group         0x0000000000000000        0xc Src/syscalls.o
 .group         0x0000000000000000        0xc Src/syscalls.o
 .group         0x0000000000000000        0xc Src/syscalls.o
 .group         0x0000000000000000        0xc Src/syscalls.o
 .group         0x0000000000000000        0xc Src/syscalls.o
 .group         0x0000000000000000        0xc Src/syscalls.o
 .group         0x0000000000000000        0xc Src/syscalls.o
 .group         0x0000000000000000        0xc Src/syscalls.o
 .group         0x0000000000000000        0xc Src/syscalls.o
 .group         0x0000000000000000        0xc Src/syscalls.o
 .group         0x0000000000000000        0xc Src/syscalls.o
 .group         0x0000000000000000        0xc Src/syscalls.o
 .group         0x0000000000000000        0xc Src/syscalls.o
 .group         0x0000000000000000        0xc Src/syscalls.o
 .group         0x0000000000000000        0xc Src/syscalls.o
 .group         0x0000000000000000        0xc Src/syscalls.o
 .group         0x0000000000000000        0xc Src/syscalls.o
 .group         0x0000000000000000        0xc Src/syscalls.o
 .group         0x0000000000000000        0xc Src/syscalls.o
 .group         0x0000000000000000        0xc Src/syscalls.o
 .group         0x0000000000000000        0xc Src/syscalls.o
 .group         0x0000000000000000        0xc Src/syscalls.o
 .group         0x0000000000000000        0xc Src/syscalls.o
 .group         0x0000000000000000        0xc Src/syscalls.o
 .group         0x0000000000000000        0xc Src/syscalls.o
 .group         0x0000000000000000        0xc Src/syscalls.o
 .group         0x0000000000000000        0xc Src/syscalls.o
 .group         0x0000000000000000        0xc Src/syscalls.o
 .group         0x0000000000000000        0xc Src/syscalls.o
 .group         0x0000000000000000        0xc Src/syscalls.o
 .group         0x0000000000000000        0xc Src/syscalls.o
 .group         0x0000000000000000        0xc Src/syscalls.o
 .group         0x0000000000000000        0xc Src/syscalls.o
 .group         0x0000000000000000        0xc Src/syscalls.o
 .group         0x0000000000000000        0xc Src/syscalls.o
 .group         0x0000000000000000        0xc Src/syscalls.o
 .group         0x0000000000000000        0xc Src/syscalls.o
 .group         0x0000000000000000        0xc Src/syscalls.o
 .group         0x0000000000000000        0xc Src/syscalls.o
 .group         0x0000000000000000        0xc Src/syscalls.o
 .group         0x0000000000000000        0xc Src/syscalls.o
 .group         0x0000000000000000        0xc Src/syscalls.o
 .text          0x0000000000000000        0x0 Src/syscalls.o
 .data          0x0000000000000000        0x0 Src/syscalls.o
 .bss           0x0000000000000000        0x0 Src/syscalls.o
 .bss.__env     0x0000000000000000        0x4 Src/syscalls.o
 .data.environ  0x0000000000000000        0x4 Src/syscalls.o
 .text.initialise_monitor_handles
                0x0000000000000000        0xc Src/syscalls.o
 .text._getpid  0x0000000000000000        0xe Src/syscalls.o
 .text._kill    0x0000000000000000       0x20 Src/syscalls.o
 .text._exit    0x0000000000000000       0x14 Src/syscalls.o
 .text._read    0x0000000000000000       0x3a Src/syscalls.o
 .text._write   0x0000000000000000       0x38 Src/syscalls.o
 .text._close   0x0000000000000000       0x16 Src/syscalls.o
 .text._fstat   0x0000000000000000       0x1e Src/syscalls.o
 .text._isatty  0x0000000000000000       0x14 Src/syscalls.o
 .text._lseek   0x0000000000000000       0x18 Src/syscalls.o
 .text._open    0x0000000000000000       0x1a Src/syscalls.o
 .text._wait    0x0000000000000000       0x1e Src/syscalls.o
 .text._unlink  0x0000000000000000       0x1e Src/syscalls.o
 .text._times   0x0000000000000000       0x16 Src/syscalls.o
 .text._stat    0x0000000000000000       0x1e Src/syscalls.o
 .text._link    0x0000000000000000       0x20 Src/syscalls.o
 .text._fork    0x0000000000000000       0x16 Src/syscalls.o
 .text._execve  0x0000000000000000       0x22 Src/syscalls.o
 .debug_info    0x0000000000000000     0x1038 Src/syscalls.o
 .debug_abbrev  0x0000000000000000      0x254 Src/syscalls.o
 .debug_loc     0x0000000000000000      0x5b8 Src/syscalls.o
 .debug_aranges
                0x0000000000000000       0xa8 Src/syscalls.o
 .debug_ranges  0x0000000000000000       0x98 Src/syscalls.o
 .debug_macro   0x0000000000000000      0x243 Src/syscalls.o
 .debug_macro   0x0000000000000000      0xa60 Src/syscalls.o
 .debug_macro   0x0000000000000000       0x22 Src/syscalls.o
 .debug_macro   0x0000000000000000       0x40 Src/syscalls.o
 .debug_macro   0x0000000000000000       0x18 Src/syscalls.o
 .debug_macro   0x0000000000000000       0x94 Src/syscalls.o
 .debug_macro   0x0000000000000000       0x3c Src/syscalls.o
 .debug_macro   0x0000000000000000       0x34 Src/syscalls.o
 .debug_macro   0x0000000000000000       0x57 Src/syscalls.o
 .debug_macro   0x0000000000000000      0x174 Src/syscalls.o
 .debug_macro   0x0000000000000000      0x330 Src/syscalls.o
 .debug_macro   0x0000000000000000       0x52 Src/syscalls.o
 .debug_macro   0x0000000000000000       0x1f Src/syscalls.o
 .debug_macro   0x0000000000000000       0x43 Src/syscalls.o
 .debug_macro   0x0000000000000000       0x20 Src/syscalls.o
 .debug_macro   0x0000000000000000      0x1a3 Src/syscalls.o
 .debug_macro   0x0000000000000000       0x10 Src/syscalls.o
 .debug_macro   0x0000000000000000       0x35 Src/syscalls.o
 .debug_macro   0x0000000000000000       0x10 Src/syscalls.o
 .debug_macro   0x0000000000000000       0x10 Src/syscalls.o
 .debug_macro   0x0000000000000000       0x10 Src/syscalls.o
 .debug_macro   0x0000000000000000       0x6a Src/syscalls.o
 .debug_macro   0x0000000000000000       0x1c Src/syscalls.o
 .debug_macro   0x0000000000000000       0x52 Src/syscalls.o
 .debug_macro   0x0000000000000000       0x40 Src/syscalls.o
 .debug_macro   0x0000000000000000       0x10 Src/syscalls.o
 .debug_macro   0x0000000000000000       0x40 Src/syscalls.o
 .debug_macro   0x0000000000000000       0xd7 Src/syscalls.o
 .debug_macro   0x0000000000000000       0x1c Src/syscalls.o
 .debug_macro   0x0000000000000000       0x3d Src/syscalls.o
 .debug_macro   0x0000000000000000       0x35 Src/syscalls.o
 .debug_macro   0x0000000000000000      0x122 Src/syscalls.o
 .debug_macro   0x0000000000000000       0x16 Src/syscalls.o
 .debug_macro   0x0000000000000000       0x16 Src/syscalls.o
 .debug_macro   0x0000000000000000       0x29 Src/syscalls.o
 .debug_macro   0x0000000000000000       0x10 Src/syscalls.o
 .debug_macro   0x0000000000000000      0x241 Src/syscalls.o
 .debug_macro   0x0000000000000000       0x1c Src/syscalls.o
 .debug_macro   0x0000000000000000       0x10 Src/syscalls.o
 .debug_macro   0x0000000000000000       0x10 Src/syscalls.o
 .debug_macro   0x0000000000000000       0x16 Src/syscalls.o
 .debug_macro   0x0000000000000000      0x145 Src/syscalls.o
 .debug_macro   0x0000000000000000      0x189 Src/syscalls.o
 .debug_macro   0x0000000000000000       0x16 Src/syscalls.o
 .debug_macro   0x0000000000000000       0x88 Src/syscalls.o
 .debug_line    0x0000000000000000      0x739 Src/syscalls.o
 .debug_str     0x0000000000000000     0x8886 Src/syscalls.o
 .comment       0x0000000000000000       0x7c Src/syscalls.o
 .debug_frame   0x0000000000000000      0x2ac Src/syscalls.o
 .ARM.attributes
                0x0000000000000000       0x33 Src/syscalls.o
 .group         0x0000000000000000        0xc Src/sysmem.o
 .group         0x0000000000000000        0xc Src/sysmem.o
 .group         0x0000000000000000        0xc Src/sysmem.o
 .group         0x0000000000000000        0xc Src/sysmem.o
 .group         0x0000000000000000        0xc Src/sysmem.o
 .group         0x0000000000000000        0xc Src/sysmem.o
 .group         0x0000000000000000        0xc Src/sysmem.o
 .group         0x0000000000000000        0xc Src/sysmem.o
 .group         0x0000000000000000        0xc Src/sysmem.o
 .group         0x0000000000000000        0xc Src/sysmem.o
 .group         0x0000000000000000        0xc Src/sysmem.o
 .group         0x0000000000000000        0xc Src/sysmem.o
 .group         0x0000000000000000        0xc Src/sysmem.o
 .group         0x0000000000000000        0xc Src/sysmem.o
 .group         0x0000000000000000        0xc Src/sysmem.o
 .group         0x0000000000000000        0xc Src/sysmem.o
 .group         0x0000000000000000        0xc Src/sysmem.o
 .group         0x0000000000000000        0xc Src/sysmem.o
 .group         0x0000000000000000        0xc Src/sysmem.o
 .text          0x0000000000000000        0x0 Src/sysmem.o
 .data          0x0000000000000000        0x0 Src/sysmem.o
 .bss           0x0000000000000000        0x0 Src/sysmem.o
 .bss.__sbrk_heap_end
                0x0000000000000000        0x4 Src/sysmem.o
 .text._sbrk    0x0000000000000000       0x6c Src/sysmem.o
 .debug_info    0x0000000000000000      0xa7c Src/sysmem.o
 .debug_abbrev  0x0000000000000000      0x18e Src/sysmem.o
 .debug_loc     0x0000000000000000       0x50 Src/sysmem.o
 .debug_aranges
                0x0000000000000000       0x20 Src/sysmem.o
 .debug_ranges  0x0000000000000000       0x10 Src/sysmem.o
 .debug_macro   0x0000000000000000       0xee Src/sysmem.o
 .debug_macro   0x0000000000000000      0xa60 Src/sysmem.o
 .debug_macro   0x0000000000000000       0x10 Src/sysmem.o
 .debug_macro   0x0000000000000000       0x22 Src/sysmem.o
 .debug_macro   0x0000000000000000       0x40 Src/sysmem.o
 .debug_macro   0x0000000000000000       0x18 Src/sysmem.o
 .debug_macro   0x0000000000000000       0x94 Src/sysmem.o
 .debug_macro   0x0000000000000000       0x3c Src/sysmem.o
 .debug_macro   0x0000000000000000       0x34 Src/sysmem.o
 .debug_macro   0x0000000000000000      0x174 Src/sysmem.o
 .debug_macro   0x0000000000000000       0x57 Src/sysmem.o
 .debug_macro   0x0000000000000000       0x52 Src/sysmem.o
 .debug_macro   0x0000000000000000       0x1f Src/sysmem.o
 .debug_macro   0x0000000000000000       0x43 Src/sysmem.o
 .debug_macro   0x0000000000000000       0x20 Src/sysmem.o
 .debug_macro   0x0000000000000000      0x1a3 Src/sysmem.o
 .debug_macro   0x0000000000000000      0x23b Src/sysmem.o
 .debug_macro   0x0000000000000000       0xef Src/sysmem.o
 .debug_macro   0x0000000000000000       0x6a Src/sysmem.o
 .debug_macro   0x0000000000000000      0x1df Src/sysmem.o
 .debug_line    0x0000000000000000      0x4c2 Src/sysmem.o
 .debug_str     0x0000000000000000     0x5f54 Src/sysmem.o
 .comment       0x0000000000000000       0x7c Src/sysmem.o
 .debug_frame   0x0000000000000000       0x34 Src/sysmem.o
 .ARM.attributes
                0x0000000000000000       0x33 Src/sysmem.o
 .text          0x0000000000000000       0x14 Startup/startup_stm32f103c6tx.o
 .data          0x0000000000000000        0x0 Startup/startup_stm32f103c6tx.o
 .bss           0x0000000000000000        0x0 Startup/startup_stm32f103c6tx.o
 .group         0x0000000000000000        0xc Stm32_f103c6_Drivers/KeyPad_Driver/KEY_PAD.o
 .text          0x0000000000000000        0x0 Stm32_f103c6_Drivers/KeyPad_Driver/KEY_PAD.o
 .data          0x0000000000000000        0x0 Stm32_f103c6_Drivers/KeyPad_Driver/KEY_PAD.o
 .bss           0x0000000000000000        0x0 Stm32_f103c6_Drivers/KeyPad_Driver/KEY_PAD.o
 .debug_info    0x0000000000000000       0x21 Stm32_f103c6_Drivers/KeyPad_Driver/KEY_PAD.o
 .debug_abbrev  0x0000000000000000       0x13 Stm32_f103c6_Drivers/KeyPad_Driver/KEY_PAD.o
 .debug_aranges
                0x0000000000000000       0x18 Stm32_f103c6_Drivers/KeyPad_Driver/KEY_PAD.o
 .debug_macro   0x0000000000000000       0x11 Stm32_f103c6_Drivers/KeyPad_Driver/KEY_PAD.o
 .debug_macro   0x0000000000000000      0xa60 Stm32_f103c6_Drivers/KeyPad_Driver/KEY_PAD.o
 .debug_line    0x0000000000000000       0x50 Stm32_f103c6_Drivers/KeyPad_Driver/KEY_PAD.o
 .debug_str     0x0000000000000000     0x2d01 Stm32_f103c6_Drivers/KeyPad_Driver/KEY_PAD.o
 .comment       0x0000000000000000       0x7c Stm32_f103c6_Drivers/KeyPad_Driver/KEY_PAD.o
 .ARM.attributes
                0x0000000000000000       0x33 Stm32_f103c6_Drivers/KeyPad_Driver/KEY_PAD.o
 .group         0x0000000000000000        0xc Stm32_f103c6_Drivers/LCD_Driver/LCD.o
 .group         0x0000000000000000        0xc Stm32_f103c6_Drivers/LCD_Driver/LCD.o
 .group         0x0000000000000000        0xc Stm32_f103c6_Drivers/LCD_Driver/LCD.o
 .group         0x0000000000000000        0xc Stm32_f103c6_Drivers/LCD_Driver/LCD.o
 .group         0x0000000000000000        0xc Stm32_f103c6_Drivers/LCD_Driver/LCD.o
 .group         0x0000000000000000        0xc Stm32_f103c6_Drivers/LCD_Driver/LCD.o
 .group         0x0000000000000000        0xc Stm32_f103c6_Drivers/LCD_Driver/LCD.o
 .group         0x0000000000000000        0xc Stm32_f103c6_Drivers/LCD_Driver/LCD.o
 .group         0x0000000000000000        0xc Stm32_f103c6_Drivers/LCD_Driver/LCD.o
 .group         0x0000000000000000        0xc Stm32_f103c6_Drivers/LCD_Driver/LCD.o
 .group         0x0000000000000000        0xc Stm32_f103c6_Drivers/LCD_Driver/LCD.o
 .group         0x0000000000000000        0xc Stm32_f103c6_Drivers/LCD_Driver/LCD.o
 .group         0x0000000000000000        0xc Stm32_f103c6_Drivers/LCD_Driver/LCD.o
 .group         0x0000000000000000        0xc Stm32_f103c6_Drivers/LCD_Driver/LCD.o
 .group         0x0000000000000000        0xc Stm32_f103c6_Drivers/LCD_Driver/LCD.o
 .group         0x0000000000000000        0xc Stm32_f103c6_Drivers/LCD_Driver/LCD.o
 .group         0x0000000000000000        0xc Stm32_f103c6_Drivers/LCD_Driver/LCD.o
 .group         0x0000000000000000        0xc Stm32_f103c6_Drivers/LCD_Driver/LCD.o
 .group         0x0000000000000000        0xc Stm32_f103c6_Drivers/LCD_Driver/LCD.o
 .group         0x0000000000000000        0xc Stm32_f103c6_Drivers/LCD_Driver/LCD.o
 .group         0x0000000000000000        0xc Stm32_f103c6_Drivers/LCD_Driver/LCD.o
 .group         0x0000000000000000        0xc Stm32_f103c6_Drivers/LCD_Driver/LCD.o
 .group         0x0000000000000000        0xc Stm32_f103c6_Drivers/LCD_Driver/LCD.o
 .group         0x0000000000000000        0xc Stm32_f103c6_Drivers/LCD_Driver/LCD.o
 .group         0x0000000000000000        0xc Stm32_f103c6_Drivers/LCD_Driver/LCD.o
 .group         0x0000000000000000        0xc Stm32_f103c6_Drivers/LCD_Driver/LCD.o
 .group         0x0000000000000000        0xc Stm32_f103c6_Drivers/LCD_Driver/LCD.o
 .group         0x0000000000000000        0xc Stm32_f103c6_Drivers/LCD_Driver/LCD.o
 .group         0x0000000000000000        0xc Stm32_f103c6_Drivers/LCD_Driver/LCD.o
 .group         0x0000000000000000        0xc Stm32_f103c6_Drivers/LCD_Driver/LCD.o
 .group         0x0000000000000000        0xc Stm32_f103c6_Drivers/LCD_Driver/LCD.o
 .group         0x0000000000000000        0xc Stm32_f103c6_Drivers/LCD_Driver/LCD.o
 .group         0x0000000000000000        0xc Stm32_f103c6_Drivers/LCD_Driver/LCD.o
 .group         0x0000000000000000        0xc Stm32_f103c6_Drivers/LCD_Driver/LCD.o
 .group         0x0000000000000000        0xc Stm32_f103c6_Drivers/LCD_Driver/LCD.o
 .group         0x0000000000000000        0xc Stm32_f103c6_Drivers/LCD_Driver/LCD.o
 .group         0x0000000000000000        0xc Stm32_f103c6_Drivers/LCD_Driver/LCD.o
 .group         0x0000000000000000        0xc Stm32_f103c6_Drivers/LCD_Driver/LCD.o
 .group         0x0000000000000000        0xc Stm32_f103c6_Drivers/LCD_Driver/LCD.o
 .group         0x0000000000000000        0xc Stm32_f103c6_Drivers/LCD_Driver/LCD.o
 .text          0x0000000000000000        0x0 Stm32_f103c6_Drivers/LCD_Driver/LCD.o
 .data          0x0000000000000000        0x0 Stm32_f103c6_Drivers/LCD_Driver/LCD.o
 .bss           0x0000000000000000        0x0 Stm32_f103c6_Drivers/LCD_Driver/LCD.o
 .text.LCD_check_lcd_isbusy
                0x0000000000000000       0xd8 Stm32_f103c6_Drivers/LCD_Driver/LCD.o
 .debug_macro   0x0000000000000000      0xa60 Stm32_f103c6_Drivers/LCD_Driver/LCD.o
 .debug_macro   0x0000000000000000       0x10 Stm32_f103c6_Drivers/LCD_Driver/LCD.o
 .debug_macro   0x0000000000000000       0x18 Stm32_f103c6_Drivers/LCD_Driver/LCD.o
 .debug_macro   0x0000000000000000       0x22 Stm32_f103c6_Drivers/LCD_Driver/LCD.o
 .debug_macro   0x0000000000000000       0x40 Stm32_f103c6_Drivers/LCD_Driver/LCD.o
 .debug_macro   0x0000000000000000       0x94 Stm32_f103c6_Drivers/LCD_Driver/LCD.o
 .debug_macro   0x0000000000000000       0x3c Stm32_f103c6_Drivers/LCD_Driver/LCD.o
 .debug_macro   0x0000000000000000       0x34 Stm32_f103c6_Drivers/LCD_Driver/LCD.o
 .debug_macro   0x0000000000000000       0x16 Stm32_f103c6_Drivers/LCD_Driver/LCD.o
 .debug_macro   0x0000000000000000      0x10e Stm32_f103c6_Drivers/LCD_Driver/LCD.o
 .debug_macro   0x0000000000000000       0x8d Stm32_f103c6_Drivers/LCD_Driver/LCD.o
 .debug_macro   0x0000000000000000       0x57 Stm32_f103c6_Drivers/LCD_Driver/LCD.o
 .debug_macro   0x0000000000000000       0x52 Stm32_f103c6_Drivers/LCD_Driver/LCD.o
 .debug_macro   0x0000000000000000       0x1f Stm32_f103c6_Drivers/LCD_Driver/LCD.o
 .debug_macro   0x0000000000000000       0x43 Stm32_f103c6_Drivers/LCD_Driver/LCD.o
 .debug_macro   0x0000000000000000       0x20 Stm32_f103c6_Drivers/LCD_Driver/LCD.o
 .debug_macro   0x0000000000000000      0x1a3 Stm32_f103c6_Drivers/LCD_Driver/LCD.o
 .debug_macro   0x0000000000000000      0x330 Stm32_f103c6_Drivers/LCD_Driver/LCD.o
 .debug_macro   0x0000000000000000       0x16 Stm32_f103c6_Drivers/LCD_Driver/LCD.o
 .debug_macro   0x0000000000000000       0x29 Stm32_f103c6_Drivers/LCD_Driver/LCD.o
 .debug_macro   0x0000000000000000       0x1c Stm32_f103c6_Drivers/LCD_Driver/LCD.o
 .debug_macro   0x0000000000000000       0x35 Stm32_f103c6_Drivers/LCD_Driver/LCD.o
 .debug_macro   0x0000000000000000       0x10 Stm32_f103c6_Drivers/LCD_Driver/LCD.o
 .debug_macro   0x0000000000000000       0x10 Stm32_f103c6_Drivers/LCD_Driver/LCD.o
 .debug_macro   0x0000000000000000       0x6a Stm32_f103c6_Drivers/LCD_Driver/LCD.o
 .debug_macro   0x0000000000000000       0x1c Stm32_f103c6_Drivers/LCD_Driver/LCD.o
 .debug_macro   0x0000000000000000       0x52 Stm32_f103c6_Drivers/LCD_Driver/LCD.o
 .debug_macro   0x0000000000000000       0x40 Stm32_f103c6_Drivers/LCD_Driver/LCD.o
 .debug_macro   0x0000000000000000       0x10 Stm32_f103c6_Drivers/LCD_Driver/LCD.o
 .debug_macro   0x0000000000000000       0x40 Stm32_f103c6_Drivers/LCD_Driver/LCD.o
 .debug_macro   0x0000000000000000       0xd7 Stm32_f103c6_Drivers/LCD_Driver/LCD.o
 .debug_macro   0x0000000000000000       0x1c Stm32_f103c6_Drivers/LCD_Driver/LCD.o
 .debug_macro   0x0000000000000000       0x3d Stm32_f103c6_Drivers/LCD_Driver/LCD.o
 .debug_macro   0x0000000000000000       0x16 Stm32_f103c6_Drivers/LCD_Driver/LCD.o
 .debug_macro   0x0000000000000000      0x145 Stm32_f103c6_Drivers/LCD_Driver/LCD.o
 .debug_macro   0x0000000000000000       0xef Stm32_f103c6_Drivers/LCD_Driver/LCD.o
 .debug_macro   0x0000000000000000      0x1df Stm32_f103c6_Drivers/LCD_Driver/LCD.o
 .debug_macro   0x0000000000000000       0xaf Stm32_f103c6_Drivers/LCD_Driver/LCD.o
 .debug_macro   0x0000000000000000       0xd0 Stm32_f103c6_Drivers/LCD_Driver/LCD.o
 .debug_macro   0x0000000000000000       0x94 Stm32_f103c6_Drivers/LCD_Driver/LCD.o
 .group         0x0000000000000000        0xc Stm32_f103c6_Drivers/Stm32_f103c6_Drivers_Gpio.o
 .group         0x0000000000000000        0xc Stm32_f103c6_Drivers/Stm32_f103c6_Drivers_Gpio.o
 .group         0x0000000000000000        0xc Stm32_f103c6_Drivers/Stm32_f103c6_Drivers_Gpio.o
 .group         0x0000000000000000        0xc Stm32_f103c6_Drivers/Stm32_f103c6_Drivers_Gpio.o
 .group         0x0000000000000000        0xc Stm32_f103c6_Drivers/Stm32_f103c6_Drivers_Gpio.o
 .group         0x0000000000000000        0xc Stm32_f103c6_Drivers/Stm32_f103c6_Drivers_Gpio.o
 .group         0x0000000000000000        0xc Stm32_f103c6_Drivers/Stm32_f103c6_Drivers_Gpio.o
 .group         0x0000000000000000        0xc Stm32_f103c6_Drivers/Stm32_f103c6_Drivers_Gpio.o
 .group         0x0000000000000000        0xc Stm32_f103c6_Drivers/Stm32_f103c6_Drivers_Gpio.o
 .group         0x0000000000000000        0xc Stm32_f103c6_Drivers/Stm32_f103c6_Drivers_Gpio.o
 .group         0x0000000000000000        0xc Stm32_f103c6_Drivers/Stm32_f103c6_Drivers_Gpio.o
 .group         0x0000000000000000        0xc Stm32_f103c6_Drivers/Stm32_f103c6_Drivers_Gpio.o
 .group         0x0000000000000000        0xc Stm32_f103c6_Drivers/Stm32_f103c6_Drivers_Gpio.o
 .group         0x0000000000000000        0xc Stm32_f103c6_Drivers/Stm32_f103c6_Drivers_Gpio.o
 .group         0x0000000000000000        0xc Stm32_f103c6_Drivers/Stm32_f103c6_Drivers_Gpio.o
 .group         0x0000000000000000        0xc Stm32_f103c6_Drivers/Stm32_f103c6_Drivers_Gpio.o
 .group         0x0000000000000000        0xc Stm32_f103c6_Drivers/Stm32_f103c6_Drivers_Gpio.o
 .group         0x0000000000000000        0xc Stm32_f103c6_Drivers/Stm32_f103c6_Drivers_Gpio.o
 .group         0x0000000000000000        0xc Stm32_f103c6_Drivers/Stm32_f103c6_Drivers_Gpio.o
 .group         0x0000000000000000        0xc Stm32_f103c6_Drivers/Stm32_f103c6_Drivers_Gpio.o
 .group         0x0000000000000000        0xc Stm32_f103c6_Drivers/Stm32_f103c6_Drivers_Gpio.o
 .group         0x0000000000000000        0xc Stm32_f103c6_Drivers/Stm32_f103c6_Drivers_Gpio.o
 .group         0x0000000000000000        0xc Stm32_f103c6_Drivers/Stm32_f103c6_Drivers_Gpio.o
 .group         0x0000000000000000        0xc Stm32_f103c6_Drivers/Stm32_f103c6_Drivers_Gpio.o
 .text          0x0000000000000000        0x0 Stm32_f103c6_Drivers/Stm32_f103c6_Drivers_Gpio.o
 .data          0x0000000000000000        0x0 Stm32_f103c6_Drivers/Stm32_f103c6_Drivers_Gpio.o
 .bss           0x0000000000000000        0x0 Stm32_f103c6_Drivers/Stm32_f103c6_Drivers_Gpio.o
 .text.Get_IDR_Position
                0x0000000000000000       0xc6 Stm32_f103c6_Drivers/Stm32_f103c6_Drivers_Gpio.o
 .text.MCAL_GPIO_DeINIT
                0x0000000000000000       0xd4 Stm32_f103c6_Drivers/Stm32_f103c6_Drivers_Gpio.o
 .text.MCAL_GPIO_ReadPin
                0x0000000000000000       0x3c Stm32_f103c6_Drivers/Stm32_f103c6_Drivers_Gpio.o
 .text.MCAL_GPIO_ReadPort
                0x0000000000000000       0x1a Stm32_f103c6_Drivers/Stm32_f103c6_Drivers_Gpio.o
 .text.MCAL_GPIO_TogglePin
                0x0000000000000000       0x22 Stm32_f103c6_Drivers/Stm32_f103c6_Drivers_Gpio.o
 .text.MCAL_GPIO_LOCKPin
                0x0000000000000000       0x4e Stm32_f103c6_Drivers/Stm32_f103c6_Drivers_Gpio.o
 .debug_macro   0x0000000000000000      0xa60 Stm32_f103c6_Drivers/Stm32_f103c6_Drivers_Gpio.o
 .debug_macro   0x0000000000000000       0x18 Stm32_f103c6_Drivers/Stm32_f103c6_Drivers_Gpio.o
 .debug_macro   0x0000000000000000       0x22 Stm32_f103c6_Drivers/Stm32_f103c6_Drivers_Gpio.o
 .debug_macro   0x0000000000000000       0x40 Stm32_f103c6_Drivers/Stm32_f103c6_Drivers_Gpio.o
 .debug_macro   0x0000000000000000       0x94 Stm32_f103c6_Drivers/Stm32_f103c6_Drivers_Gpio.o
 .debug_macro   0x0000000000000000       0x3c Stm32_f103c6_Drivers/Stm32_f103c6_Drivers_Gpio.o
 .debug_macro   0x0000000000000000       0x34 Stm32_f103c6_Drivers/Stm32_f103c6_Drivers_Gpio.o
 .debug_macro   0x0000000000000000       0x16 Stm32_f103c6_Drivers/Stm32_f103c6_Drivers_Gpio.o
 .debug_macro   0x0000000000000000      0x10e Stm32_f103c6_Drivers/Stm32_f103c6_Drivers_Gpio.o
 .debug_macro   0x0000000000000000       0x8d Stm32_f103c6_Drivers/Stm32_f103c6_Drivers_Gpio.o
 .debug_macro   0x0000000000000000       0x57 Stm32_f103c6_Drivers/Stm32_f103c6_Drivers_Gpio.o
 .debug_macro   0x0000000000000000       0x52 Stm32_f103c6_Drivers/Stm32_f103c6_Drivers_Gpio.o
 .debug_macro   0x0000000000000000       0x1f Stm32_f103c6_Drivers/Stm32_f103c6_Drivers_Gpio.o
 .debug_macro   0x0000000000000000       0x43 Stm32_f103c6_Drivers/Stm32_f103c6_Drivers_Gpio.o
 .debug_macro   0x0000000000000000       0x20 Stm32_f103c6_Drivers/Stm32_f103c6_Drivers_Gpio.o
 .debug_macro   0x0000000000000000      0x1a3 Stm32_f103c6_Drivers/Stm32_f103c6_Drivers_Gpio.o
 .debug_macro   0x0000000000000000      0x330 Stm32_f103c6_Drivers/Stm32_f103c6_Drivers_Gpio.o
 .debug_macro   0x0000000000000000       0x16 Stm32_f103c6_Drivers/Stm32_f103c6_Drivers_Gpio.o
 .debug_macro   0x0000000000000000       0x29 Stm32_f103c6_Drivers/Stm32_f103c6_Drivers_Gpio.o
 .debug_macro   0x0000000000000000       0xef Stm32_f103c6_Drivers/Stm32_f103c6_Drivers_Gpio.o
 .debug_macro   0x0000000000000000       0x6a Stm32_f103c6_Drivers/Stm32_f103c6_Drivers_Gpio.o
 .debug_macro   0x0000000000000000      0x1df Stm32_f103c6_Drivers/Stm32_f103c6_Drivers_Gpio.o
 .debug_macro   0x0000000000000000       0xaf Stm32_f103c6_Drivers/Stm32_f103c6_Drivers_Gpio.o
 .debug_macro   0x0000000000000000       0xd0 Stm32_f103c6_Drivers/Stm32_f103c6_Drivers_Gpio.o
 .text          0x0000000000000000        0x0 c:/st/stm32cubeide_1.4.0/stm32cubeide/plugins/com.st.stm32cube.ide.mcu.externaltools.gnu-tools-for-stm32.7-2018-q2-update.win32_1.4.0.202007081208/tools/bin/../lib/gcc/arm-none-eabi/7.3.1/../../../../arm-none-eabi/lib/thumb/v7-m\libc_nano.a(lib_a-errno.o)
 .data          0x0000000000000000        0x0 c:/st/stm32cubeide_1.4.0/stm32cubeide/plugins/com.st.stm32cube.ide.mcu.externaltools.gnu-tools-for-stm32.7-2018-q2-update.win32_1.4.0.202007081208/tools/bin/../lib/gcc/arm-none-eabi/7.3.1/../../../../arm-none-eabi/lib/thumb/v7-m\libc_nano.a(lib_a-errno.o)
 .bss           0x0000000000000000        0x0 c:/st/stm32cubeide_1.4.0/stm32cubeide/plugins/com.st.stm32cube.ide.mcu.externaltools.gnu-tools-for-stm32.7-2018-q2-update.win32_1.4.0.202007081208/tools/bin/../lib/gcc/arm-none-eabi/7.3.1/../../../../arm-none-eabi/lib/thumb/v7-m\libc_nano.a(lib_a-errno.o)
 .text.__errno  0x0000000000000000        0xc c:/st/stm32cubeide_1.4.0/stm32cubeide/plugins/com.st.stm32cube.ide.mcu.externaltools.gnu-tools-for-stm32.7-2018-q2-update.win32_1.4.0.202007081208/tools/bin/../lib/gcc/arm-none-eabi/7.3.1/../../../../arm-none-eabi/lib/thumb/v7-m\libc_nano.a(lib_a-errno.o)
 .debug_frame   0x0000000000000000       0x20 c:/st/stm32cubeide_1.4.0/stm32cubeide/plugins/com.st.stm32cube.ide.mcu.externaltools.gnu-tools-for-stm32.7-2018-q2-update.win32_1.4.0.202007081208/tools/bin/../lib/gcc/arm-none-eabi/7.3.1/../../../../arm-none-eabi/lib/thumb/v7-m\libc_nano.a(lib_a-errno.o)
 .ARM.attributes
                0x0000000000000000       0x2d c:/st/stm32cubeide_1.4.0/stm32cubeide/plugins/com.st.stm32cube.ide.mcu.externaltools.gnu-tools-for-stm32.7-2018-q2-update.win32_1.4.0.202007081208/tools/bin/../lib/gcc/arm-none-eabi/7.3.1/../../../../arm-none-eabi/lib/thumb/v7-m\libc_nano.a(lib_a-errno.o)
 .text          0x0000000000000000        0x0 c:/st/stm32cubeide_1.4.0/stm32cubeide/plugins/com.st.stm32cube.ide.mcu.externaltools.gnu-tools-for-stm32.7-2018-q2-update.win32_1.4.0.202007081208/tools/bin/../lib/gcc/arm-none-eabi/7.3.1/../../../../arm-none-eabi/lib/thumb/v7-m\libc_nano.a(lib_a-exit.o)
 .data          0x0000000000000000        0x0 c:/st/stm32cubeide_1.4.0/stm32cubeide/plugins/com.st.stm32cube.ide.mcu.externaltools.gnu-tools-for-stm32.7-2018-q2-update.win32_1.4.0.202007081208/tools/bin/../lib/gcc/arm-none-eabi/7.3.1/../../../../arm-none-eabi/lib/thumb/v7-m\libc_nano.a(lib_a-exit.o)
 .bss           0x0000000000000000        0x0 c:/st/stm32cubeide_1.4.0/stm32cubeide/plugins/com.st.stm32cube.ide.mcu.externaltools.gnu-tools-for-stm32.7-2018-q2-update.win32_1.4.0.202007081208/tools/bin/../lib/gcc/arm-none-eabi/7.3.1/../../../../arm-none-eabi/lib/thumb/v7-m\libc_nano.a(lib_a-exit.o)
 .text.exit     0x0000000000000000       0x28 c:/st/stm32cubeide_1.4.0/stm32cubeide/plugins/com.st.stm32cube.ide.mcu.externaltools.gnu-tools-for-stm32.7-2018-q2-update.win32_1.4.0.202007081208/tools/bin/../lib/gcc/arm-none-eabi/7.3.1/../../../../arm-none-eabi/lib/thumb/v7-m\libc_nano.a(lib_a-exit.o)
 .debug_frame   0x0000000000000000       0x28 c:/st/stm32cubeide_1.4.0/stm32cubeide/plugins/com.st.stm32cube.ide.mcu.externaltools.gnu-tools-for-stm32.7-2018-q2-update.win32_1.4.0.202007081208/tools/bin/../lib/gcc/arm-none-eabi/7.3.1/../../../../arm-none-eabi/lib/thumb/v7-m\libc_nano.a(lib_a-exit.o)
 .ARM.attributes
                0x0000000000000000       0x2d c:/st/stm32cubeide_1.4.0/stm32cubeide/plugins/com.st.stm32cube.ide.mcu.externaltools.gnu-tools-for-stm32.7-2018-q2-update.win32_1.4.0.202007081208/tools/bin/../lib/gcc/arm-none-eabi/7.3.1/../../../../arm-none-eabi/lib/thumb/v7-m\libc_nano.a(lib_a-exit.o)
 .text          0x0000000000000000        0x0 c:/st/stm32cubeide_1.4.0/stm32cubeide/plugins/com.st.stm32cube.ide.mcu.externaltools.gnu-tools-for-stm32.7-2018-q2-update.win32_1.4.0.202007081208/tools/bin/../lib/gcc/arm-none-eabi/7.3.1/../../../../arm-none-eabi/lib/thumb/v7-m\libc_nano.a(lib_a-impure.o)
 .data          0x0000000000000000        0x0 c:/st/stm32cubeide_1.4.0/stm32cubeide/plugins/com.st.stm32cube.ide.mcu.externaltools.gnu-tools-for-stm32.7-2018-q2-update.win32_1.4.0.202007081208/tools/bin/../lib/gcc/arm-none-eabi/7.3.1/../../../../arm-none-eabi/lib/thumb/v7-m\libc_nano.a(lib_a-impure.o)
 .bss           0x0000000000000000        0x0 c:/st/stm32cubeide_1.4.0/stm32cubeide/plugins/com.st.stm32cube.ide.mcu.externaltools.gnu-tools-for-stm32.7-2018-q2-update.win32_1.4.0.202007081208/tools/bin/../lib/gcc/arm-none-eabi/7.3.1/../../../../arm-none-eabi/lib/thumb/v7-m\libc_nano.a(lib_a-impure.o)
 .data._impure_ptr
                0x0000000000000000        0x4 c:/st/stm32cubeide_1.4.0/stm32cubeide/plugins/com.st.stm32cube.ide.mcu.externaltools.gnu-tools-for-stm32.7-2018-q2-update.win32_1.4.0.202007081208/tools/bin/../lib/gcc/arm-none-eabi/7.3.1/../../../../arm-none-eabi/lib/thumb/v7-m\libc_nano.a(lib_a-impure.o)
 .data.impure_data
                0x0000000000000000       0x60 c:/st/stm32cubeide_1.4.0/stm32cubeide/plugins/com.st.stm32cube.ide.mcu.externaltools.gnu-tools-for-stm32.7-2018-q2-update.win32_1.4.0.202007081208/tools/bin/../lib/gcc/arm-none-eabi/7.3.1/../../../../arm-none-eabi/lib/thumb/v7-m\libc_nano.a(lib_a-impure.o)
 .rodata._global_impure_ptr
                0x0000000000000000        0x4 c:/st/stm32cubeide_1.4.0/stm32cubeide/plugins/com.st.stm32cube.ide.mcu.externaltools.gnu-tools-for-stm32.7-2018-q2-update.win32_1.4.0.202007081208/tools/bin/../lib/gcc/arm-none-eabi/7.3.1/../../../../arm-none-eabi/lib/thumb/v7-m\libc_nano.a(lib_a-impure.o)
 .ARM.attributes
                0x0000000000000000       0x2d c:/st/stm32cubeide_1.4.0/stm32cubeide/plugins/com.st.stm32cube.ide.mcu.externaltools.gnu-tools-for-stm32.7-2018-q2-update.win32_1.4.0.202007081208/tools/bin/../lib/gcc/arm-none-eabi/7.3.1/../../../../arm-none-eabi/lib/thumb/v7-m\libc_nano.a(lib_a-impure.o)
 .text          0x0000000000000000        0x0 c:/st/stm32cubeide_1.4.0/stm32cubeide/plugins/com.st.stm32cube.ide.mcu.externaltools.gnu-tools-for-stm32.7-2018-q2-update.win32_1.4.0.202007081208/tools/bin/../lib/gcc/arm-none-eabi/7.3.1/../../../../arm-none-eabi/lib/thumb/v7-m\libc_nano.a(lib_a-init.o)
 .data          0x0000000000000000        0x0 c:/st/stm32cubeide_1.4.0/stm32cubeide/plugins/com.st.stm32cube.ide.mcu.externaltools.gnu-tools-for-stm32.7-2018-q2-update.win32_1.4.0.202007081208/tools/bin/../lib/gcc/arm-none-eabi/7.3.1/../../../../arm-none-eabi/lib/thumb/v7-m\libc_nano.a(lib_a-init.o)
 .bss           0x0000000000000000        0x0 c:/st/stm32cubeide_1.4.0/stm32cubeide/plugins/com.st.stm32cube.ide.mcu.externaltools.gnu-tools-for-stm32.7-2018-q2-update.win32_1.4.0.202007081208/tools/bin/../lib/gcc/arm-none-eabi/7.3.1/../../../../arm-none-eabi/lib/thumb/v7-m\libc_nano.a(lib_a-init.o)
 .text          0x0000000000000000        0x0 c:/st/stm32cubeide_1.4.0/stm32cubeide/plugins/com.st.stm32cube.ide.mcu.externaltools.gnu-tools-for-stm32.7-2018-q2-update.win32_1.4.0.202007081208/tools/bin/../lib/gcc/arm-none-eabi/7.3.1/../../../../arm-none-eabi/lib/thumb/v7-m\libc_nano.a(lib_a-memset.o)
 .data          0x0000000000000000        0x0 c:/st/stm32cubeide_1.4.0/stm32cubeide/plugins/com.st.stm32cube.ide.mcu.externaltools.gnu-tools-for-stm32.7-2018-q2-update.win32_1.4.0.202007081208/tools/bin/../lib/gcc/arm-none-eabi/7.3.1/../../../../arm-none-eabi/lib/thumb/v7-m\libc_nano.a(lib_a-memset.o)
 .bss           0x0000000000000000        0x0 c:/st/stm32cubeide_1.4.0/stm32cubeide/plugins/com.st.stm32cube.ide.mcu.externaltools.gnu-tools-for-stm32.7-2018-q2-update.win32_1.4.0.202007081208/tools/bin/../lib/gcc/arm-none-eabi/7.3.1/../../../../arm-none-eabi/lib/thumb/v7-m\libc_nano.a(lib_a-memset.o)
 .text.memset   0x0000000000000000       0x10 c:/st/stm32cubeide_1.4.0/stm32cubeide/plugins/com.st.stm32cube.ide.mcu.externaltools.gnu-tools-for-stm32.7-2018-q2-update.win32_1.4.0.202007081208/tools/bin/../lib/gcc/arm-none-eabi/7.3.1/../../../../arm-none-eabi/lib/thumb/v7-m\libc_nano.a(lib_a-memset.o)
 .debug_frame   0x0000000000000000       0x20 c:/st/stm32cubeide_1.4.0/stm32cubeide/plugins/com.st.stm32cube.ide.mcu.externaltools.gnu-tools-for-stm32.7-2018-q2-update.win32_1.4.0.202007081208/tools/bin/../lib/gcc/arm-none-eabi/7.3.1/../../../../arm-none-eabi/lib/thumb/v7-m\libc_nano.a(lib_a-memset.o)
 .ARM.attributes
                0x0000000000000000       0x2d c:/st/stm32cubeide_1.4.0/stm32cubeide/plugins/com.st.stm32cube.ide.mcu.externaltools.gnu-tools-for-stm32.7-2018-q2-update.win32_1.4.0.202007081208/tools/bin/../lib/gcc/arm-none-eabi/7.3.1/../../../../arm-none-eabi/lib/thumb/v7-m\libc_nano.a(lib_a-memset.o)
 .text          0x0000000000000000        0x0 c:/st/stm32cubeide_1.4.0/stm32cubeide/plugins/com.st.stm32cube.ide.mcu.externaltools.gnu-tools-for-stm32.7-2018-q2-update.win32_1.4.0.202007081208/tools/bin/../lib/gcc/arm-none-eabi/7.3.1/thumb/v7-m/crtend.o
 .data          0x0000000000000000        0x0 c:/st/stm32cubeide_1.4.0/stm32cubeide/plugins/com.st.stm32cube.ide.mcu.externaltools.gnu-tools-for-stm32.7-2018-q2-update.win32_1.4.0.202007081208/tools/bin/../lib/gcc/arm-none-eabi/7.3.1/thumb/v7-m/crtend.o
 .bss           0x0000000000000000        0x0 c:/st/stm32cubeide_1.4.0/stm32cubeide/plugins/com.st.stm32cube.ide.mcu.externaltools.gnu-tools-for-stm32.7-2018-q2-update.win32_1.4.0.202007081208/tools/bin/../lib/gcc/arm-none-eabi/7.3.1/thumb/v7-m/crtend.o
 .eh_frame      0x0000000000000000        0x4 c:/st/stm32cubeide_1.4.0/stm32cubeide/plugins/com.st.stm32cube.ide.mcu.externaltools.gnu-tools-for-stm32.7-2018-q2-update.win32_1.4.0.202007081208/tools/bin/../lib/gcc/arm-none-eabi/7.3.1/thumb/v7-m/crtend.o
 .ARM.attributes
                0x0000000000000000       0x2d c:/st/stm32cubeide_1.4.0/stm32cubeide/plugins/com.st.stm32cube.ide.mcu.externaltools.gnu-tools-for-stm32.7-2018-q2-update.win32_1.4.0.202007081208/tools/bin/../lib/gcc/arm-none-eabi/7.3.1/thumb/v7-m/crtend.o
 .text          0x0000000000000000        0x0 c:/st/stm32cubeide_1.4.0/stm32cubeide/plugins/com.st.stm32cube.ide.mcu.externaltools.gnu-tools-for-stm32.7-2018-q2-update.win32_1.4.0.202007081208/tools/bin/../lib/gcc/arm-none-eabi/7.3.1/thumb/v7-m/crtn.o
 .data          0x0000000000000000        0x0 c:/st/stm32cubeide_1.4.0/stm32cubeide/plugins/com.st.stm32cube.ide.mcu.externaltools.gnu-tools-for-stm32.7-2018-q2-update.win32_1.4.0.202007081208/tools/bin/../lib/gcc/arm-none-eabi/7.3.1/thumb/v7-m/crtn.o
 .bss           0x0000000000000000        0x0 c:/st/stm32cubeide_1.4.0/stm32cubeide/plugins/com.st.stm32cube.ide.mcu.externaltools.gnu-tools-for-stm32.7-2018-q2-update.win32_1.4.0.202007081208/tools/bin/../lib/gcc/arm-none-eabi/7.3.1/thumb/v7-m/crtn.o

Memory Configuration

Name             Origin             Length             Attributes
RAM              0x0000000020000000 0x0000000000002800 xrw
ROM              0x0000000008000000 0x0000000000008000 xr
*default*        0x0000000000000000 0xffffffffffffffff

Linker script and memory map

LOAD c:/st/stm32cubeide_1.4.0/stm32cubeide/plugins/com.st.stm32cube.ide.mcu.externaltools.gnu-tools-for-stm32.7-2018-q2-update.win32_1.4.0.202007081208/tools/bin/../lib/gcc/arm-none-eabi/7.3.1/thumb/v7-m/crti.o
LOAD c:/st/stm32cubeide_1.4.0/stm32cubeide/plugins/com.st.stm32cube.ide.mcu.externaltools.gnu-tools-for-stm32.7-2018-q2-update.win32_1.4.0.202007081208/tools/bin/../lib/gcc/arm-none-eabi/7.3.1/thumb/v7-m/crtbegin.o
LOAD c:/st/stm32cubeide_1.4.0/stm32cubeide/plugins/com.st.stm32cube.ide.mcu.externaltools.gnu-tools-for-stm32.7-2018-q2-update.win32_1.4.0.202007081208/tools/bin/../lib/gcc/arm-none-eabi/7.3.1/../../../../arm-none-eabi/lib/thumb/v7-m/crt0.o
LOAD Src/main.o
LOAD Src/syscalls.o
LOAD Src/sysmem.o
LOAD Startup/startup_stm32f103c6tx.o
LOAD Stm32_f103c6_Drivers/KeyPad_Driver/KEY_PAD.o
LOAD Stm32_f103c6_Drivers/LCD_Driver/LCD.o
LOAD Stm32_f103c6_Drivers/Stm32_f103c6_Drivers_Gpio.o
START GROUP
LOAD c:/st/stm32cubeide_1.4.0/stm32cubeide/plugins/com.st.stm32cube.ide.mcu.externaltools.gnu-tools-for-stm32.7-2018-q2-update.win32_1.4.0.202007081208/tools/bin/../lib/gcc/arm-none-eabi/7.3.1/../../../../arm-none-eabi/lib/thumb/v7-m\libc_nano.a
LOAD c:/st/stm32cubeide_1.4.0/stm32cubeide/plugins/com.st.stm32cube.ide.mcu.externaltools.gnu-tools-for-stm32.7-2018-q2-update.win32_1.4.0.202007081208/tools/bin/../lib/gcc/arm-none-eabi/7.3.1/../../../../arm-none-eabi/lib/thumb/v7-m\libm.a
END GROUP
START GROUP
LOAD c:/st/stm32cubeide_1.4.0/stm32cubeide/plugins/com.st.stm32cube.ide.mcu.externaltools.gnu-tools-for-stm32.7-2018-q2-update.win32_1.4.0.202007081208/tools/bin/../lib/gcc/arm-none-eabi/7.3.1/thumb/v7-m\libgcc.a
LOAD c:/st/stm32cubeide_1.4.0/stm32cubeide/plugins/com.st.stm32cube.ide.mcu.externaltools.gnu-tools-for-stm32.7-2018-q2-update.win32_1.4.0.202007081208/tools/bin/../lib/gcc/arm-none-eabi/7.3.1/../../../../arm-none-eabi/lib/thumb/v7-m\libg_nano.a
LOAD c:/st/stm32cubeide_1.4.0/stm32cubeide/plugins/com.st.stm32cube.ide.mcu.externaltools.gnu-tools-for-stm32.7-2018-q2-update.win32_1.4.0.202007081208/tools/bin/../lib/gcc/arm-none-eabi/7.3.1/../../../../arm-none-eabi/lib/thumb/v7-m\libc_nano.a
END GROUP
START GROUP
LOAD c:/st/stm32cubeide_1.4.0/stm32cubeide/plugins/com.st.stm32cube.ide.mcu.externaltools.gnu-tools-for-stm32.7-2018-q2-update.win32_1.4.0.202007081208/tools/bin/../lib/gcc/arm-none-eabi/7.3.1/thumb/v7-m\libgcc.a
LOAD c:/st/stm32cubeide_1.4.0/stm32cubeide/plugins/com.st.stm32cube.ide.mcu.externaltools.gnu-tools-for-stm32.7-2018-q2-update.win32_1.4.0.202007081208/tools/bin/../lib/gcc/arm-none-eabi/7.3.1/../../../../arm-none-eabi/lib/thumb/v7-m\libc_nano.a
LOAD c:/st/stm32cubeide_1.4.0/stm32cubeide/plugins/com.st.stm32cube.ide.mcu.externaltools.gnu-tools-for-stm32.7-2018-q2-update.win32_1.4.0.202007081208/tools/bin/../lib/gcc/arm-none-eabi/7.3.1/../../../../arm-none-eabi/lib/thumb/v7-m\libnosys.a
END GROUP
START GROUP
LOAD c:/st/stm32cubeide_1.4.0/stm32cubeide/plugins/com.st.stm32cube.ide.mcu.externaltools.gnu-tools-for-stm32.7-2018-q2-update.win32_1.4.0.202007081208/tools/bin/../lib/gcc/arm-none-eabi/7.3.1/thumb/v7-m\libgcc.a
LOAD c:/st/stm32cubeide_1.4.0/stm32cubeide/plugins/com.st.stm32cube.ide.mcu.externaltools.gnu-tools-for-stm32.7-2018-q2-update.win32_1.4.0.202007081208/tools/bin/../lib/gcc/arm-none-eabi/7.3.1/../../../../arm-none-eabi/lib/thumb/v7-m\libc_nano.a
LOAD c:/st/stm32cubeide_1.4.0/stm32cubeide/plugins/com.st.stm32cube.ide.mcu.externaltools.gnu-tools-for-stm32.7-2018-q2-update.win32_1.4.0.202007081208/tools/bin/../lib/gcc/arm-none-eabi/7.3.1/../../../../arm-none-eabi/lib/thumb/v7-m\libnosys.a
END GROUP
LOAD c:/st/stm32cubeide_1.4.0/stm32cubeide/plugins/com.st.stm32cube.ide.mcu.externaltools.gnu-tools-for-stm32.7-2018-q2-update.win32_1.4.0.202007081208/tools/bin/../lib/gcc/arm-none-eabi/7.3.1/thumb/v7-m/crtend.o
LOAD c:/st/stm32cubeide_1.4.0/stm32cubeide/plugins/com.st.stm32cube.ide.mcu.externaltools.gnu-tools-for-stm32.7-2018-q2-update.win32_1.4.0.202007081208/tools/bin/../lib/gcc/arm-none-eabi/7.3.1/thumb/v7-m/crtn.o
                0x0000000020002800                _estack = (ORIGIN (RAM) + LENGTH (RAM))
                0x0000000000000200                _Min_Heap_Size = 0x200
                0x0000000000000400                _Min_Stack_Size = 0x400

.isr_vector     0x0000000008000000      0x130
                0x0000000008000000                . = ALIGN (0x4)
 *(.isr_vector)
 .isr_vector    0x0000000008000000      0x130 Startup/startup_stm32f103c6tx.o
                0x0000000008000000                g_pfnVectors
                0x0000000008000130                . = ALIGN (0x4)

.text           0x0000000008000130      0x664
                0x0000000008000130                . = ALIGN (0x4)
 *(.text)
 .text          0x0000000008000130       0x40 c:/st/stm32cubeide_1.4.0/stm32cubeide/plugins/com.st.stm32cube.ide.mcu.externaltools.gnu-tools-for-stm32.7-2018-q2-update.win32_1.4.0.202007081208/tools/bin/../lib/gcc/arm-none-eabi/7.3.1/thumb/v7-m/crtbegin.o
 *(.text*)
 .text.LCD_Send_String
                0x0000000008000170       0x58 Src/main.o
                0x0000000008000170                LCD_Send_String
 .text.clock_Init
                0x00000000080001c8       0x28 Src/main.o
                0x00000000080001c8                clock_Init
 .text.my_wait  0x00000000080001f0       0x3a Src/main.o
                0x00000000080001f0                my_wait
 *fill*         0x000000000800022a        0x2 
 .text.main     0x000000000800022c       0x44 Src/main.o
                0x000000000800022c                main
 .text.Reset_Handler
                0x0000000008000270       0x50 Startup/startup_stm32f103c6tx.o
                0x0000000008000270                Reset_Handler
 .text.Default_Handler
                0x00000000080002c0        0x2 Startup/startup_stm32f103c6tx.o
                0x00000000080002c0                EXTI2_IRQHandler
                0x00000000080002c0                TIM8_TRG_COM_IRQHandler
                0x00000000080002c0                TIM8_CC_IRQHandler
                0x00000000080002c0                DebugMon_Handler
                0x00000000080002c0                TIM1_CC_IRQHandler
                0x00000000080002c0                HardFault_Handler
                0x00000000080002c0                TIM6_IRQHandler
                0x00000000080002c0                SysTick_Handler
                0x00000000080002c0                PVD_IRQHandler
                0x00000000080002c0                SDIO_IRQHandler
                0x00000000080002c0                PendSV_Handler
                0x00000000080002c0                NMI_Handler
                0x00000000080002c0                EXTI3_IRQHandler
                0x00000000080002c0                USB_HP_CAN_TX_IRQHandler
                0x00000000080002c0                EXTI0_IRQHandler
                0x00000000080002c0                I2C2_EV_IRQHandler
                0x00000000080002c0                UsageFault_Handler
                0x00000000080002c0                ADC1_2_IRQHandler
                0x00000000080002c0                SPI1_IRQHandler
                0x00000000080002c0                CAN_SCE_IRQHandler
                0x00000000080002c0                TAMPER_IRQHandler
                0x00000000080002c0                TIM8_UP_IRQHandler
                0x00000000080002c0                DMA2_Channel2_IRQHandler
                0x00000000080002c0                DMA1_Channel4_IRQHandler
                0x00000000080002c0                USART3_IRQHandler
                0x00000000080002c0                RTC_IRQHandler
                0x00000000080002c0                DMA1_Channel7_IRQHandler
                0x00000000080002c0                UART5_IRQHandler
                0x00000000080002c0                ADC3_IRQHandler
                0x00000000080002c0                TIM4_IRQHandler
                0x00000000080002c0                CAN_RX1_IRQHandler
                0x00000000080002c0                DMA2_Channel1_IRQHandler
                0x00000000080002c0                I2C1_EV_IRQHandler
                0x00000000080002c0                DMA1_Channel6_IRQHandler
                0x00000000080002c0                UART4_IRQHandler
                0x00000000080002c0                TIM3_IRQHandler
                0x00000000080002c0                RCC_IRQHandler
                0x00000000080002c0                TIM1_TRG_COM_IRQHandler
                0x00000000080002c0                DMA1_Channel1_IRQHandler
                0x00000000080002c0                Default_Handler
                0x00000000080002c0                EXTI15_10_IRQHandler
                0x00000000080002c0                TIM7_IRQHandler
                0x00000000080002c0                TIM5_IRQHandler
                0x00000000080002c0                EXTI9_5_IRQHandler
                0x00000000080002c0                SPI2_IRQHandler
                0x00000000080002c0                USB_LP_CAN_RX0_IRQHandler
                0x00000000080002c0                MemManage_Handler
                0x00000000080002c0                SVC_Handler
                0x00000000080002c0                DMA1_Channel5_IRQHandler
                0x00000000080002c0                EXTI4_IRQHandler
                0x00000000080002c0                DMA1_Channel3_IRQHandler
                0x00000000080002c0                FSMC_IRQHandler
                0x00000000080002c0                TIM1_UP_IRQHandler
                0x00000000080002c0                WWDG_IRQHandler
                0x00000000080002c0                TIM2_IRQHandler
                0x00000000080002c0                TIM1_BRK_IRQHandler
                0x00000000080002c0                EXTI1_IRQHandler
                0x00000000080002c0                RTCAlarm_IRQHandler
                0x00000000080002c0                DMA2_Channel4_5_IRQHandler
                0x00000000080002c0                USART2_IRQHandler
                0x00000000080002c0                I2C2_ER_IRQHandler
                0x00000000080002c0                DMA1_Channel2_IRQHandler
                0x00000000080002c0                TIM8_BRK_IRQHandler
                0x00000000080002c0                FLASH_IRQHandler
                0x00000000080002c0                BusFault_Handler
                0x00000000080002c0                USART1_IRQHandler
                0x00000000080002c0                SPI3_IRQHandler
                0x00000000080002c0                I2C1_ER_IRQHandler
                0x00000000080002c0                DMA2_Channel3_IRQHandler
 .text.LCD_clear_screen
                0x00000000080002c2        0xe Stm32_f103c6_Drivers/LCD_Driver/LCD.o
                0x00000000080002c2                LCD_clear_screen
 .text.LCD_lcd_kick
                0x00000000080002d0       0x2c Stm32_f103c6_Drivers/LCD_Driver/LCD.o
                0x00000000080002d0                LCD_lcd_kick
 .text.LCD_GOTO_XY
                0x00000000080002fc       0x48 Stm32_f103c6_Drivers/LCD_Driver/LCD.o
                0x00000000080002fc                LCD_GOTO_XY
 .text.LCD_init
                0x0000000008000344      0x15c Stm32_f103c6_Drivers/LCD_Driver/LCD.o
                0x0000000008000344                LCD_init
 .text.LCD_Send_A_Command
                0x00000000080004a0       0x44 Stm32_f103c6_Drivers/LCD_Driver/LCD.o
                0x00000000080004a0                LCD_Send_A_Command
 .text.LCD_Send_A_Character
                0x00000000080004e4       0x44 Stm32_f103c6_Drivers/LCD_Driver/LCD.o
                0x00000000080004e4                LCD_Send_A_Character
 .text.Get_CRLH_Position
                0x0000000008000528       0xc6 Stm32_f103c6_Drivers/Stm32_f103c6_Drivers_Gpio.o
                0x0000000008000528                Get_CRLH_Position
 .text.MCAL_GPIO_INIT
                0x00000000080005ee       0xfa Stm32_f103c6_Drivers/Stm32_f103c6_Drivers_Gpio.o
                0x00000000080005ee                MCAL_GPIO_INIT
 .text.MCAL_GPIO_WritePin
                0x00000000080006e8       0x2e Stm32_f103c6_Drivers/Stm32_f103c6_Drivers_Gpio.o
                0x00000000080006e8                MCAL_GPIO_WritePin
 .text.MCAL_GPIO_WritePort
                0x0000000008000716       0x1c Stm32_f103c6_Drivers/Stm32_f103c6_Drivers_Gpio.o
                0x0000000008000716                MCAL_GPIO_WritePort
 *fill*         0x0000000008000732        0x2 
 .text.__libc_init_array
                0x0000000008000734       0x48 c:/st/stm32cubeide_1.4.0/stm32cubeide/plugins/com.st.stm32cube.ide.mcu.externaltools.gnu-tools-for-stm32.7-2018-q2-update.win32_1.4.0.202007081208/tools/bin/../lib/gcc/arm-none-eabi/7.3.1/../../../../arm-none-eabi/lib/thumb/v7-m\libc_nano.a(lib_a-init.o)
                0x0000000008000734                __libc_init_array
 *(.glue_7)
 .glue_7        0x000000000800077c        0x0 linker stubs
 *(.glue_7t)
 .glue_7t       0x000000000800077c        0x0 linker stubs
 *(.eh_frame)
 .eh_frame      0x000000000800077c        0x0 c:/st/stm32cubeide_1.4.0/stm32cubeide/plugins/com.st.stm32cube.ide.mcu.externaltools.gnu-tools-for-stm32.7-2018-q2-update.win32_1.4.0.202007081208/tools/bin/../lib/gcc/arm-none-eabi/7.3.1/thumb/v7-m/crtbegin.o
 *(.init)
 .init          0x000000000800077c        0x4 c:/st/stm32cubeide_1.4.0/stm32cubeide/plugins/com.st.stm32cube.ide.mcu.externaltools.gnu-tools-for-stm32.7-2018-q2-update.win32_1.4.0.202007081208/tools/bin/../lib/gcc/arm-none-eabi/7.3.1/thumb/v7-m/crti.o
                0x000000000800077c                _init
 .init          0x0000000008000780        0x8 c:/st/stm32cubeide_1.4.0/stm32cubeide/plugins/com.st.stm32cube.ide.mcu.externaltools.gnu-tools-for-stm32.7-2018-q2-update.win32_1.4.0.202007081208/tools/bin/../lib/gcc/arm-none-eabi/7.3.1/thumb/v7-m/crtn.o
 *(.fini)
 .fini          0x0000000008000788        0x4 c:/st/stm32cubeide_1.4.0/stm32cubeide/plugins/com.st.stm32cube.ide.mcu.externaltools.gnu-tools-for-stm32.7-2018-q2-update.win32_1.4.0.202007081208/tools/bin/../lib/gcc/arm-none-eabi/7.3.1/thumb/v7-m/crti.o
                0x0000000008000788                _fini
 .fini          0x000000000800078c        0x8 c:/st/stm32cubeide_1.4.0/stm32cubeide/plugins/com.st.stm32cube.ide.mcu.externaltools.gnu-tools-for-stm32.7-2018-q2-update.win32_1.4.0.202007081208/tools/bin/../lib/gcc/arm-none-eabi/7.3.1/thumb/v7-m/crtn.o
                0x0000000008000794                . = ALIGN (0x4)
                0x0000000008000794                _etext = .

.vfp11_veneer   0x0000000008000794        0x0
 .vfp11_veneer  0x0000000008000794        0x0 linker stubs

.v4_bx          0x0000000008000794        0x0
 .v4_bx         0x0000000008000794        0x0 linker stubs

.iplt           0x0000000008000794        0x0
 .iplt          0x0000000008000794        0x0 c:/st/stm32cubeide_1.4.0/stm32cubeide/plugins/com.st.stm32cube.ide.mcu.externaltools.gnu-tools-for-stm32.7-2018-q2-update.win32_1.4.0.202007081208/tools/bin/../lib/gcc/arm-none-eabi/7.3.1/thumb/v7-m/crtbegin.o

.rodata         0x0000000008000794       0x14
                0x0000000008000794                . = ALIGN (0x4)
 *(.rodata)
 .rodata        0x0000000008000794       0x14 Src/main.o
 *(.rodata*)
                0x00000000080007a8                . = ALIGN (0x4)

.rel.dyn        0x00000000080007a8        0x0
 .rel.iplt      0x00000000080007a8        0x0 c:/st/stm32cubeide_1.4.0/stm32cubeide/plugins/com.st.stm32cube.ide.mcu.externaltools.gnu-tools-for-stm32.7-2018-q2-update.win32_1.4.0.202007081208/tools/bin/../lib/gcc/arm-none-eabi/7.3.1/thumb/v7-m/crtbegin.o

.ARM.extab      0x00000000080007a8        0x0
                0x00000000080007a8                . = ALIGN (0x4)
 *(.ARM.extab* .gnu.linkonce.armextab.*)
                0x00000000080007a8                . = ALIGN (0x4)

.ARM            0x00000000080007a8        0x0
                0x00000000080007a8                . = ALIGN (0x4)
                0x00000000080007a8                __exidx_start = .
 *(.ARM.exidx*)
                0x00000000080007a8                __exidx_end = .
                0x00000000080007a8                . = ALIGN (0x4)

.preinit_array  0x00000000080007a8        0x0
                0x00000000080007a8                . = ALIGN (0x4)
                0x00000000080007a8                PROVIDE (__preinit_array_start = .)
 *(.preinit_array*)
                0x00000000080007a8                PROVIDE (__preinit_array_end = .)
                0x00000000080007a8                . = ALIGN (0x4)

.init_array     0x00000000080007a8        0x4
                0x00000000080007a8                . = ALIGN (0x4)
                0x00000000080007a8                PROVIDE (__init_array_start = .)
 *(SORT_BY_NAME(.init_array.*))
 *(.init_array*)
 .init_array    0x00000000080007a8        0x4 c:/st/stm32cubeide_1.4.0/stm32cubeide/plugins/com.st.stm32cube.ide.mcu.externaltools.gnu-tools-for-stm32.7-2018-q2-update.win32_1.4.0.202007081208/tools/bin/../lib/gcc/arm-none-eabi/7.3.1/thumb/v7-m/crtbegin.o
                0x00000000080007ac                PROVIDE (__init_array_end = .)
                0x00000000080007ac                . = ALIGN (0x4)

.fini_array     0x00000000080007ac        0x4
                0x00000000080007ac                . = ALIGN (0x4)
                [!provide]                        PROVIDE (__fini_array_start = .)
 *(SORT_BY_NAME(.fini_array.*))
 *(.fini_array*)
 .fini_array    0x00000000080007ac        0x4 c:/st/stm32cubeide_1.4.0/stm32cubeide/plugins/com.st.stm32cube.ide.mcu.externaltools.gnu-tools-for-stm32.7-2018-q2-update.win32_1.4.0.202007081208/tools/bin/../lib/gcc/arm-none-eabi/7.3.1/thumb/v7-m/crtbegin.o
                [!provide]                        PROVIDE (__fini_array_end = .)
                0x00000000080007b0                . = ALIGN (0x4)
                0x00000000080007b0                _sidata = LOADADDR (.data)

.data           0x0000000020000000        0x0 load address 0x00000000080007b0
                0x0000000020000000                . = ALIGN (0x4)
                0x0000000020000000                _sdata = .
 *(.data)
 *(.data*)
                0x0000000020000000                . = ALIGN (0x4)
                0x0000000020000000                _edata = .

.igot.plt       0x0000000020000000        0x0 load address 0x00000000080007b0
 .igot.plt      0x0000000020000000        0x0 c:/st/stm32cubeide_1.4.0/stm32cubeide/plugins/com.st.stm32cube.ide.mcu.externaltools.gnu-tools-for-stm32.7-2018-q2-update.win32_1.4.0.202007081208/tools/bin/../lib/gcc/arm-none-eabi/7.3.1/thumb/v7-m/crtbegin.o
                0x0000000020000000                . = ALIGN (0x4)

.bss            0x0000000020000000       0x20 load address 0x00000000080007b0
                0x0000000020000000                _sbss = .
                0x0000000020000000                __bss_start__ = _sbss
 *(.bss)
 .bss           0x0000000020000000       0x1c c:/st/stm32cubeide_1.4.0/stm32cubeide/plugins/com.st.stm32cube.ide.mcu.externaltools.gnu-tools-for-stm32.7-2018-q2-update.win32_1.4.0.202007081208/tools/bin/../lib/gcc/arm-none-eabi/7.3.1/thumb/v7-m/crtbegin.o
 *(.bss*)
 *(COMMON)
 COMMON         0x000000002000001c        0x4 Stm32_f103c6_Drivers/LCD_Driver/LCD.o
                0x000000002000001c                PinCfg
                0x0000000020000020                . = ALIGN (0x4)
                0x0000000020000020                _ebss = .
                0x0000000020000020                __bss_end__ = _ebss

._user_heap_stack
                0x0000000020000020      0x600 load address 0x00000000080007b0
                0x0000000020000020                . = ALIGN (0x8)
                [!provide]                        PROVIDE (end = .)
                0x0000000020000020                PROVIDE (_end = .)
                0x0000000020000220                . = (. + _Min_Heap_Size)
 *fill*         0x0000000020000020      0x200 
                0x0000000020000620                . = (. + _Min_Stack_Size)
 *fill*         0x0000000020000220      0x400 
                0x0000000020000620                . = ALIGN (0x8)

/DISCARD/
 libc.a(*)
 libm.a(*)
 libgcc.a(*)

.ARM.attributes
                0x0000000000000000       0x29
 *(.ARM.attributes)
 .ARM.attributes
                0x0000000000000000       0x1d c:/st/stm32cubeide_1.4.0/stm32cubeide/plugins/com.st.stm32cube.ide.mcu.externaltools.gnu-tools-for-stm32.7-2018-q2-update.win32_1.4.0.202007081208/tools/bin/../lib/gcc/arm-none-eabi/7.3.1/thumb/v7-m/crti.o
 .ARM.attributes
                0x000000000000001d       0x2d c:/st/stm32cubeide_1.4.0/stm32cubeide/plugins/com.st.stm32cube.ide.mcu.externaltools.gnu-tools-for-stm32.7-2018-q2-update.win32_1.4.0.202007081208/tools/bin/../lib/gcc/arm-none-eabi/7.3.1/thumb/v7-m/crtbegin.o
 .ARM.attributes
                0x000000000000004a       0x33 Src/main.o
 .ARM.attributes
                0x000000000000007d       0x21 Startup/startup_stm32f103c6tx.o
 .ARM.attributes
                0x000000000000009e       0x33 Stm32_f103c6_Drivers/LCD_Driver/LCD.o
 .ARM.attributes
                0x00000000000000d1       0x33 Stm32_f103c6_Drivers/Stm32_f103c6_Drivers_Gpio.o
 .ARM.attributes
                0x0000000000000104       0x2d c:/st/stm32cubeide_1.4.0/stm32cubeide/plugins/com.st.stm32cube.ide.mcu.externaltools.gnu-tools-for-stm32.7-2018-q2-update.win32_1.4.0.202007081208/tools/bin/../lib/gcc/arm-none-eabi/7.3.1/../../../../arm-none-eabi/lib/thumb/v7-m\libc_nano.a(lib_a-init.o)
 .ARM.attributes
                0x0000000000000131       0x1d c:/st/stm32cubeide_1.4.0/stm32cubeide/plugins/com.st.stm32cube.ide.mcu.externaltools.gnu-tools-for-stm32.7-2018-q2-update.win32_1.4.0.202007081208/tools/bin/../lib/gcc/arm-none-eabi/7.3.1/thumb/v7-m/crtn.o
OUTPUT(Stm32f103c6_Drivers.elf elf32-littlearm)

.debug_info     0x0000000000000000     0x2545
 .debug_info    0x0000000000000000      0xc5a Src/main.o
 .debug_info    0x0000000000000c5a       0x22 Startup/startup_stm32f103c6tx.o
 .debug_info    0x0000000000000c7c      0xb20 Stm32_f103c6_Drivers/LCD_Driver/LCD.o
 .debug_info    0x000000000000179c      0xda9 Stm32_f103c6_Drivers/Stm32_f103c6_Drivers_Gpio.o

.debug_abbrev   0x0000000000000000      0x667
 .debug_abbrev  0x0000000000000000      0x23a Src/main.o
 .debug_abbrev  0x000000000000023a       0x12 Startup/startup_stm32f103c6tx.o
 .debug_abbrev  0x000000000000024c      0x1cd Stm32_f103c6_Drivers/LCD_Driver/LCD.o
 .debug_abbrev  0x0000000000000419      0x24e Stm32_f103c6_Drivers/Stm32_f103c6_Drivers_Gpio.o

.debug_loc      0x0000000000000000      0x698
 .debug_loc     0x0000000000000000      0x178 Src/main.o
 .debug_loc     0x0000000000000178      0x1a0 Stm32_f103c6_Drivers/LCD_Driver/LCD.o
 .debug_loc     0x0000000000000318      0x380 Stm32_f103c6_Drivers/Stm32_f103c6_Drivers_Gpio.o

.debug_aranges  0x0000000000000000      0x120
 .debug_aranges
                0x0000000000000000       0x40 Src/main.o
 .debug_aranges
                0x0000000000000040       0x28 Startup/startup_stm32f103c6tx.o
 .debug_aranges
                0x0000000000000068       0x50 Stm32_f103c6_Drivers/LCD_Driver/LCD.o
 .debug_aranges
                0x00000000000000b8       0x68 Stm32_f103c6_Drivers/Stm32_f103c6_Drivers_Gpio.o

.debug_ranges   0x0000000000000000       0xe8
 .debug_ranges  0x0000000000000000       0x30 Src/main.o
 .debug_ranges  0x0000000000000030       0x20 Startup/startup_stm32f103c6tx.o
 .debug_ranges  0x0000000000000050       0x40 Stm32_f103c6_Drivers/LCD_Driver/LCD.o
 .debug_ranges  0x0000000000000090       0x58 Stm32_f103c6_Drivers/Stm32_f103c6_Drivers_Gpio.o

.debug_macro    0x0000000000000000     0x228c
 .debug_macro   0x0000000000000000      0x216 Src/main.o
 .debug_macro   0x0000000000000216      0xa60 Src/main.o
 .debug_macro   0x0000000000000c76       0x18 Src/main.o
 .debug_macro   0x0000000000000c8e       0x22 Src/main.o
 .debug_macro   0x0000000000000cb0       0x40 Src/main.o
 .debug_macro   0x0000000000000cf0       0x94 Src/main.o
 .debug_macro   0x0000000000000d84       0x3c Src/main.o
 .debug_macro   0x0000000000000dc0       0x34 Src/main.o
 .debug_macro   0x0000000000000df4       0x16 Src/main.o
 .debug_macro   0x0000000000000e0a      0x10e Src/main.o
 .debug_macro   0x0000000000000f18       0x8d Src/main.o
 .debug_macro   0x0000000000000fa5       0x57 Src/main.o
 .debug_macro   0x0000000000000ffc       0x52 Src/main.o
 .debug_macro   0x000000000000104e       0x1f Src/main.o
 .debug_macro   0x000000000000106d       0x43 Src/main.o
 .debug_macro   0x00000000000010b0       0x20 Src/main.o
 .debug_macro   0x00000000000010d0      0x1a3 Src/main.o
 .debug_macro   0x0000000000001273      0x330 Src/main.o
 .debug_macro   0x00000000000015a3       0x16 Src/main.o
 .debug_macro   0x00000000000015b9       0x29 Src/main.o
 .debug_macro   0x00000000000015e2       0xef Src/main.o
 .debug_macro   0x00000000000016d1       0x6a Src/main.o
 .debug_macro   0x000000000000173b      0x1df Src/main.o
 .debug_macro   0x000000000000191a       0xaf Src/main.o
 .debug_macro   0x00000000000019c9       0xd0 Src/main.o
 .debug_macro   0x0000000000001a99       0x10 Src/main.o
 .debug_macro   0x0000000000001aa9       0x1c Src/main.o
 .debug_macro   0x0000000000001ac5       0x35 Src/main.o
 .debug_macro   0x0000000000001afa       0x10 Src/main.o
 .debug_macro   0x0000000000001b0a       0x10 Src/main.o
 .debug_macro   0x0000000000001b1a       0x1c Src/main.o
 .debug_macro   0x0000000000001b36       0x52 Src/main.o
 .debug_macro   0x0000000000001b88       0x40 Src/main.o
 .debug_macro   0x0000000000001bc8       0x10 Src/main.o
 .debug_macro   0x0000000000001bd8       0x40 Src/main.o
 .debug_macro   0x0000000000001c18       0xd7 Src/main.o
 .debug_macro   0x0000000000001cef       0x1c Src/main.o
 .debug_macro   0x0000000000001d0b       0x3d Src/main.o
 .debug_macro   0x0000000000001d48       0x16 Src/main.o
 .debug_macro   0x0000000000001d5e      0x145 Src/main.o
 .debug_macro   0x0000000000001ea3       0x94 Src/main.o
 .debug_macro   0x0000000000001f37      0x216 Stm32_f103c6_Drivers/LCD_Driver/LCD.o
 .debug_macro   0x000000000000214d      0x13f Stm32_f103c6_Drivers/Stm32_f103c6_Drivers_Gpio.o

.debug_line     0x0000000000000000     0x15aa
 .debug_line    0x0000000000000000      0x709 Src/main.o
 .debug_line    0x0000000000000709       0x84 Startup/startup_stm32f103c6tx.o
 .debug_line    0x000000000000078d      0x75d Stm32_f103c6_Drivers/LCD_Driver/LCD.o
 .debug_line    0x0000000000000eea      0x6c0 Stm32_f103c6_Drivers/Stm32_f103c6_Drivers_Gpio.o

.debug_str      0x0000000000000000     0x8c00
 .debug_str     0x0000000000000000     0x89ee Src/main.o
                                       0x8c55 (size before relaxing)
 .debug_str     0x00000000000089ee       0x31 Startup/startup_stm32f103c6tx.o
                                         0x77 (size before relaxing)
 .debug_str     0x0000000000008a1f       0xad Stm32_f103c6_Drivers/LCD_Driver/LCD.o
                                       0x8c40 (size before relaxing)
 .debug_str     0x0000000000008acc      0x134 Stm32_f103c6_Drivers/Stm32_f103c6_Drivers_Gpio.o
                                       0x78ee (size before relaxing)

.comment        0x0000000000000000       0x7b
 .comment       0x0000000000000000       0x7b Src/main.o
                                         0x7c (size before relaxing)
 .comment       0x000000000000007b       0x7c Stm32_f103c6_Drivers/LCD_Driver/LCD.o
 .comment       0x000000000000007b       0x7c Stm32_f103c6_Drivers/Stm32_f103c6_Drivers_Gpio.o

.debug_frame    0x0000000000000000      0x378
 .debug_frame   0x0000000000000000       0xc0 Src/main.o
 .debug_frame   0x00000000000000c0       0xec Stm32_f103c6_Drivers/LCD_Driver/LCD.o
 .debug_frame   0x00000000000001ac      0x1a0 Stm32_f103c6_Drivers/Stm32_f103c6_Drivers_Gpio.o
 .debug_frame   0x000000000000034c       0x2c c:/st/stm32cubeide_1.4.0/stm32cubeide/plugins/com.st.stm32cube.ide.mcu.externaltools.gnu-tools-for-stm32.7-2018-q2-update.win32_1.4.0.202007081208/tools/bin/../lib/gcc/arm-none-eabi/7.3.1/../../../../arm-none-eabi/lib/thumb/v7-m\libc_nano.a(lib_a-init.o)
