
Allocating common symbols
Common symbol       size              file

Unintialized_Global
                    0x4               main.o

Memory Configuration

Name             Origin             Length             Attributes
flash            0x08000000         0x00020000         xr
sram             0x20000000         0x00005000         xrw
*default*        0x00000000         0xffffffff

Linker script and memory map


.text           0x08000000      0x104
 *(.vectors*)
 .vectors       0x08000000       0x50 startup.o
                0x08000050                . = ALIGN (0x4)
 *(.text*)
 .text          0x08000050       0xac main.o
                0x08000050                main
 .text          0x080000fc        0x8 startup.o
                0x08000104                . = ALIGN (0x4)
 *(.rodata*)
                0x08000104                . = ALIGN (0x4)
                0x08000104                _E_text = .

.glue_7         0x08000104        0x0
 .glue_7        0x00000000        0x0 linker stubs

.glue_7t        0x08000104        0x0
 .glue_7t       0x00000000        0x0 linker stubs

.vfp11_veneer   0x08000104        0x0
 .vfp11_veneer  0x00000000        0x0 linker stubs

.v4_bx          0x08000104        0x0
 .v4_bx         0x00000000        0x0 linker stubs

.iplt           0x08000104        0x0
 .iplt          0x00000000        0x0 main.o

.rel.dyn        0x08000104        0x0
 .rel.iplt      0x00000000        0x0 main.o

.data           0x20000000        0x8 load address 0x08000104
                0x20000000                _S_Data = .
 *(.data*)
 .data          0x20000000        0x8 main.o
                0x20000000                output_ODR
                0x20000004                G_variables
 .data          0x20000008        0x0 startup.o
                0x20000008                . = ALIGN (0x4)
                0x20000008                _E_Data = .

.igot.plt       0x20000008        0x0 load address 0x0800010c
 .igot.plt      0x00000000        0x0 main.o

.bss            0x20000008      0x3ec load address 0x0800010c
                0x20000008                _S_Bss = .
 *(.bss*)
 .bss           0x20000008        0x0 main.o
 .bss           0x20000008        0x0 startup.o
                0x20000008                . = ALIGN (0x4)
                0x20000008                _E_Bss = .
                0x20000008                . = ALIGN (0x4)
                0x200003f0                . = (. + 0x3e8)
 *fill*         0x20000008      0x3e8 
                0x200003f0                _stack_top = .
 COMMON         0x200003f0        0x4 main.o
                0x200003f0                Unintialized_Global
LOAD main.o
LOAD startup.o
OUTPUT(learn-in-depth_cortex_m3.elf elf32-littlearm)

.debug_info     0x00000000      0x17c
 .debug_info    0x00000000      0x123 main.o
 .debug_info    0x00000123       0x59 startup.o

.debug_abbrev   0x00000000       0xf2
 .debug_abbrev  0x00000000       0xde main.o
 .debug_abbrev  0x000000de       0x14 startup.o

.debug_loc      0x00000000       0x38
 .debug_loc     0x00000000       0x38 main.o

.debug_aranges  0x00000000       0x40
 .debug_aranges
                0x00000000       0x20 main.o
 .debug_aranges
                0x00000020       0x20 startup.o

.debug_line     0x00000000       0x91
 .debug_line    0x00000000       0x56 main.o
 .debug_line    0x00000056       0x3b startup.o

.debug_str      0x00000000       0xb7
 .debug_str     0x00000000       0xb7 main.o

.comment        0x00000000       0x11
 .comment       0x00000000       0x11 main.o
                                 0x12 (size before relaxing)

.ARM.attributes
                0x00000000       0x31
 .ARM.attributes
                0x00000000       0x33 main.o
 .ARM.attributes
                0x00000033       0x21 startup.o

.debug_frame    0x00000000       0x2c
 .debug_frame   0x00000000       0x2c main.o
