
Allocating common symbols
Common symbol       size              file

Unintialized_Global
                    0x4               main.o

Memory Configuration

Name             Origin             Length             Attributes
Flash            0x08000000         0x00020000         xr
SRAM             0x20000000         0x00005000         xrw
*default*        0x00000000         0xffffffff

Linker script and memory map


.text           0x08000000      0x184
 startup.o(.vectors)
 .vectors       0x08000000       0x1c startup.o
                0x08000000                vectors
 *(.text)
 .text          0x0800001c       0xbc startup.o
                0x0800001c                Reset_Handler
                0x080000cc                NMI_Handler
                0x080000cc                MM_Handler
                0x080000cc                HardFault_Handler
                0x080000cc                Default_Handler
                0x080000cc                Bus_Handler
                0x080000cc                Usage_Handler
 .text          0x080000d8       0xac main.o
                0x080000d8                main
                0x08000184                E_text = .

.glue_7         0x08000184        0x0
 .glue_7        0x00000000        0x0 linker stubs

.glue_7t        0x08000184        0x0
 .glue_7t       0x00000000        0x0 linker stubs

.vfp11_veneer   0x08000184        0x0
 .vfp11_veneer  0x00000000        0x0 linker stubs

.v4_bx          0x08000184        0x0
 .v4_bx         0x00000000        0x0 linker stubs

.iplt           0x08000184        0x0
 .iplt          0x00000000        0x0 startup.o

.rel.dyn        0x08000184        0x0
 .rel.iplt      0x00000000        0x0 startup.o

.data           0x20000000        0x8 load address 0x08000184
                0x20000000                S_data = .
 *(.data)
 .data          0x20000000        0x0 startup.o
 .data          0x20000000        0x8 main.o
                0x20000000                output_ODR
                0x20000004                G_variables
                0x20000008                E_data = .

.igot.plt       0x20000008        0x0 load address 0x0800018c
 .igot.plt      0x00000000        0x0 startup.o

.bss            0x20000008     0x1004 load address 0x0800018c
                0x20000008                S_bss = .
 *(.bss)
 .bss           0x20000008        0x0 startup.o
 .bss           0x20000008        0x0 main.o
                0x20000008                E_bss = .
                0x20001008                . = (. + 0x1000)
 *fill*         0x20000008     0x1000 
                0x20001008                Stack_Top = .
 COMMON         0x20001008        0x4 main.o
                0x20001008                Unintialized_Global
LOAD main.o
LOAD startup.o
OUTPUT(learn-in-depth_cortex_m3.elf elf32-littlearm)

.debug_info     0x00000000      0x28a
 .debug_info    0x00000000      0x167 startup.o
 .debug_info    0x00000167      0x123 main.o

.debug_abbrev   0x00000000      0x19e
 .debug_abbrev  0x00000000       0xc0 startup.o
 .debug_abbrev  0x000000c0       0xde main.o

.debug_loc      0x00000000       0x9c
 .debug_loc     0x00000000       0x64 startup.o
 .debug_loc     0x00000064       0x38 main.o

.debug_aranges  0x00000000       0x40
 .debug_aranges
                0x00000000       0x20 startup.o
 .debug_aranges
                0x00000020       0x20 main.o

.debug_line     0x00000000      0x111
 .debug_line    0x00000000       0xbb startup.o
 .debug_line    0x000000bb       0x56 main.o

.debug_str      0x00000000      0x16a
 .debug_str     0x00000000      0x10a startup.o
                                0x147 (size before relaxing)
 .debug_str     0x0000010a       0x60 main.o
                                 0xbb (size before relaxing)

.comment        0x00000000       0x11
 .comment       0x00000000       0x11 startup.o
                                 0x12 (size before relaxing)
 .comment       0x00000000       0x12 main.o

.ARM.attributes
                0x00000000       0x33
 .ARM.attributes
                0x00000000       0x33 startup.o
 .ARM.attributes
                0x00000033       0x33 main.o

.debug_frame    0x00000000       0x78
 .debug_frame   0x00000000       0x4c startup.o
 .debug_frame   0x0000004c       0x2c main.o
