Stm32_f103c6_Drivers_EXTI.c:22:6:EXTI0_IRQHandler	8	static
Stm32_f103c6_Drivers_EXTI.c:28:6:EXTI1_IRQHandler	8	static
Stm32_f103c6_Drivers_EXTI.c:32:6:EXTI2_IRQHandler	8	static
Stm32_f103c6_Drivers_EXTI.c:36:6:EXTI3_IRQHandler	8	static
Stm32_f103c6_Drivers_EXTI.c:40:6:EXTI4_IRQHandler	8	static
Stm32_f103c6_Drivers_EXTI.c:44:6:EXTI9_5_IRQHandler	8	static
Stm32_f103c6_Drivers_EXTI.c:62:6:EXTI15_10_IRQHandler	8	static
Stm32_f103c6_Drivers_EXTI.c:100:6:Enable_NVIC	16	static
Stm32_f103c6_Drivers_EXTI.c:135:6:Disable_NVIC	16	static
Stm32_f103c6_Drivers_EXTI.c:172:6:Update_EXTI	24	static
Stm32_f103c6_Drivers_EXTI.c:240:6:MCAL_EXTI_GPIO_DeInit	4	static
Stm32_f103c6_Drivers_EXTI.c:266:6:MCAL_EXTI_GPIO_Init	16	static
Stm32_f103c6_Drivers_EXTI.c:281:6:MCAL_EXTI_GPIO_Update	16	static
