
Allocating common symbols
Common symbol       size              file

AM_Status_id        0x1               Alram_Monitor.o
PS_Status_id        0x1               main.o
AM_state            0x4               Alram_Monitor.o
MA_state            0x4               main_Alg.o
PS_state            0x4               Pressure_sensor.o
MA_Status_id        0x1               main.o
pressure_value      0x4               main_Alg.o

Memory Configuration

Name             Origin             Length             Attributes
Flash            0x08000000         0x00020000         xr
SRAM             0x20000000         0x00005000         xrw
*default*        0x00000000         0xffffffff

Linker script and memory map


.text           0x08000000      0x398
 startup.o(.vectors)
 .vectors       0x08000000       0x1c startup.o
                0x08000000                vectors
 *(.text)
 .text          0x0800001c       0xbc startup.o
                0x0800001c                Reset_Handler
                0x080000cc                NMI_Handler
                0x080000cc                MM_Handler
                0x080000cc                HardFault_Handler
                0x080000cc                Default_Handler
                0x080000cc                Bus_Handler
                0x080000cc                Usage_Handler
 .text          0x080000d8       0x5c Alram_Monitor.o
                0x080000d8                AM_init
                0x080000e4                ST_alram_ON
                0x08000118                ST_alram_OFF
 .text          0x08000134      0x10c driver.o
                0x08000134                Delay
                0x08000158                getPressureVal
                0x08000170                Set_Alarm_actuator
                0x080001c0                GPIO_INITIALIZATION
 .text          0x08000240       0x74 main.o
                0x08000240                setup
                0x08000280                main
 .text          0x080002b4       0x90 main_Alg.o
                0x080002b4                Set_pressure
                0x08000314                ST_MA_WAITING
                0x0800032c                ST_MA_ALRAM
 .text          0x08000344       0x54 Pressure_sensor.o
                0x08000344                Ps_init
                0x08000350                ST_busy
                0x08000398                E_text = .

.glue_7         0x08000398        0x0
 .glue_7        0x00000000        0x0 linker stubs

.glue_7t        0x08000398        0x0
 .glue_7t       0x00000000        0x0 linker stubs

.vfp11_veneer   0x08000398        0x0
 .vfp11_veneer  0x00000000        0x0 linker stubs

.v4_bx          0x08000398        0x0
 .v4_bx         0x00000000        0x0 linker stubs

.iplt           0x08000398        0x0
 .iplt          0x00000000        0x0 startup.o

.rel.dyn        0x08000398        0x0
 .rel.iplt      0x00000000        0x0 startup.o

.data           0x20000000        0x4 load address 0x08000398
                0x20000000                S_data = .
 *(.data)
 .data          0x20000000        0x0 startup.o
 .data          0x20000000        0x0 Alram_Monitor.o
 .data          0x20000000        0x0 driver.o
 .data          0x20000000        0x0 main.o
 .data          0x20000000        0x4 main_Alg.o
                0x20000000                pressure_Threshold
 .data          0x20000004        0x0 Pressure_sensor.o
                0x20000004                E_data = .

.igot.plt       0x20000004        0x0 load address 0x0800039c
 .igot.plt      0x00000000        0x0 startup.o

.bss            0x20000004     0x1020 load address 0x0800039c
                0x20000004                S_bss = .
 *(.bss)
 .bss           0x20000004        0x0 startup.o
 .bss           0x20000004        0x4 Alram_Monitor.o
                0x20000004                Pressure_value_detection
 .bss           0x20000008        0x0 driver.o
 .bss           0x20000008        0x0 main.o
 .bss           0x20000008        0x0 main_Alg.o
 .bss           0x20000008        0x4 Pressure_sensor.o
                0x20000008                Pval
                0x2000000c                E_bss = .
                0x2000100c                . = (. + 0x1000)
 *fill*         0x2000000c     0x1000 
                0x2000100c                Stack_Top = .
 COMMON         0x2000100c        0x8 Alram_Monitor.o
                0x2000100c                AM_Status_id
                0x20001010                AM_state
 COMMON         0x20001014        0x2 main.o
                0x20001014                PS_Status_id
                0x20001015                MA_Status_id
 *fill*         0x20001016        0x2 
 COMMON         0x20001018        0x8 main_Alg.o
                0x20001018                MA_state
                0x2000101c                pressure_value
 COMMON         0x20001020        0x4 Pressure_sensor.o
                0x20001020                PS_state
LOAD Alram_Monitor.o
LOAD driver.o
LOAD main.o
LOAD main_Alg.o
LOAD Pressure_sensor.o
LOAD startup.o
OUTPUT(learn-in-depth_cortex_m3.elf elf32-littlearm)

.debug_info     0x00000000      0x739
 .debug_info    0x00000000      0x167 startup.o
 .debug_info    0x00000167      0x14c Alram_Monitor.o
 .debug_info    0x000002b3       0xab driver.o
 .debug_info    0x0000035e      0x163 main.o
 .debug_info    0x000004c1      0x16e main_Alg.o
 .debug_info    0x0000062f      0x10a Pressure_sensor.o

.debug_abbrev   0x00000000      0x41b
 .debug_abbrev  0x00000000       0xc0 startup.o
 .debug_abbrev  0x000000c0       0xb8 Alram_Monitor.o
 .debug_abbrev  0x00000178       0x85 driver.o
 .debug_abbrev  0x000001fd       0xc1 main.o
 .debug_abbrev  0x000002be       0xb8 main_Alg.o
 .debug_abbrev  0x00000376       0xa5 Pressure_sensor.o

.debug_loc      0x00000000      0x2fc
 .debug_loc     0x00000000       0x64 startup.o
 .debug_loc     0x00000064       0x84 Alram_Monitor.o
 .debug_loc     0x000000e8       0xc8 driver.o
 .debug_loc     0x000001b0       0x64 main.o
 .debug_loc     0x00000214       0x90 main_Alg.o
 .debug_loc     0x000002a4       0x58 Pressure_sensor.o

.debug_aranges  0x00000000       0xc0
 .debug_aranges
                0x00000000       0x20 startup.o
 .debug_aranges
                0x00000020       0x20 Alram_Monitor.o
 .debug_aranges
                0x00000040       0x20 driver.o
 .debug_aranges
                0x00000060       0x20 main.o
 .debug_aranges
                0x00000080       0x20 main_Alg.o
 .debug_aranges
                0x000000a0       0x20 Pressure_sensor.o

.debug_line     0x00000000      0x2b3
 .debug_line    0x00000000       0xbb startup.o
 .debug_line    0x000000bb       0x5e Alram_Monitor.o
 .debug_line    0x00000119       0x56 driver.o
 .debug_line    0x0000016f       0x87 main.o
 .debug_line    0x000001f6       0x60 main_Alg.o
 .debug_line    0x00000256       0x5d Pressure_sensor.o

.debug_str      0x00000000      0x289
 .debug_str     0x00000000      0x109 startup.o
                                0x13d (size before relaxing)
 .debug_str     0x00000109       0x8c Alram_Monitor.o
                                0x14b (size before relaxing)
 .debug_str     0x00000195       0x33 driver.o
                                 0x79 (size before relaxing)
 .debug_str     0x000001c8       0x46 main.o
                                0x142 (size before relaxing)
 .debug_str     0x0000020e       0x59 main_Alg.o
                                0x16a (size before relaxing)
 .debug_str     0x00000267       0x22 Pressure_sensor.o
                                0x113 (size before relaxing)

.comment        0x00000000       0x11
 .comment       0x00000000       0x11 startup.o
                                 0x12 (size before relaxing)
 .comment       0x00000000       0x12 Alram_Monitor.o
 .comment       0x00000000       0x12 driver.o
 .comment       0x00000000       0x12 main.o
 .comment       0x00000000       0x12 main_Alg.o
 .comment       0x00000000       0x12 Pressure_sensor.o

.ARM.attributes
                0x00000000       0x33
 .ARM.attributes
                0x00000000       0x33 startup.o
 .ARM.attributes
                0x00000033       0x33 Alram_Monitor.o
 .ARM.attributes
                0x00000066       0x33 driver.o
 .ARM.attributes
                0x00000099       0x33 main.o
 .ARM.attributes
                0x000000cc       0x33 main_Alg.o
 .ARM.attributes
                0x000000ff       0x33 Pressure_sensor.o

.debug_frame    0x00000000      0x218
 .debug_frame   0x00000000       0x4c startup.o
 .debug_frame   0x0000004c       0x60 Alram_Monitor.o
 .debug_frame   0x000000ac       0x78 driver.o
 .debug_frame   0x00000124       0x48 main.o
 .debug_frame   0x0000016c       0x68 main_Alg.o
 .debug_frame   0x000001d4       0x44 Pressure_sensor.o
