
Memory Configuration

Name             Origin             Length             Attributes
Flash            0x00000000         0x20000000         xr
SRAM             0x20000000         0x20000000         xrw
*default*        0x00000000         0xffffffff

Linker script and memory map


.text           0x00000000      0x194
 *(.vectors*)
 .vectors       0x00000000       0x10 startup.o
                0x00000000                fun_to_vectors
                0x00000010                . = ALIGN (0x4)
 *(.text*)
 .text          0x00000010       0xc8 main.o
                0x00000010                main
 .text          0x000000d8       0xbc startup.o
                0x000000d8                Reset_Handler
                0x00000188                NMI_Handler
                0x00000188                Default_Handler
                0x00000188                HardFault_Handler
                0x00000194                . = ALIGN (0x4)
 *(.rodata*)
                0x00000194                . = ALIGN (0x4)
                0x00000194                E_text = .

.glue_7         0x00000194        0x0
 .glue_7        0x00000000        0x0 linker stubs

.glue_7t        0x00000194        0x0
 .glue_7t       0x00000000        0x0 linker stubs

.vfp11_veneer   0x00000194        0x0
 .vfp11_veneer  0x00000000        0x0 linker stubs

.v4_bx          0x00000194        0x0
 .v4_bx         0x00000000        0x0 linker stubs

.iplt           0x00000194        0x0
 .iplt          0x00000000        0x0 main.o

.rel.dyn        0x00000194        0x0
 .rel.iplt      0x00000000        0x0 main.o

.data           0x20000000        0x0 load address 0x00000194
                0x20000000                S_data = .
 *(.data*)
 .data          0x20000000        0x0 main.o
 .data          0x20000000        0x0 startup.o
                0x20000000                . = ALIGN (0x4)
                0x20000000                E_data = .

.igot.plt       0x20000000        0x0 load address 0x00000194
 .igot.plt      0x00000000        0x0 main.o

.bss            0x20000000      0x400 load address 0x00000194
                0x20000000                S_bss = .
 *(.bss*)
 .bss           0x20000000        0x0 main.o
 .bss           0x20000000      0x400 startup.o
                0x20000400                . = ALIGN (0x4)
                0x20000400                E_bss = .
LOAD main.o
LOAD startup.o
OUTPUT(unit3_lab4_cortex_m4.elf elf32-littlearm)

.debug_info     0x00000000      0x1e7
 .debug_info    0x00000000       0x65 main.o
 .debug_info    0x00000065      0x182 startup.o

.debug_abbrev   0x00000000      0x120
 .debug_abbrev  0x00000000       0x5a main.o
 .debug_abbrev  0x0000005a       0xc6 startup.o

.debug_loc      0x00000000       0x9c
 .debug_loc     0x00000000       0x38 main.o
 .debug_loc     0x00000038       0x64 startup.o

.debug_aranges  0x00000000       0x40
 .debug_aranges
                0x00000000       0x20 main.o
 .debug_aranges
                0x00000020       0x20 startup.o

.debug_line     0x00000000       0xd7
 .debug_line    0x00000000       0x61 main.o
 .debug_line    0x00000061       0x76 startup.o

.debug_str      0x00000000      0x123
 .debug_str     0x00000000       0x49 main.o
                                 0x5b (size before relaxing)
 .debug_str     0x00000049       0xda startup.o
                                0x13f (size before relaxing)

.comment        0x00000000       0x11
 .comment       0x00000000       0x11 main.o
                                 0x12 (size before relaxing)
 .comment       0x00000000       0x12 startup.o

.ARM.attributes
                0x00000000       0x33
 .ARM.attributes
                0x00000000       0x33 main.o
 .ARM.attributes
                0x00000033       0x33 startup.o

.debug_frame    0x00000000       0x78
 .debug_frame   0x00000000       0x2c main.o
 .debug_frame   0x0000002c       0x4c startup.o
