Archive member included to satisfy reference by file (symbol)

c:/st/stm32cubeide_1.4.0/stm32cubeide/plugins/com.st.stm32cube.ide.mcu.externaltools.gnu-tools-for-stm32.7-2018-q2-update.win32_1.4.0.202007081208/tools/bin/../lib/gcc/arm-none-eabi/7.3.1/../../../../arm-none-eabi/lib/thumb/v7-m\libc_nano.a(lib_a-errno.o)
                              Src/syscalls.o (__errno)
c:/st/stm32cubeide_1.4.0/stm32cubeide/plugins/com.st.stm32cube.ide.mcu.externaltools.gnu-tools-for-stm32.7-2018-q2-update.win32_1.4.0.202007081208/tools/bin/../lib/gcc/arm-none-eabi/7.3.1/../../../../arm-none-eabi/lib/thumb/v7-m\libc_nano.a(lib_a-exit.o)
                              c:/st/stm32cubeide_1.4.0/stm32cubeide/plugins/com.st.stm32cube.ide.mcu.externaltools.gnu-tools-for-stm32.7-2018-q2-update.win32_1.4.0.202007081208/tools/bin/../lib/gcc/arm-none-eabi/7.3.1/../../../../arm-none-eabi/lib/thumb/v7-m/crt0.o (exit)
c:/st/stm32cubeide_1.4.0/stm32cubeide/plugins/com.st.stm32cube.ide.mcu.externaltools.gnu-tools-for-stm32.7-2018-q2-update.win32_1.4.0.202007081208/tools/bin/../lib/gcc/arm-none-eabi/7.3.1/../../../../arm-none-eabi/lib/thumb/v7-m\libc_nano.a(lib_a-impure.o)
                              c:/st/stm32cubeide_1.4.0/stm32cubeide/plugins/com.st.stm32cube.ide.mcu.externaltools.gnu-tools-for-stm32.7-2018-q2-update.win32_1.4.0.202007081208/tools/bin/../lib/gcc/arm-none-eabi/7.3.1/../../../../arm-none-eabi/lib/thumb/v7-m\libc_nano.a(lib_a-exit.o) (_global_impure_ptr)
c:/st/stm32cubeide_1.4.0/stm32cubeide/plugins/com.st.stm32cube.ide.mcu.externaltools.gnu-tools-for-stm32.7-2018-q2-update.win32_1.4.0.202007081208/tools/bin/../lib/gcc/arm-none-eabi/7.3.1/../../../../arm-none-eabi/lib/thumb/v7-m\libc_nano.a(lib_a-init.o)
                              c:/st/stm32cubeide_1.4.0/stm32cubeide/plugins/com.st.stm32cube.ide.mcu.externaltools.gnu-tools-for-stm32.7-2018-q2-update.win32_1.4.0.202007081208/tools/bin/../lib/gcc/arm-none-eabi/7.3.1/../../../../arm-none-eabi/lib/thumb/v7-m/crt0.o (__libc_init_array)
c:/st/stm32cubeide_1.4.0/stm32cubeide/plugins/com.st.stm32cube.ide.mcu.externaltools.gnu-tools-for-stm32.7-2018-q2-update.win32_1.4.0.202007081208/tools/bin/../lib/gcc/arm-none-eabi/7.3.1/../../../../arm-none-eabi/lib/thumb/v7-m\libc_nano.a(lib_a-memset.o)
                              c:/st/stm32cubeide_1.4.0/stm32cubeide/plugins/com.st.stm32cube.ide.mcu.externaltools.gnu-tools-for-stm32.7-2018-q2-update.win32_1.4.0.202007081208/tools/bin/../lib/gcc/arm-none-eabi/7.3.1/../../../../arm-none-eabi/lib/thumb/v7-m/crt0.o (memset)

Allocating common symbols
Common symbol       size              file

PinCfg              0x4               Stm32_f103c6_Drivers/KeyPad_Driver/KEY_PAD.o

Discarded input sections

 .text          0x0000000000000000        0x0 c:/st/stm32cubeide_1.4.0/stm32cubeide/plugins/com.st.stm32cube.ide.mcu.externaltools.gnu-tools-for-stm32.7-2018-q2-update.win32_1.4.0.202007081208/tools/bin/../lib/gcc/arm-none-eabi/7.3.1/thumb/v7-m/crti.o
 .data          0x0000000000000000        0x0 c:/st/stm32cubeide_1.4.0/stm32cubeide/plugins/com.st.stm32cube.ide.mcu.externaltools.gnu-tools-for-stm32.7-2018-q2-update.win32_1.4.0.202007081208/tools/bin/../lib/gcc/arm-none-eabi/7.3.1/thumb/v7-m/crti.o
 .bss           0x0000000000000000        0x0 c:/st/stm32cubeide_1.4.0/stm32cubeide/plugins/com.st.stm32cube.ide.mcu.externaltools.gnu-tools-for-stm32.7-2018-q2-update.win32_1.4.0.202007081208/tools/bin/../lib/gcc/arm-none-eabi/7.3.1/thumb/v7-m/crti.o
 .data          0x0000000000000000        0x4 c:/st/stm32cubeide_1.4.0/stm32cubeide/plugins/com.st.stm32cube.ide.mcu.externaltools.gnu-tools-for-stm32.7-2018-q2-update.win32_1.4.0.202007081208/tools/bin/../lib/gcc/arm-none-eabi/7.3.1/thumb/v7-m/crtbegin.o
 .text          0x0000000000000000       0x74 c:/st/stm32cubeide_1.4.0/stm32cubeide/plugins/com.st.stm32cube.ide.mcu.externaltools.gnu-tools-for-stm32.7-2018-q2-update.win32_1.4.0.202007081208/tools/bin/../lib/gcc/arm-none-eabi/7.3.1/../../../../arm-none-eabi/lib/thumb/v7-m/crt0.o
 .data          0x0000000000000000        0x0 c:/st/stm32cubeide_1.4.0/stm32cubeide/plugins/com.st.stm32cube.ide.mcu.externaltools.gnu-tools-for-stm32.7-2018-q2-update.win32_1.4.0.202007081208/tools/bin/../lib/gcc/arm-none-eabi/7.3.1/../../../../arm-none-eabi/lib/thumb/v7-m/crt0.o
 .bss           0x0000000000000000        0x0 c:/st/stm32cubeide_1.4.0/stm32cubeide/plugins/com.st.stm32cube.ide.mcu.externaltools.gnu-tools-for-stm32.7-2018-q2-update.win32_1.4.0.202007081208/tools/bin/../lib/gcc/arm-none-eabi/7.3.1/../../../../arm-none-eabi/lib/thumb/v7-m/crt0.o
 .ARM.extab     0x0000000000000000        0x0 c:/st/stm32cubeide_1.4.0/stm32cubeide/plugins/com.st.stm32cube.ide.mcu.externaltools.gnu-tools-for-stm32.7-2018-q2-update.win32_1.4.0.202007081208/tools/bin/../lib/gcc/arm-none-eabi/7.3.1/../../../../arm-none-eabi/lib/thumb/v7-m/crt0.o
 .ARM.exidx     0x0000000000000000        0x8 c:/st/stm32cubeide_1.4.0/stm32cubeide/plugins/com.st.stm32cube.ide.mcu.externaltools.gnu-tools-for-stm32.7-2018-q2-update.win32_1.4.0.202007081208/tools/bin/../lib/gcc/arm-none-eabi/7.3.1/../../../../arm-none-eabi/lib/thumb/v7-m/crt0.o
 .ARM.attributes
                0x0000000000000000       0x1b c:/st/stm32cubeide_1.4.0/stm32cubeide/plugins/com.st.stm32cube.ide.mcu.externaltools.gnu-tools-for-stm32.7-2018-q2-update.win32_1.4.0.202007081208/tools/bin/../lib/gcc/arm-none-eabi/7.3.1/../../../../arm-none-eabi/lib/thumb/v7-m/crt0.o
 .group         0x0000000000000000        0xc Src/main.o
 .group         0x0000000000000000        0xc Src/main.o
 .group         0x0000000000000000        0xc Src/main.o
 .group         0x0000000000000000        0xc Src/main.o
 .group         0x0000000000000000        0xc Src/main.o
 .group         0x0000000000000000        0xc Src/main.o
 .group         0x0000000000000000        0xc Src/main.o
 .group         0x0000000000000000        0xc Src/main.o
 .group         0x0000000000000000        0xc Src/main.o
 .group         0x0000000000000000        0xc Src/main.o
 .group         0x0000000000000000        0xc Src/main.o
 .group         0x0000000000000000        0xc Src/main.o
 .group         0x0000000000000000        0xc Src/main.o
 .group         0x0000000000000000        0xc Src/main.o
 .group         0x0000000000000000        0xc Src/main.o
 .group         0x0000000000000000        0xc Src/main.o
 .group         0x0000000000000000        0xc Src/main.o
 .group         0x0000000000000000        0xc Src/main.o
 .group         0x0000000000000000        0xc Src/main.o
 .group         0x0000000000000000        0xc Src/main.o
 .group         0x0000000000000000        0xc Src/main.o
 .group         0x0000000000000000        0xc Src/main.o
 .group         0x0000000000000000        0xc Src/main.o
 .group         0x0000000000000000        0xc Src/main.o
 .group         0x0000000000000000        0xc Src/main.o
 .group         0x0000000000000000        0xc Src/main.o
 .group         0x0000000000000000        0xc Src/main.o
 .group         0x0000000000000000        0xc Src/main.o
 .group         0x0000000000000000        0xc Src/main.o
 .group         0x0000000000000000        0xc Src/main.o
 .group         0x0000000000000000        0xc Src/main.o
 .group         0x0000000000000000        0xc Src/main.o
 .group         0x0000000000000000        0xc Src/main.o
 .group         0x0000000000000000        0xc Src/main.o
 .group         0x0000000000000000        0xc Src/main.o
 .group         0x0000000000000000        0xc Src/main.o
 .group         0x0000000000000000        0xc Src/main.o
 .group         0x0000000000000000        0xc Src/main.o
 .group         0x0000000000000000        0xc Src/main.o
 .group         0x0000000000000000        0xc Src/main.o
 .group         0x0000000000000000        0xc Src/main.o
 .text          0x0000000000000000        0x0 Src/main.o
 .data          0x0000000000000000        0x0 Src/main.o
 .bss           0x0000000000000000        0x0 Src/main.o
 .text.GPIOA_INIT
                0x0000000000000000       0x6c Src/main.o
 .group         0x0000000000000000        0xc Src/syscalls.o
 .group         0x0000000000000000        0xc Src/syscalls.o
 .group         0x0000000000000000        0xc Src/syscalls.o
 .group         0x0000000000000000        0xc Src/syscalls.o
 .group         0x0000000000000000        0xc Src/syscalls.o
 .group         0x0000000000000000        0xc Src/syscalls.o
 .group         0x0000000000000000        0xc Src/syscalls.o
 .group         0x0000000000000000        0xc Src/syscalls.o
 .group         0x0000000000000000        0xc Src/syscalls.o
 .group         0x0000000000000000        0xc Src/syscalls.o
 .group         0x0000000000000000        0xc Src/syscalls.o
 .group         0x0000000000000000        0xc Src/syscalls.o
 .group         0x0000000000000000        0xc Src/syscalls.o
 .group         0x0000000000000000        0xc Src/syscalls.o
 .group         0x0000000000000000        0xc Src/syscalls.o
 .group         0x0000000000000000        0xc Src/syscalls.o
 .group         0x0000000000000000        0xc Src/syscalls.o
 .group         0x0000000000000000        0xc Src/syscalls.o
 .group         0x0000000000000000        0xc Src/syscalls.o
 .group         0x0000000000000000        0xc Src/syscalls.o
 .group         0x0000000000000000        0xc Src/syscalls.o
 .group         0x0000000000000000        0xc Src/syscalls.o
 .group         0x0000000000000000        0xc Src/syscalls.o
 .group         0x0000000000000000        0xc Src/syscalls.o
 .group         0x0000000000000000        0xc Src/syscalls.o
 .group         0x0000000000000000        0xc Src/syscalls.o
 .group         0x0000000000000000        0xc Src/syscalls.o
 .group         0x0000000000000000        0xc Src/syscalls.o
 .group         0x0000000000000000        0xc Src/syscalls.o
 .group         0x0000000000000000        0xc Src/syscalls.o
 .group         0x0000000000000000        0xc Src/syscalls.o
 .group         0x0000000000000000        0xc Src/syscalls.o
 .group         0x0000000000000000        0xc Src/syscalls.o
 .group         0x0000000000000000        0xc Src/syscalls.o
 .group         0x0000000000000000        0xc Src/syscalls.o
 .group         0x0000000000000000        0xc Src/syscalls.o
 .group         0x0000000000000000        0xc Src/syscalls.o
 .group         0x0000000000000000        0xc Src/syscalls.o
 .group         0x0000000000000000        0xc Src/syscalls.o
 .group         0x0000000000000000        0xc Src/syscalls.o
 .group         0x0000000000000000        0xc Src/syscalls.o
 .group         0x0000000000000000        0xc Src/syscalls.o
 .group         0x0000000000000000        0xc Src/syscalls.o
 .group         0x0000000000000000        0xc Src/syscalls.o
 .text          0x0000000000000000        0x0 Src/syscalls.o
 .data          0x0000000000000000        0x0 Src/syscalls.o
 .bss           0x0000000000000000        0x0 Src/syscalls.o
 .bss.__env     0x0000000000000000        0x4 Src/syscalls.o
 .data.environ  0x0000000000000000        0x4 Src/syscalls.o
 .text.initialise_monitor_handles
                0x0000000000000000        0xc Src/syscalls.o
 .text._getpid  0x0000000000000000        0xe Src/syscalls.o
 .text._kill    0x0000000000000000       0x20 Src/syscalls.o
 .text._exit    0x0000000000000000       0x14 Src/syscalls.o
 .text._read    0x0000000000000000       0x3a Src/syscalls.o
 .text._write   0x0000000000000000       0x38 Src/syscalls.o
 .text._close   0x0000000000000000       0x16 Src/syscalls.o
 .text._fstat   0x0000000000000000       0x1e Src/syscalls.o
 .text._isatty  0x0000000000000000       0x14 Src/syscalls.o
 .text._lseek   0x0000000000000000       0x18 Src/syscalls.o
 .text._open    0x0000000000000000       0x1a Src/syscalls.o
 .text._wait    0x0000000000000000       0x1e Src/syscalls.o
 .text._unlink  0x0000000000000000       0x1e Src/syscalls.o
 .text._times   0x0000000000000000       0x16 Src/syscalls.o
 .text._stat    0x0000000000000000       0x1e Src/syscalls.o
 .text._link    0x0000000000000000       0x20 Src/syscalls.o
 .text._fork    0x0000000000000000       0x16 Src/syscalls.o
 .text._execve  0x0000000000000000       0x22 Src/syscalls.o
 .debug_info    0x0000000000000000     0x1038 Src/syscalls.o
 .debug_abbrev  0x0000000000000000      0x254 Src/syscalls.o
 .debug_loc     0x0000000000000000      0x5b8 Src/syscalls.o
 .debug_aranges
                0x0000000000000000       0xa8 Src/syscalls.o
 .debug_ranges  0x0000000000000000       0x98 Src/syscalls.o
 .debug_macro   0x0000000000000000      0x243 Src/syscalls.o
 .debug_macro   0x0000000000000000      0xa60 Src/syscalls.o
 .debug_macro   0x0000000000000000       0x22 Src/syscalls.o
 .debug_macro   0x0000000000000000       0x40 Src/syscalls.o
 .debug_macro   0x0000000000000000       0x18 Src/syscalls.o
 .debug_macro   0x0000000000000000       0x94 Src/syscalls.o
 .debug_macro   0x0000000000000000       0x3c Src/syscalls.o
 .debug_macro   0x0000000000000000       0x34 Src/syscalls.o
 .debug_macro   0x0000000000000000       0x57 Src/syscalls.o
 .debug_macro   0x0000000000000000      0x174 Src/syscalls.o
 .debug_macro   0x0000000000000000      0x330 Src/syscalls.o
 .debug_macro   0x0000000000000000       0x52 Src/syscalls.o
 .debug_macro   0x0000000000000000       0x1f Src/syscalls.o
 .debug_macro   0x0000000000000000       0x43 Src/syscalls.o
 .debug_macro   0x0000000000000000       0x20 Src/syscalls.o
 .debug_macro   0x0000000000000000      0x1a3 Src/syscalls.o
 .debug_macro   0x0000000000000000       0x10 Src/syscalls.o
 .debug_macro   0x0000000000000000       0x35 Src/syscalls.o
 .debug_macro   0x0000000000000000       0x10 Src/syscalls.o
 .debug_macro   0x0000000000000000       0x10 Src/syscalls.o
 .debug_macro   0x0000000000000000       0x10 Src/syscalls.o
 .debug_macro   0x0000000000000000       0x6a Src/syscalls.o
 .debug_macro   0x0000000000000000       0x1c Src/syscalls.o
 .debug_macro   0x0000000000000000       0x52 Src/syscalls.o
 .debug_macro   0x0000000000000000       0x40 Src/syscalls.o
 .debug_macro   0x0000000000000000       0x10 Src/syscalls.o
 .debug_macro   0x0000000000000000       0x40 Src/syscalls.o
 .debug_macro   0x0000000000000000       0xd7 Src/syscalls.o
 .debug_macro   0x0000000000000000       0x1c Src/syscalls.o
 .debug_macro   0x0000000000000000       0x3d Src/syscalls.o
 .debug_macro   0x0000000000000000       0x35 Src/syscalls.o
 .debug_macro   0x0000000000000000      0x122 Src/syscalls.o
 .debug_macro   0x0000000000000000       0x16 Src/syscalls.o
 .debug_macro   0x0000000000000000       0x16 Src/syscalls.o
 .debug_macro   0x0000000000000000       0x29 Src/syscalls.o
 .debug_macro   0x0000000000000000       0x10 Src/syscalls.o
 .debug_macro   0x0000000000000000      0x241 Src/syscalls.o
 .debug_macro   0x0000000000000000       0x1c Src/syscalls.o
 .debug_macro   0x0000000000000000       0x10 Src/syscalls.o
 .debug_macro   0x0000000000000000       0x10 Src/syscalls.o
 .debug_macro   0x0000000000000000       0x16 Src/syscalls.o
 .debug_macro   0x0000000000000000      0x145 Src/syscalls.o
 .debug_macro   0x0000000000000000      0x189 Src/syscalls.o
 .debug_macro   0x0000000000000000       0x16 Src/syscalls.o
 .debug_macro   0x0000000000000000       0x88 Src/syscalls.o
 .debug_line    0x0000000000000000      0x739 Src/syscalls.o
 .debug_str     0x0000000000000000     0x8886 Src/syscalls.o
 .comment       0x0000000000000000       0x7c Src/syscalls.o
 .debug_frame   0x0000000000000000      0x2ac Src/syscalls.o
 .ARM.attributes
                0x0000000000000000       0x33 Src/syscalls.o
 .group         0x0000000000000000        0xc Src/sysmem.o
 .group         0x0000000000000000        0xc Src/sysmem.o
 .group         0x0000000000000000        0xc Src/sysmem.o
 .group         0x0000000000000000        0xc Src/sysmem.o
 .group         0x0000000000000000        0xc Src/sysmem.o
 .group         0x0000000000000000        0xc Src/sysmem.o
 .group         0x0000000000000000        0xc Src/sysmem.o
 .group         0x0000000000000000        0xc Src/sysmem.o
 .group         0x0000000000000000        0xc Src/sysmem.o
 .group         0x0000000000000000        0xc Src/sysmem.o
 .group         0x0000000000000000        0xc Src/sysmem.o
 .group         0x0000000000000000        0xc Src/sysmem.o
 .group         0x0000000000000000        0xc Src/sysmem.o
 .group         0x0000000000000000        0xc Src/sysmem.o
 .group         0x0000000000000000        0xc Src/sysmem.o
 .group         0x0000000000000000        0xc Src/sysmem.o
 .group         0x0000000000000000        0xc Src/sysmem.o
 .group         0x0000000000000000        0xc Src/sysmem.o
 .group         0x0000000000000000        0xc Src/sysmem.o
 .text          0x0000000000000000        0x0 Src/sysmem.o
 .data          0x0000000000000000        0x0 Src/sysmem.o
 .bss           0x0000000000000000        0x0 Src/sysmem.o
 .bss.__sbrk_heap_end
                0x0000000000000000        0x4 Src/sysmem.o
 .text._sbrk    0x0000000000000000       0x6c Src/sysmem.o
 .debug_info    0x0000000000000000      0xa7c Src/sysmem.o
 .debug_abbrev  0x0000000000000000      0x18e Src/sysmem.o
 .debug_loc     0x0000000000000000       0x50 Src/sysmem.o
 .debug_aranges
                0x0000000000000000       0x20 Src/sysmem.o
 .debug_ranges  0x0000000000000000       0x10 Src/sysmem.o
 .debug_macro   0x0000000000000000       0xee Src/sysmem.o
 .debug_macro   0x0000000000000000      0xa60 Src/sysmem.o
 .debug_macro   0x0000000000000000       0x10 Src/sysmem.o
 .debug_macro   0x0000000000000000       0x22 Src/sysmem.o
 .debug_macro   0x0000000000000000       0x40 Src/sysmem.o
 .debug_macro   0x0000000000000000       0x18 Src/sysmem.o
 .debug_macro   0x0000000000000000       0x94 Src/sysmem.o
 .debug_macro   0x0000000000000000       0x3c Src/sysmem.o
 .debug_macro   0x0000000000000000       0x34 Src/sysmem.o
 .debug_macro   0x0000000000000000      0x174 Src/sysmem.o
 .debug_macro   0x0000000000000000       0x57 Src/sysmem.o
 .debug_macro   0x0000000000000000       0x52 Src/sysmem.o
 .debug_macro   0x0000000000000000       0x1f Src/sysmem.o
 .debug_macro   0x0000000000000000       0x43 Src/sysmem.o
 .debug_macro   0x0000000000000000       0x20 Src/sysmem.o
 .debug_macro   0x0000000000000000      0x1a3 Src/sysmem.o
 .debug_macro   0x0000000000000000      0x23b Src/sysmem.o
 .debug_macro   0x0000000000000000       0xef Src/sysmem.o
 .debug_macro   0x0000000000000000       0x6a Src/sysmem.o
 .debug_macro   0x0000000000000000      0x1df Src/sysmem.o
 .debug_line    0x0000000000000000      0x4c2 Src/sysmem.o
 .debug_str     0x0000000000000000     0x5f54 Src/sysmem.o
 .comment       0x0000000000000000       0x7c Src/sysmem.o
 .debug_frame   0x0000000000000000       0x34 Src/sysmem.o
 .ARM.attributes
                0x0000000000000000       0x33 Src/sysmem.o
 .text          0x0000000000000000       0x14 Startup/startup_stm32f103c6tx.o
 .data          0x0000000000000000        0x0 Startup/startup_stm32f103c6tx.o
 .bss           0x0000000000000000        0x0 Startup/startup_stm32f103c6tx.o
 .group         0x0000000000000000        0xc Stm32_f103c6_Drivers/KeyPad_Driver/KEY_PAD.o
 .group         0x0000000000000000        0xc Stm32_f103c6_Drivers/KeyPad_Driver/KEY_PAD.o
 .group         0x0000000000000000        0xc Stm32_f103c6_Drivers/KeyPad_Driver/KEY_PAD.o
 .group         0x0000000000000000        0xc Stm32_f103c6_Drivers/KeyPad_Driver/KEY_PAD.o
 .group         0x0000000000000000        0xc Stm32_f103c6_Drivers/KeyPad_Driver/KEY_PAD.o
 .group         0x0000000000000000        0xc Stm32_f103c6_Drivers/KeyPad_Driver/KEY_PAD.o
 .group         0x0000000000000000        0xc Stm32_f103c6_Drivers/KeyPad_Driver/KEY_PAD.o
 .group         0x0000000000000000        0xc Stm32_f103c6_Drivers/KeyPad_Driver/KEY_PAD.o
 .group         0x0000000000000000        0xc Stm32_f103c6_Drivers/KeyPad_Driver/KEY_PAD.o
 .group         0x0000000000000000        0xc Stm32_f103c6_Drivers/KeyPad_Driver/KEY_PAD.o
 .group         0x0000000000000000        0xc Stm32_f103c6_Drivers/KeyPad_Driver/KEY_PAD.o
 .group         0x0000000000000000        0xc Stm32_f103c6_Drivers/KeyPad_Driver/KEY_PAD.o
 .group         0x0000000000000000        0xc Stm32_f103c6_Drivers/KeyPad_Driver/KEY_PAD.o
 .group         0x0000000000000000        0xc Stm32_f103c6_Drivers/KeyPad_Driver/KEY_PAD.o
 .group         0x0000000000000000        0xc Stm32_f103c6_Drivers/KeyPad_Driver/KEY_PAD.o
 .group         0x0000000000000000        0xc Stm32_f103c6_Drivers/KeyPad_Driver/KEY_PAD.o
 .group         0x0000000000000000        0xc Stm32_f103c6_Drivers/KeyPad_Driver/KEY_PAD.o
 .group         0x0000000000000000        0xc Stm32_f103c6_Drivers/KeyPad_Driver/KEY_PAD.o
 .group         0x0000000000000000        0xc Stm32_f103c6_Drivers/KeyPad_Driver/KEY_PAD.o
 .group         0x0000000000000000        0xc Stm32_f103c6_Drivers/KeyPad_Driver/KEY_PAD.o
 .group         0x0000000000000000        0xc Stm32_f103c6_Drivers/KeyPad_Driver/KEY_PAD.o
 .group         0x0000000000000000        0xc Stm32_f103c6_Drivers/KeyPad_Driver/KEY_PAD.o
 .group         0x0000000000000000        0xc Stm32_f103c6_Drivers/KeyPad_Driver/KEY_PAD.o
 .group         0x0000000000000000        0xc Stm32_f103c6_Drivers/KeyPad_Driver/KEY_PAD.o
 .group         0x0000000000000000        0xc Stm32_f103c6_Drivers/KeyPad_Driver/KEY_PAD.o
 .group         0x0000000000000000        0xc Stm32_f103c6_Drivers/KeyPad_Driver/KEY_PAD.o
 .text          0x0000000000000000        0x0 Stm32_f103c6_Drivers/KeyPad_Driver/KEY_PAD.o
 .data          0x0000000000000000        0x0 Stm32_f103c6_Drivers/KeyPad_Driver/KEY_PAD.o
 .bss           0x0000000000000000        0x0 Stm32_f103c6_Drivers/KeyPad_Driver/KEY_PAD.o
 .text.Intialize_KEYPAD
                0x0000000000000000       0xe4 Stm32_f103c6_Drivers/KeyPad_Driver/KEY_PAD.o
 .debug_macro   0x0000000000000000      0xa60 Stm32_f103c6_Drivers/KeyPad_Driver/KEY_PAD.o
 .debug_macro   0x0000000000000000       0x18 Stm32_f103c6_Drivers/KeyPad_Driver/KEY_PAD.o
 .debug_macro   0x0000000000000000       0x22 Stm32_f103c6_Drivers/KeyPad_Driver/KEY_PAD.o
 .debug_macro   0x0000000000000000       0x40 Stm32_f103c6_Drivers/KeyPad_Driver/KEY_PAD.o
 .debug_macro   0x0000000000000000       0x94 Stm32_f103c6_Drivers/KeyPad_Driver/KEY_PAD.o
 .debug_macro   0x0000000000000000       0x3c Stm32_f103c6_Drivers/KeyPad_Driver/KEY_PAD.o
 .debug_macro   0x0000000000000000       0x34 Stm32_f103c6_Drivers/KeyPad_Driver/KEY_PAD.o
 .debug_macro   0x0000000000000000       0x16 Stm32_f103c6_Drivers/KeyPad_Driver/KEY_PAD.o
 .debug_macro   0x0000000000000000      0x10e Stm32_f103c6_Drivers/KeyPad_Driver/KEY_PAD.o
 .debug_macro   0x0000000000000000       0x8d Stm32_f103c6_Drivers/KeyPad_Driver/KEY_PAD.o
 .debug_macro   0x0000000000000000       0x57 Stm32_f103c6_Drivers/KeyPad_Driver/KEY_PAD.o
 .debug_macro   0x0000000000000000       0x52 Stm32_f103c6_Drivers/KeyPad_Driver/KEY_PAD.o
 .debug_macro   0x0000000000000000       0x1f Stm32_f103c6_Drivers/KeyPad_Driver/KEY_PAD.o
 .debug_macro   0x0000000000000000       0x43 Stm32_f103c6_Drivers/KeyPad_Driver/KEY_PAD.o
 .debug_macro   0x0000000000000000       0x20 Stm32_f103c6_Drivers/KeyPad_Driver/KEY_PAD.o
 .debug_macro   0x0000000000000000      0x1a3 Stm32_f103c6_Drivers/KeyPad_Driver/KEY_PAD.o
 .debug_macro   0x0000000000000000      0x330 Stm32_f103c6_Drivers/KeyPad_Driver/KEY_PAD.o
 .debug_macro   0x0000000000000000       0x16 Stm32_f103c6_Drivers/KeyPad_Driver/KEY_PAD.o
 .debug_macro   0x0000000000000000       0x29 Stm32_f103c6_Drivers/KeyPad_Driver/KEY_PAD.o
 .debug_macro   0x0000000000000000       0xef Stm32_f103c6_Drivers/KeyPad_Driver/KEY_PAD.o
 .debug_macro   0x0000000000000000       0x6a Stm32_f103c6_Drivers/KeyPad_Driver/KEY_PAD.o
 .debug_macro   0x0000000000000000      0x1df Stm32_f103c6_Drivers/KeyPad_Driver/KEY_PAD.o
 .debug_macro   0x0000000000000000       0xaf Stm32_f103c6_Drivers/KeyPad_Driver/KEY_PAD.o
 .debug_macro   0x0000000000000000       0xd0 Stm32_f103c6_Drivers/KeyPad_Driver/KEY_PAD.o
 .group         0x0000000000000000        0xc Stm32_f103c6_Drivers/LCD_Driver/LCD.o
 .group         0x0000000000000000        0xc Stm32_f103c6_Drivers/LCD_Driver/LCD.o
 .group         0x0000000000000000        0xc Stm32_f103c6_Drivers/LCD_Driver/LCD.o
 .group         0x0000000000000000        0xc Stm32_f103c6_Drivers/LCD_Driver/LCD.o
 .group         0x0000000000000000        0xc Stm32_f103c6_Drivers/LCD_Driver/LCD.o
 .group         0x0000000000000000        0xc Stm32_f103c6_Drivers/LCD_Driver/LCD.o
 .group         0x0000000000000000        0xc Stm32_f103c6_Drivers/LCD_Driver/LCD.o
 .group         0x0000000000000000        0xc Stm32_f103c6_Drivers/LCD_Driver/LCD.o
 .group         0x0000000000000000        0xc Stm32_f103c6_Drivers/LCD_Driver/LCD.o
 .group         0x0000000000000000        0xc Stm32_f103c6_Drivers/LCD_Driver/LCD.o
 .group         0x0000000000000000        0xc Stm32_f103c6_Drivers/LCD_Driver/LCD.o
 .group         0x0000000000000000        0xc Stm32_f103c6_Drivers/LCD_Driver/LCD.o
 .group         0x0000000000000000        0xc Stm32_f103c6_Drivers/LCD_Driver/LCD.o
 .group         0x0000000000000000        0xc Stm32_f103c6_Drivers/LCD_Driver/LCD.o
 .group         0x0000000000000000        0xc Stm32_f103c6_Drivers/LCD_Driver/LCD.o
 .group         0x0000000000000000        0xc Stm32_f103c6_Drivers/LCD_Driver/LCD.o
 .group         0x0000000000000000        0xc Stm32_f103c6_Drivers/LCD_Driver/LCD.o
 .group         0x0000000000000000        0xc Stm32_f103c6_Drivers/LCD_Driver/LCD.o
 .group         0x0000000000000000        0xc Stm32_f103c6_Drivers/LCD_Driver/LCD.o
 .group         0x0000000000000000        0xc Stm32_f103c6_Drivers/LCD_Driver/LCD.o
 .group         0x0000000000000000        0xc Stm32_f103c6_Drivers/LCD_Driver/LCD.o
 .group         0x0000000000000000        0xc Stm32_f103c6_Drivers/LCD_Driver/LCD.o
 .group         0x0000000000000000        0xc Stm32_f103c6_Drivers/LCD_Driver/LCD.o
 .group         0x0000000000000000        0xc Stm32_f103c6_Drivers/LCD_Driver/LCD.o
 .group         0x0000000000000000        0xc Stm32_f103c6_Drivers/LCD_Driver/LCD.o
 .group         0x0000000000000000        0xc Stm32_f103c6_Drivers/LCD_Driver/LCD.o
 .group         0x0000000000000000        0xc Stm32_f103c6_Drivers/LCD_Driver/LCD.o
 .group         0x0000000000000000        0xc Stm32_f103c6_Drivers/LCD_Driver/LCD.o
 .group         0x0000000000000000        0xc Stm32_f103c6_Drivers/LCD_Driver/LCD.o
 .group         0x0000000000000000        0xc Stm32_f103c6_Drivers/LCD_Driver/LCD.o
 .group         0x0000000000000000        0xc Stm32_f103c6_Drivers/LCD_Driver/LCD.o
 .group         0x0000000000000000        0xc Stm32_f103c6_Drivers/LCD_Driver/LCD.o
 .group         0x0000000000000000        0xc Stm32_f103c6_Drivers/LCD_Driver/LCD.o
 .group         0x0000000000000000        0xc Stm32_f103c6_Drivers/LCD_Driver/LCD.o
 .group         0x0000000000000000        0xc Stm32_f103c6_Drivers/LCD_Driver/LCD.o
 .group         0x0000000000000000        0xc Stm32_f103c6_Drivers/LCD_Driver/LCD.o
 .group         0x0000000000000000        0xc Stm32_f103c6_Drivers/LCD_Driver/LCD.o
 .group         0x0000000000000000        0xc Stm32_f103c6_Drivers/LCD_Driver/LCD.o
 .group         0x0000000000000000        0xc Stm32_f103c6_Drivers/LCD_Driver/LCD.o
 .group         0x0000000000000000        0xc Stm32_f103c6_Drivers/LCD_Driver/LCD.o
 .text          0x0000000000000000        0x0 Stm32_f103c6_Drivers/LCD_Driver/LCD.o
 .data          0x0000000000000000        0x0 Stm32_f103c6_Drivers/LCD_Driver/LCD.o
 .bss           0x0000000000000000        0x0 Stm32_f103c6_Drivers/LCD_Driver/LCD.o
 .text.LCD_check_lcd_isbusy
                0x0000000000000000       0xd8 Stm32_f103c6_Drivers/LCD_Driver/LCD.o
 .debug_macro   0x0000000000000000      0xa60 Stm32_f103c6_Drivers/LCD_Driver/LCD.o
 .debug_macro   0x0000000000000000       0x10 Stm32_f103c6_Drivers/LCD_Driver/LCD.o
 .debug_macro   0x0000000000000000       0x18 Stm32_f103c6_Drivers/LCD_Driver/LCD.o
 .debug_macro   0x0000000000000000       0x22 Stm32_f103c6_Drivers/LCD_Driver/LCD.o
 .debug_macro   0x0000000000000000       0x40 Stm32_f103c6_Drivers/LCD_Driver/LCD.o
 .debug_macro   0x0000000000000000       0x94 Stm32_f103c6_Drivers/LCD_Driver/LCD.o
 .debug_macro   0x0000000000000000       0x3c Stm32_f103c6_Drivers/LCD_Driver/LCD.o
 .debug_macro   0x0000000000000000       0x34 Stm32_f103c6_Drivers/LCD_Driver/LCD.o
 .debug_macro   0x0000000000000000       0x16 Stm32_f103c6_Drivers/LCD_Driver/LCD.o
 .debug_macro   0x0000000000000000      0x10e Stm32_f103c6_Drivers/LCD_Driver/LCD.o
 .debug_macro   0x0000000000000000       0x8d Stm32_f103c6_Drivers/LCD_Driver/LCD.o
 .debug_macro   0x0000000000000000       0x57 Stm32_f103c6_Drivers/LCD_Driver/LCD.o
 .debug_macro   0x0000000000000000       0x52 Stm32_f103c6_Drivers/LCD_Driver/LCD.o
 .debug_macro   0x0000000000000000       0x1f Stm32_f103c6_Drivers/LCD_Driver/LCD.o
 .debug_macro   0x0000000000000000       0x43 Stm32_f103c6_Drivers/LCD_Driver/LCD.o
 .debug_macro   0x0000000000000000       0x20 Stm32_f103c6_Drivers/LCD_Driver/LCD.o
 .debug_macro   0x0000000000000000      0x1a3 Stm32_f103c6_Drivers/LCD_Driver/LCD.o
 .debug_macro   0x0000000000000000      0x330 Stm32_f103c6_Drivers/LCD_Driver/LCD.o
 .debug_macro   0x0000000000000000       0x16 Stm32_f103c6_Drivers/LCD_Driver/LCD.o
 .debug_macro   0x0000000000000000       0x29 Stm32_f103c6_Drivers/LCD_Driver/LCD.o
 .debug_macro   0x0000000000000000       0x1c Stm32_f103c6_Drivers/LCD_Driver/LCD.o
 .debug_macro   0x0000000000000000       0x35 Stm32_f103c6_Drivers/LCD_Driver/LCD.o
 .debug_macro   0x0000000000000000       0x10 Stm32_f103c6_Drivers/LCD_Driver/LCD.o
 .debug_macro   0x0000000000000000       0x10 Stm32_f103c6_Drivers/LCD_Driver/LCD.o
 .debug_macro   0x0000000000000000       0x6a Stm32_f103c6_Drivers/LCD_Driver/LCD.o
 .debug_macro   0x0000000000000000       0x1c Stm32_f103c6_Drivers/LCD_Driver/LCD.o
 .debug_macro   0x0000000000000000       0x52 Stm32_f103c6_Drivers/LCD_Driver/LCD.o
 .debug_macro   0x0000000000000000       0x40 Stm32_f103c6_Drivers/LCD_Driver/LCD.o
 .debug_macro   0x0000000000000000       0x10 Stm32_f103c6_Drivers/LCD_Driver/LCD.o
 .debug_macro   0x0000000000000000       0x40 Stm32_f103c6_Drivers/LCD_Driver/LCD.o
 .debug_macro   0x0000000000000000       0xd7 Stm32_f103c6_Drivers/LCD_Driver/LCD.o
 .debug_macro   0x0000000000000000       0x1c Stm32_f103c6_Drivers/LCD_Driver/LCD.o
 .debug_macro   0x0000000000000000       0x3d Stm32_f103c6_Drivers/LCD_Driver/LCD.o
 .debug_macro   0x0000000000000000       0x16 Stm32_f103c6_Drivers/LCD_Driver/LCD.o
 .debug_macro   0x0000000000000000      0x145 Stm32_f103c6_Drivers/LCD_Driver/LCD.o
 .debug_macro   0x0000000000000000       0xef Stm32_f103c6_Drivers/LCD_Driver/LCD.o
 .debug_macro   0x0000000000000000      0x1df Stm32_f103c6_Drivers/LCD_Driver/LCD.o
 .debug_macro   0x0000000000000000       0xaf Stm32_f103c6_Drivers/LCD_Driver/LCD.o
 .debug_macro   0x0000000000000000       0xd0 Stm32_f103c6_Drivers/LCD_Driver/LCD.o
 .debug_macro   0x0000000000000000       0x94 Stm32_f103c6_Drivers/LCD_Driver/LCD.o
 .group         0x0000000000000000        0xc Stm32_f103c6_Drivers/Stm32_f103c6_Drivers_Gpio.o
 .group         0x0000000000000000        0xc Stm32_f103c6_Drivers/Stm32_f103c6_Drivers_Gpio.o
 .group         0x0000000000000000        0xc Stm32_f103c6_Drivers/Stm32_f103c6_Drivers_Gpio.o
 .group         0x0000000000000000        0xc Stm32_f103c6_Drivers/Stm32_f103c6_Drivers_Gpio.o
 .group         0x0000000000000000        0xc Stm32_f103c6_Drivers/Stm32_f103c6_Drivers_Gpio.o
 .group         0x0000000000000000        0xc Stm32_f103c6_Drivers/Stm32_f103c6_Drivers_Gpio.o
 .group         0x0000000000000000        0xc Stm32_f103c6_Drivers/Stm32_f103c6_Drivers_Gpio.o
 .group         0x0000000000000000        0xc Stm32_f103c6_Drivers/Stm32_f103c6_Drivers_Gpio.o
 .group         0x0000000000000000        0xc Stm32_f103c6_Drivers/Stm32_f103c6_Drivers_Gpio.o
 .group         0x0000000000000000        0xc Stm32_f103c6_Drivers/Stm32_f103c6_Drivers_Gpio.o
 .group         0x0000000000000000        0xc Stm32_f103c6_Drivers/Stm32_f103c6_Drivers_Gpio.o
 .group         0x0000000000000000        0xc Stm32_f103c6_Drivers/Stm32_f103c6_Drivers_Gpio.o
 .group         0x0000000000000000        0xc Stm32_f103c6_Drivers/Stm32_f103c6_Drivers_Gpio.o
 .group         0x0000000000000000        0xc Stm32_f103c6_Drivers/Stm32_f103c6_Drivers_Gpio.o
 .group         0x0000000000000000        0xc Stm32_f103c6_Drivers/Stm32_f103c6_Drivers_Gpio.o
 .group         0x0000000000000000        0xc Stm32_f103c6_Drivers/Stm32_f103c6_Drivers_Gpio.o
 .group         0x0000000000000000        0xc Stm32_f103c6_Drivers/Stm32_f103c6_Drivers_Gpio.o
 .group         0x0000000000000000        0xc Stm32_f103c6_Drivers/Stm32_f103c6_Drivers_Gpio.o
 .group         0x0000000000000000        0xc Stm32_f103c6_Drivers/Stm32_f103c6_Drivers_Gpio.o
 .group         0x0000000000000000        0xc Stm32_f103c6_Drivers/Stm32_f103c6_Drivers_Gpio.o
 .group         0x0000000000000000        0xc Stm32_f103c6_Drivers/Stm32_f103c6_Drivers_Gpio.o
 .group         0x0000000000000000        0xc Stm32_f103c6_Drivers/Stm32_f103c6_Drivers_Gpio.o
 .group         0x0000000000000000        0xc Stm32_f103c6_Drivers/Stm32_f103c6_Drivers_Gpio.o
 .group         0x0000000000000000        0xc Stm32_f103c6_Drivers/Stm32_f103c6_Drivers_Gpio.o
 .text          0x0000000000000000        0x0 Stm32_f103c6_Drivers/Stm32_f103c6_Drivers_Gpio.o
 .data          0x0000000000000000        0x0 Stm32_f103c6_Drivers/Stm32_f103c6_Drivers_Gpio.o
 .bss           0x0000000000000000        0x0 Stm32_f103c6_Drivers/Stm32_f103c6_Drivers_Gpio.o
 .text.Get_IDR_Position
                0x0000000000000000       0xc6 Stm32_f103c6_Drivers/Stm32_f103c6_Drivers_Gpio.o
 .text.MCAL_GPIO_DeINIT
                0x0000000000000000       0xd4 Stm32_f103c6_Drivers/Stm32_f103c6_Drivers_Gpio.o
 .text.MCAL_GPIO_ReadPort
                0x0000000000000000       0x1a Stm32_f103c6_Drivers/Stm32_f103c6_Drivers_Gpio.o
 .text.MCAL_GPIO_TogglePin
                0x0000000000000000       0x22 Stm32_f103c6_Drivers/Stm32_f103c6_Drivers_Gpio.o
 .text.MCAL_GPIO_LOCKPin
                0x0000000000000000       0x4e Stm32_f103c6_Drivers/Stm32_f103c6_Drivers_Gpio.o
 .debug_macro   0x0000000000000000      0xa60 Stm32_f103c6_Drivers/Stm32_f103c6_Drivers_Gpio.o
 .debug_macro   0x0000000000000000       0x18 Stm32_f103c6_Drivers/Stm32_f103c6_Drivers_Gpio.o
 .debug_macro   0x0000000000000000       0x22 Stm32_f103c6_Drivers/Stm32_f103c6_Drivers_Gpio.o
 .debug_macro   0x0000000000000000       0x40 Stm32_f103c6_Drivers/Stm32_f103c6_Drivers_Gpio.o
 .debug_macro   0x0000000000000000       0x94 Stm32_f103c6_Drivers/Stm32_f103c6_Drivers_Gpio.o
 .debug_macro   0x0000000000000000       0x3c Stm32_f103c6_Drivers/Stm32_f103c6_Drivers_Gpio.o
 .debug_macro   0x0000000000000000       0x34 Stm32_f103c6_Drivers/Stm32_f103c6_Drivers_Gpio.o
 .debug_macro   0x0000000000000000       0x16 Stm32_f103c6_Drivers/Stm32_f103c6_Drivers_Gpio.o
 .debug_macro   0x0000000000000000      0x10e Stm32_f103c6_Drivers/Stm32_f103c6_Drivers_Gpio.o
 .debug_macro   0x0000000000000000       0x8d Stm32_f103c6_Drivers/Stm32_f103c6_Drivers_Gpio.o
 .debug_macro   0x0000000000000000       0x57 Stm32_f103c6_Drivers/Stm32_f103c6_Drivers_Gpio.o
 .debug_macro   0x0000000000000000       0x52 Stm32_f103c6_Drivers/Stm32_f103c6_Drivers_Gpio.o
 .debug_macro   0x0000000000000000       0x1f Stm32_f103c6_Drivers/Stm32_f103c6_Drivers_Gpio.o
 .debug_macro   0x0000000000000000       0x43 Stm32_f103c6_Drivers/Stm32_f103c6_Drivers_Gpio.o
 .debug_macro   0x0000000000000000       0x20 Stm32_f103c6_Drivers/Stm32_f103c6_Drivers_Gpio.o
 .debug_macro   0x0000000000000000      0x1a3 Stm32_f103c6_Drivers/Stm32_f103c6_Drivers_Gpio.o
 .debug_macro   0x0000000000000000      0x330 Stm32_f103c6_Drivers/Stm32_f103c6_Drivers_Gpio.o
 .debug_macro   0x0000000000000000       0x16 Stm32_f103c6_Drivers/Stm32_f103c6_Drivers_Gpio.o
 .debug_macro   0x0000000000000000       0x29 Stm32_f103c6_Drivers/Stm32_f103c6_Drivers_Gpio.o
 .debug_macro   0x0000000000000000       0xef Stm32_f103c6_Drivers/Stm32_f103c6_Drivers_Gpio.o
 .debug_macro   0x0000000000000000       0x6a Stm32_f103c6_Drivers/Stm32_f103c6_Drivers_Gpio.o
 .debug_macro   0x0000000000000000      0x1df Stm32_f103c6_Drivers/Stm32_f103c6_Drivers_Gpio.o
 .debug_macro   0x0000000000000000       0xaf Stm32_f103c6_Drivers/Stm32_f103c6_Drivers_Gpio.o
 .debug_macro   0x0000000000000000       0xd0 Stm32_f103c6_Drivers/Stm32_f103c6_Drivers_Gpio.o
 .text          0x0000000000000000        0x0 c:/st/stm32cubeide_1.4.0/stm32cubeide/plugins/com.st.stm32cube.ide.mcu.externaltools.gnu-tools-for-stm32.7-2018-q2-update.win32_1.4.0.202007081208/tools/bin/../lib/gcc/arm-none-eabi/7.3.1/../../../../arm-none-eabi/lib/thumb/v7-m\libc_nano.a(lib_a-errno.o)
 .data          0x0000000000000000        0x0 c:/st/stm32cubeide_1.4.0/stm32cubeide/plugins/com.st.stm32cube.ide.mcu.externaltools.gnu-tools-for-stm32.7-2018-q2-update.win32_1.4.0.202007081208/tools/bin/../lib/gcc/arm-none-eabi/7.3.1/../../../../arm-none-eabi/lib/thumb/v7-m\libc_nano.a(lib_a-errno.o)
 .bss           0x0000000000000000        0x0 c:/st/stm32cubeide_1.4.0/stm32cubeide/plugins/com.st.stm32cube.ide.mcu.externaltools.gnu-tools-for-stm32.7-2018-q2-update.win32_1.4.0.202007081208/tools/bin/../lib/gcc/arm-none-eabi/7.3.1/../../../../arm-none-eabi/lib/thumb/v7-m\libc_nano.a(lib_a-errno.o)
 .text.__errno  0x0000000000000000        0xc c:/st/stm32cubeide_1.4.0/stm32cubeide/plugins/com.st.stm32cube.ide.mcu.externaltools.gnu-tools-for-stm32.7-2018-q2-update.win32_1.4.0.202007081208/tools/bin/../lib/gcc/arm-none-eabi/7.3.1/../../../../arm-none-eabi/lib/thumb/v7-m\libc_nano.a(lib_a-errno.o)
 .debug_frame   0x0000000000000000       0x20 c:/st/stm32cubeide_1.4.0/stm32cubeide/plugins/com.st.stm32cube.ide.mcu.externaltools.gnu-tools-for-stm32.7-2018-q2-update.win32_1.4.0.202007081208/tools/bin/../lib/gcc/arm-none-eabi/7.3.1/../../../../arm-none-eabi/lib/thumb/v7-m\libc_nano.a(lib_a-errno.o)
 .ARM.attributes
                0x0000000000000000       0x2d c:/st/stm32cubeide_1.4.0/stm32cubeide/plugins/com.st.stm32cube.ide.mcu.externaltools.gnu-tools-for-stm32.7-2018-q2-update.win32_1.4.0.202007081208/tools/bin/../lib/gcc/arm-none-eabi/7.3.1/../../../../arm-none-eabi/lib/thumb/v7-m\libc_nano.a(lib_a-errno.o)
 .text          0x0000000000000000        0x0 c:/st/stm32cubeide_1.4.0/stm32cubeide/plugins/com.st.stm32cube.ide.mcu.externaltools.gnu-tools-for-stm32.7-2018-q2-update.win32_1.4.0.202007081208/tools/bin/../lib/gcc/arm-none-eabi/7.3.1/../../../../arm-none-eabi/lib/thumb/v7-m\libc_nano.a(lib_a-exit.o)
 .data          0x0000000000000000        0x0 c:/st/stm32cubeide_1.4.0/stm32cubeide/plugins/com.st.stm32cube.ide.mcu.externaltools.gnu-tools-for-stm32.7-2018-q2-update.win32_1.4.0.202007081208/tools/bin/../lib/gcc/arm-none-eabi/7.3.1/../../../../arm-none-eabi/lib/thumb/v7-m\libc_nano.a(lib_a-exit.o)
 .bss           0x0000000000000000        0x0 c:/st/stm32cubeide_1.4.0/stm32cubeide/plugins/com.st.stm32cube.ide.mcu.externaltools.gnu-tools-for-stm32.7-2018-q2-update.win32_1.4.0.202007081208/tools/bin/../lib/gcc/arm-none-eabi/7.3.1/../../../../arm-none-eabi/lib/thumb/v7-m\libc_nano.a(lib_a-exit.o)
 .text.exit     0x0000000000000000       0x28 c:/st/stm32cubeide_1.4.0/stm32cubeide/plugins/com.st.stm32cube.ide.mcu.externaltools.gnu-tools-for-stm32.7-2018-q2-update.win32_1.4.0.202007081208/tools/bin/../lib/gcc/arm-none-eabi/7.3.1/../../../../arm-none-eabi/lib/thumb/v7-m\libc_nano.a(lib_a-exit.o)
 .debug_frame   0x0000000000000000       0x28 c:/st/stm32cubeide_1.4.0/stm32cubeide/plugins/com.st.stm32cube.ide.mcu.externaltools.gnu-tools-for-stm32.7-2018-q2-update.win32_1.4.0.202007081208/tools/bin/../lib/gcc/arm-none-eabi/7.3.1/../../../../arm-none-eabi/lib/thumb/v7-m\libc_nano.a(lib_a-exit.o)
 .ARM.attributes
                0x0000000000000000       0x2d c:/st/stm32cubeide_1.4.0/stm32cubeide/plugins/com.st.stm32cube.ide.mcu.externaltools.gnu-tools-for-stm32.7-2018-q2-update.win32_1.4.0.202007081208/tools/bin/../lib/gcc/arm-none-eabi/7.3.1/../../../../arm-none-eabi/lib/thumb/v7-m\libc_nano.a(lib_a-exit.o)
 .text          0x0000000000000000        0x0 c:/st/stm32cubeide_1.4.0/stm32cubeide/plugins/com.st.stm32cube.ide.mcu.externaltools.gnu-tools-for-stm32.7-2018-q2-update.win32_1.4.0.202007081208/tools/bin/../lib/gcc/arm-none-eabi/7.3.1/../../../../arm-none-eabi/lib/thumb/v7-m\libc_nano.a(lib_a-impure.o)
 .data          0x0000000000000000        0x0 c:/st/stm32cubeide_1.4.0/stm32cubeide/plugins/com.st.stm32cube.ide.mcu.externaltools.gnu-tools-for-stm32.7-2018-q2-update.win32_1.4.0.202007081208/tools/bin/../lib/gcc/arm-none-eabi/7.3.1/../../../../arm-none-eabi/lib/thumb/v7-m\libc_nano.a(lib_a-impure.o)
 .bss           0x0000000000000000        0x0 c:/st/stm32cubeide_1.4.0/stm32cubeide/plugins/com.st.stm32cube.ide.mcu.externaltools.gnu-tools-for-stm32.7-2018-q2-update.win32_1.4.0.202007081208/tools/bin/../lib/gcc/arm-none-eabi/7.3.1/../../../../arm-none-eabi/lib/thumb/v7-m\libc_nano.a(lib_a-impure.o)
 .data._impure_ptr
                0x0000000000000000        0x4 c:/st/stm32cubeide_1.4.0/stm32cubeide/plugins/com.st.stm32cube.ide.mcu.externaltools.gnu-tools-for-stm32.7-2018-q2-update.win32_1.4.0.202007081208/tools/bin/../lib/gcc/arm-none-eabi/7.3.1/../../../../arm-none-eabi/lib/thumb/v7-m\libc_nano.a(lib_a-impure.o)
 .data.impure_data
                0x0000000000000000       0x60 c:/st/stm32cubeide_1.4.0/stm32cubeide/plugins/com.st.stm32cube.ide.mcu.externaltools.gnu-tools-for-stm32.7-2018-q2-update.win32_1.4.0.202007081208/tools/bin/../lib/gcc/arm-none-eabi/7.3.1/../../../../arm-none-eabi/lib/thumb/v7-m\libc_nano.a(lib_a-impure.o)
 .rodata._global_impure_ptr
                0x0000000000000000        0x4 c:/st/stm32cubeide_1.4.0/stm32cubeide/plugins/com.st.stm32cube.ide.mcu.externaltools.gnu-tools-for-stm32.7-2018-q2-update.win32_1.4.0.202007081208/tools/bin/../lib/gcc/arm-none-eabi/7.3.1/../../../../arm-none-eabi/lib/thumb/v7-m\libc_nano.a(lib_a-impure.o)
 .ARM.attributes
                0x0000000000000000       0x2d c:/st/stm32cubeide_1.4.0/stm32cubeide/plugins/com.st.stm32cube.ide.mcu.externaltools.gnu-tools-for-stm32.7-2018-q2-update.win32_1.4.0.202007081208/tools/bin/../lib/gcc/arm-none-eabi/7.3.1/../../../../arm-none-eabi/lib/thumb/v7-m\libc_nano.a(lib_a-impure.o)
 .text          0x0000000000000000        0x0 c:/st/stm32cubeide_1.4.0/stm32cubeide/plugins/com.st.stm32cube.ide.mcu.externaltools.gnu-tools-for-stm32.7-2018-q2-update.win32_1.4.0.202007081208/tools/bin/../lib/gcc/arm-none-eabi/7.3.1/../../../../arm-none-eabi/lib/thumb/v7-m\libc_nano.a(lib_a-init.o)
 .data          0x0000000000000000        0x0 c:/st/stm32cubeide_1.4.0/stm32cubeide/plugins/com.st.stm32cube.ide.mcu.externaltools.gnu-tools-for-stm32.7-2018-q2-update.win32_1.4.0.202007081208/tools/bin/../lib/gcc/arm-none-eabi/7.3.1/../../../../arm-none-eabi/lib/thumb/v7-m\libc_nano.a(lib_a-init.o)
 .bss           0x0000000000000000        0x0 c:/st/stm32cubeide_1.4.0/stm32cubeide/plugins/com.st.stm32cube.ide.mcu.externaltools.gnu-tools-for-stm32.7-2018-q2-update.win32_1.4.0.202007081208/tools/bin/../lib/gcc/arm-none-eabi/7.3.1/../../../../arm-none-eabi/lib/thumb/v7-m\libc_nano.a(lib_a-init.o)
 .text          0x0000000000000000        0x0 c:/st/stm32cubeide_1.4.0/stm32cubeide/plugins/com.st.stm32cube.ide.mcu.externaltools.gnu-tools-for-stm32.7-2018-q2-update.win32_1.4.0.202007081208/tools/bin/../lib/gcc/arm-none-eabi/7.3.1/../../../../arm-none-eabi/lib/thumb/v7-m\libc_nano.a(lib_a-memset.o)
 .data          0x0000000000000000        0x0 c:/st/stm32cubeide_1.4.0/stm32cubeide/plugins/com.st.stm32cube.ide.mcu.externaltools.gnu-tools-for-stm32.7-2018-q2-update.win32_1.4.0.202007081208/tools/bin/../lib/gcc/arm-none-eabi/7.3.1/../../../../arm-none-eabi/lib/thumb/v7-m\libc_nano.a(lib_a-memset.o)
 .bss           0x0000000000000000        0x0 c:/st/stm32cubeide_1.4.0/stm32cubeide/plugins/com.st.stm32cube.ide.mcu.externaltools.gnu-tools-for-stm32.7-2018-q2-update.win32_1.4.0.202007081208/tools/bin/../lib/gcc/arm-none-eabi/7.3.1/../../../../arm-none-eabi/lib/thumb/v7-m\libc_nano.a(lib_a-memset.o)
 .text.memset   0x0000000000000000       0x10 c:/st/stm32cubeide_1.4.0/stm32cubeide/plugins/com.st.stm32cube.ide.mcu.externaltools.gnu-tools-for-stm32.7-2018-q2-update.win32_1.4.0.202007081208/tools/bin/../lib/gcc/arm-none-eabi/7.3.1/../../../../arm-none-eabi/lib/thumb/v7-m\libc_nano.a(lib_a-memset.o)
 .debug_frame   0x0000000000000000       0x20 c:/st/stm32cubeide_1.4.0/stm32cubeide/plugins/com.st.stm32cube.ide.mcu.externaltools.gnu-tools-for-stm32.7-2018-q2-update.win32_1.4.0.202007081208/tools/bin/../lib/gcc/arm-none-eabi/7.3.1/../../../../arm-none-eabi/lib/thumb/v7-m\libc_nano.a(lib_a-memset.o)
 .ARM.attributes
                0x0000000000000000       0x2d c:/st/stm32cubeide_1.4.0/stm32cubeide/plugins/com.st.stm32cube.ide.mcu.externaltools.gnu-tools-for-stm32.7-2018-q2-update.win32_1.4.0.202007081208/tools/bin/../lib/gcc/arm-none-eabi/7.3.1/../../../../arm-none-eabi/lib/thumb/v7-m\libc_nano.a(lib_a-memset.o)
 .text          0x0000000000000000        0x0 c:/st/stm32cubeide_1.4.0/stm32cubeide/plugins/com.st.stm32cube.ide.mcu.externaltools.gnu-tools-for-stm32.7-2018-q2-update.win32_1.4.0.202007081208/tools/bin/../lib/gcc/arm-none-eabi/7.3.1/thumb/v7-m/crtend.o
 .data          0x0000000000000000        0x0 c:/st/stm32cubeide_1.4.0/stm32cubeide/plugins/com.st.stm32cube.ide.mcu.externaltools.gnu-tools-for-stm32.7-2018-q2-update.win32_1.4.0.202007081208/tools/bin/../lib/gcc/arm-none-eabi/7.3.1/thumb/v7-m/crtend.o
 .bss           0x0000000000000000        0x0 c:/st/stm32cubeide_1.4.0/stm32cubeide/plugins/com.st.stm32cube.ide.mcu.externaltools.gnu-tools-for-stm32.7-2018-q2-update.win32_1.4.0.202007081208/tools/bin/../lib/gcc/arm-none-eabi/7.3.1/thumb/v7-m/crtend.o
 .eh_frame      0x0000000000000000        0x4 c:/st/stm32cubeide_1.4.0/stm32cubeide/plugins/com.st.stm32cube.ide.mcu.externaltools.gnu-tools-for-stm32.7-2018-q2-update.win32_1.4.0.202007081208/tools/bin/../lib/gcc/arm-none-eabi/7.3.1/thumb/v7-m/crtend.o
 .ARM.attributes
                0x0000000000000000       0x2d c:/st/stm32cubeide_1.4.0/stm32cubeide/plugins/com.st.stm32cube.ide.mcu.externaltools.gnu-tools-for-stm32.7-2018-q2-update.win32_1.4.0.202007081208/tools/bin/../lib/gcc/arm-none-eabi/7.3.1/thumb/v7-m/crtend.o
 .text          0x0000000000000000        0x0 c:/st/stm32cubeide_1.4.0/stm32cubeide/plugins/com.st.stm32cube.ide.mcu.externaltools.gnu-tools-for-stm32.7-2018-q2-update.win32_1.4.0.202007081208/tools/bin/../lib/gcc/arm-none-eabi/7.3.1/thumb/v7-m/crtn.o
 .data          0x0000000000000000        0x0 c:/st/stm32cubeide_1.4.0/stm32cubeide/plugins/com.st.stm32cube.ide.mcu.externaltools.gnu-tools-for-stm32.7-2018-q2-update.win32_1.4.0.202007081208/tools/bin/../lib/gcc/arm-none-eabi/7.3.1/thumb/v7-m/crtn.o
 .bss           0x0000000000000000        0x0 c:/st/stm32cubeide_1.4.0/stm32cubeide/plugins/com.st.stm32cube.ide.mcu.externaltools.gnu-tools-for-stm32.7-2018-q2-update.win32_1.4.0.202007081208/tools/bin/../lib/gcc/arm-none-eabi/7.3.1/thumb/v7-m/crtn.o

Memory Configuration

Name             Origin             Length             Attributes
RAM              0x0000000020000000 0x0000000000002800 xrw
ROM              0x0000000008000000 0x0000000000008000 xr
*default*        0x0000000000000000 0xffffffffffffffff

Linker script and memory map

LOAD c:/st/stm32cubeide_1.4.0/stm32cubeide/plugins/com.st.stm32cube.ide.mcu.externaltools.gnu-tools-for-stm32.7-2018-q2-update.win32_1.4.0.202007081208/tools/bin/../lib/gcc/arm-none-eabi/7.3.1/thumb/v7-m/crti.o
LOAD c:/st/stm32cubeide_1.4.0/stm32cubeide/plugins/com.st.stm32cube.ide.mcu.externaltools.gnu-tools-for-stm32.7-2018-q2-update.win32_1.4.0.202007081208/tools/bin/../lib/gcc/arm-none-eabi/7.3.1/thumb/v7-m/crtbegin.o
LOAD c:/st/stm32cubeide_1.4.0/stm32cubeide/plugins/com.st.stm32cube.ide.mcu.externaltools.gnu-tools-for-stm32.7-2018-q2-update.win32_1.4.0.202007081208/tools/bin/../lib/gcc/arm-none-eabi/7.3.1/../../../../arm-none-eabi/lib/thumb/v7-m/crt0.o
LOAD Src/main.o
LOAD Src/syscalls.o
LOAD Src/sysmem.o
LOAD Startup/startup_stm32f103c6tx.o
LOAD Stm32_f103c6_Drivers/KeyPad_Driver/KEY_PAD.o
LOAD Stm32_f103c6_Drivers/LCD_Driver/LCD.o
LOAD Stm32_f103c6_Drivers/Stm32_f103c6_Drivers_Gpio.o
START GROUP
LOAD c:/st/stm32cubeide_1.4.0/stm32cubeide/plugins/com.st.stm32cube.ide.mcu.externaltools.gnu-tools-for-stm32.7-2018-q2-update.win32_1.4.0.202007081208/tools/bin/../lib/gcc/arm-none-eabi/7.3.1/../../../../arm-none-eabi/lib/thumb/v7-m\libc_nano.a
LOAD c:/st/stm32cubeide_1.4.0/stm32cubeide/plugins/com.st.stm32cube.ide.mcu.externaltools.gnu-tools-for-stm32.7-2018-q2-update.win32_1.4.0.202007081208/tools/bin/../lib/gcc/arm-none-eabi/7.3.1/../../../../arm-none-eabi/lib/thumb/v7-m\libm.a
END GROUP
START GROUP
LOAD c:/st/stm32cubeide_1.4.0/stm32cubeide/plugins/com.st.stm32cube.ide.mcu.externaltools.gnu-tools-for-stm32.7-2018-q2-update.win32_1.4.0.202007081208/tools/bin/../lib/gcc/arm-none-eabi/7.3.1/thumb/v7-m\libgcc.a
LOAD c:/st/stm32cubeide_1.4.0/stm32cubeide/plugins/com.st.stm32cube.ide.mcu.externaltools.gnu-tools-for-stm32.7-2018-q2-update.win32_1.4.0.202007081208/tools/bin/../lib/gcc/arm-none-eabi/7.3.1/../../../../arm-none-eabi/lib/thumb/v7-m\libg_nano.a
LOAD c:/st/stm32cubeide_1.4.0/stm32cubeide/plugins/com.st.stm32cube.ide.mcu.externaltools.gnu-tools-for-stm32.7-2018-q2-update.win32_1.4.0.202007081208/tools/bin/../lib/gcc/arm-none-eabi/7.3.1/../../../../arm-none-eabi/lib/thumb/v7-m\libc_nano.a
END GROUP
START GROUP
LOAD c:/st/stm32cubeide_1.4.0/stm32cubeide/plugins/com.st.stm32cube.ide.mcu.externaltools.gnu-tools-for-stm32.7-2018-q2-update.win32_1.4.0.202007081208/tools/bin/../lib/gcc/arm-none-eabi/7.3.1/thumb/v7-m\libgcc.a
LOAD c:/st/stm32cubeide_1.4.0/stm32cubeide/plugins/com.st.stm32cube.ide.mcu.externaltools.gnu-tools-for-stm32.7-2018-q2-update.win32_1.4.0.202007081208/tools/bin/../lib/gcc/arm-none-eabi/7.3.1/../../../../arm-none-eabi/lib/thumb/v7-m\libc_nano.a
LOAD c:/st/stm32cubeide_1.4.0/stm32cubeide/plugins/com.st.stm32cube.ide.mcu.externaltools.gnu-tools-for-stm32.7-2018-q2-update.win32_1.4.0.202007081208/tools/bin/../lib/gcc/arm-none-eabi/7.3.1/../../../../arm-none-eabi/lib/thumb/v7-m\libnosys.a
END GROUP
START GROUP
LOAD c:/st/stm32cubeide_1.4.0/stm32cubeide/plugins/com.st.stm32cube.ide.mcu.externaltools.gnu-tools-for-stm32.7-2018-q2-update.win32_1.4.0.202007081208/tools/bin/../lib/gcc/arm-none-eabi/7.3.1/thumb/v7-m\libgcc.a
LOAD c:/st/stm32cubeide_1.4.0/stm32cubeide/plugins/com.st.stm32cube.ide.mcu.externaltools.gnu-tools-for-stm32.7-2018-q2-update.win32_1.4.0.202007081208/tools/bin/../lib/gcc/arm-none-eabi/7.3.1/../../../../arm-none-eabi/lib/thumb/v7-m\libc_nano.a
LOAD c:/st/stm32cubeide_1.4.0/stm32cubeide/plugins/com.st.stm32cube.ide.mcu.externaltools.gnu-tools-for-stm32.7-2018-q2-update.win32_1.4.0.202007081208/tools/bin/../lib/gcc/arm-none-eabi/7.3.1/../../../../arm-none-eabi/lib/thumb/v7-m\libnosys.a
END GROUP
LOAD c:/st/stm32cubeide_1.4.0/stm32cubeide/plugins/com.st.stm32cube.ide.mcu.externaltools.gnu-tools-for-stm32.7-2018-q2-update.win32_1.4.0.202007081208/tools/bin/../lib/gcc/arm-none-eabi/7.3.1/thumb/v7-m/crtend.o
LOAD c:/st/stm32cubeide_1.4.0/stm32cubeide/plugins/com.st.stm32cube.ide.mcu.externaltools.gnu-tools-for-stm32.7-2018-q2-update.win32_1.4.0.202007081208/tools/bin/../lib/gcc/arm-none-eabi/7.3.1/thumb/v7-m/crtn.o
                0x0000000020002800                _estack = (ORIGIN (RAM) + LENGTH (RAM))
                0x0000000000000200                _Min_Heap_Size = 0x200
                0x0000000000000400                _Min_Stack_Size = 0x400

.isr_vector     0x0000000008000000      0x130
                0x0000000008000000                . = ALIGN (0x4)
 *(.isr_vector)
 .isr_vector    0x0000000008000000      0x130 Startup/startup_stm32f103c6tx.o
                0x0000000008000000                g_pfnVectors
                0x0000000008000130                . = ALIGN (0x4)

.text           0x0000000008000130      0x940
                0x0000000008000130                . = ALIGN (0x4)
 *(.text)
 .text          0x0000000008000130       0x40 c:/st/stm32cubeide_1.4.0/stm32cubeide/plugins/com.st.stm32cube.ide.mcu.externaltools.gnu-tools-for-stm32.7-2018-q2-update.win32_1.4.0.202007081208/tools/bin/../lib/gcc/arm-none-eabi/7.3.1/thumb/v7-m/crtbegin.o
 *(.text*)
 .text.LCD_Send_String
                0x0000000008000170       0x58 Src/main.o
                0x0000000008000170                LCD_Send_String
 .text.clock_Init
                0x00000000080001c8       0x28 Src/main.o
                0x00000000080001c8                clock_Init
 .text.my_wait  0x00000000080001f0       0x3a Src/main.o
                0x00000000080001f0                my_wait
 *fill*         0x000000000800022a        0x2 
 .text.main     0x000000000800022c       0x70 Src/main.o
                0x000000000800022c                main
 .text.Reset_Handler
                0x000000000800029c       0x50 Startup/startup_stm32f103c6tx.o
                0x000000000800029c                Reset_Handler
 .text.Default_Handler
                0x00000000080002ec        0x2 Startup/startup_stm32f103c6tx.o
                0x00000000080002ec                EXTI2_IRQHandler
                0x00000000080002ec                TIM8_TRG_COM_IRQHandler
                0x00000000080002ec                TIM8_CC_IRQHandler
                0x00000000080002ec                DebugMon_Handler
                0x00000000080002ec                TIM1_CC_IRQHandler
                0x00000000080002ec                HardFault_Handler
                0x00000000080002ec                TIM6_IRQHandler
                0x00000000080002ec                SysTick_Handler
                0x00000000080002ec                PVD_IRQHandler
                0x00000000080002ec                SDIO_IRQHandler
                0x00000000080002ec                PendSV_Handler
                0x00000000080002ec                NMI_Handler
                0x00000000080002ec                EXTI3_IRQHandler
                0x00000000080002ec                USB_HP_CAN_TX_IRQHandler
                0x00000000080002ec                EXTI0_IRQHandler
                0x00000000080002ec                I2C2_EV_IRQHandler
                0x00000000080002ec                UsageFault_Handler
                0x00000000080002ec                ADC1_2_IRQHandler
                0x00000000080002ec                SPI1_IRQHandler
                0x00000000080002ec                CAN_SCE_IRQHandler
                0x00000000080002ec                TAMPER_IRQHandler
                0x00000000080002ec                TIM8_UP_IRQHandler
                0x00000000080002ec                DMA2_Channel2_IRQHandler
                0x00000000080002ec                DMA1_Channel4_IRQHandler
                0x00000000080002ec                USART3_IRQHandler
                0x00000000080002ec                RTC_IRQHandler
                0x00000000080002ec                DMA1_Channel7_IRQHandler
                0x00000000080002ec                UART5_IRQHandler
                0x00000000080002ec                ADC3_IRQHandler
                0x00000000080002ec                TIM4_IRQHandler
                0x00000000080002ec                CAN_RX1_IRQHandler
                0x00000000080002ec                DMA2_Channel1_IRQHandler
                0x00000000080002ec                I2C1_EV_IRQHandler
                0x00000000080002ec                DMA1_Channel6_IRQHandler
                0x00000000080002ec                UART4_IRQHandler
                0x00000000080002ec                TIM3_IRQHandler
                0x00000000080002ec                RCC_IRQHandler
                0x00000000080002ec                TIM1_TRG_COM_IRQHandler
                0x00000000080002ec                DMA1_Channel1_IRQHandler
                0x00000000080002ec                Default_Handler
                0x00000000080002ec                EXTI15_10_IRQHandler
                0x00000000080002ec                TIM7_IRQHandler
                0x00000000080002ec                TIM5_IRQHandler
                0x00000000080002ec                EXTI9_5_IRQHandler
                0x00000000080002ec                SPI2_IRQHandler
                0x00000000080002ec                USB_LP_CAN_RX0_IRQHandler
                0x00000000080002ec                MemManage_Handler
                0x00000000080002ec                SVC_Handler
                0x00000000080002ec                DMA1_Channel5_IRQHandler
                0x00000000080002ec                EXTI4_IRQHandler
                0x00000000080002ec                DMA1_Channel3_IRQHandler
                0x00000000080002ec                FSMC_IRQHandler
                0x00000000080002ec                TIM1_UP_IRQHandler
                0x00000000080002ec                WWDG_IRQHandler
                0x00000000080002ec                TIM2_IRQHandler
                0x00000000080002ec                TIM1_BRK_IRQHandler
                0x00000000080002ec                EXTI1_IRQHandler
                0x00000000080002ec                RTCAlarm_IRQHandler
                0x00000000080002ec                DMA2_Channel4_5_IRQHandler
                0x00000000080002ec                USART2_IRQHandler
                0x00000000080002ec                I2C2_ER_IRQHandler
                0x00000000080002ec                DMA1_Channel2_IRQHandler
                0x00000000080002ec                TIM8_BRK_IRQHandler
                0x00000000080002ec                FLASH_IRQHandler
                0x00000000080002ec                BusFault_Handler
                0x00000000080002ec                USART1_IRQHandler
                0x00000000080002ec                SPI3_IRQHandler
                0x00000000080002ec                I2C1_ER_IRQHandler
                0x00000000080002ec                DMA2_Channel3_IRQHandler
 *fill*         0x00000000080002ee        0x2 
 .text.Keypad_init
                0x00000000080002f0       0xec Stm32_f103c6_Drivers/KeyPad_Driver/KEY_PAD.o
                0x00000000080002f0                Keypad_init
 .text.Keypad_getkey
                0x00000000080003dc      0x194 Stm32_f103c6_Drivers/KeyPad_Driver/KEY_PAD.o
                0x00000000080003dc                Keypad_getkey
 .text.LCD_clear_screen
                0x0000000008000570        0xe Stm32_f103c6_Drivers/LCD_Driver/LCD.o
                0x0000000008000570                LCD_clear_screen
 *fill*         0x000000000800057e        0x2 
 .text.LCD_lcd_kick
                0x0000000008000580       0x2c Stm32_f103c6_Drivers/LCD_Driver/LCD.o
                0x0000000008000580                LCD_lcd_kick
 .text.LCD_GOTO_XY
                0x00000000080005ac       0x48 Stm32_f103c6_Drivers/LCD_Driver/LCD.o
                0x00000000080005ac                LCD_GOTO_XY
 .text.LCD_init
                0x00000000080005f4      0x15c Stm32_f103c6_Drivers/LCD_Driver/LCD.o
                0x00000000080005f4                LCD_init
 .text.LCD_Send_A_Command
                0x0000000008000750       0x44 Stm32_f103c6_Drivers/LCD_Driver/LCD.o
                0x0000000008000750                LCD_Send_A_Command
 .text.LCD_Send_A_Character
                0x0000000008000794       0x44 Stm32_f103c6_Drivers/LCD_Driver/LCD.o
                0x0000000008000794                LCD_Send_A_Character
 .text.Get_CRLH_Position
                0x00000000080007d8       0xc6 Stm32_f103c6_Drivers/Stm32_f103c6_Drivers_Gpio.o
                0x00000000080007d8                Get_CRLH_Position
 .text.MCAL_GPIO_INIT
                0x000000000800089e       0xfa Stm32_f103c6_Drivers/Stm32_f103c6_Drivers_Gpio.o
                0x000000000800089e                MCAL_GPIO_INIT
 .text.MCAL_GPIO_ReadPin
                0x0000000008000998       0x2e Stm32_f103c6_Drivers/Stm32_f103c6_Drivers_Gpio.o
                0x0000000008000998                MCAL_GPIO_ReadPin
 .text.MCAL_GPIO_WritePin
                0x00000000080009c6       0x2e Stm32_f103c6_Drivers/Stm32_f103c6_Drivers_Gpio.o
                0x00000000080009c6                MCAL_GPIO_WritePin
 .text.MCAL_GPIO_WritePort
                0x00000000080009f4       0x1c Stm32_f103c6_Drivers/Stm32_f103c6_Drivers_Gpio.o
                0x00000000080009f4                MCAL_GPIO_WritePort
 .text.__libc_init_array
                0x0000000008000a10       0x48 c:/st/stm32cubeide_1.4.0/stm32cubeide/plugins/com.st.stm32cube.ide.mcu.externaltools.gnu-tools-for-stm32.7-2018-q2-update.win32_1.4.0.202007081208/tools/bin/../lib/gcc/arm-none-eabi/7.3.1/../../../../arm-none-eabi/lib/thumb/v7-m\libc_nano.a(lib_a-init.o)
                0x0000000008000a10                __libc_init_array
 *(.glue_7)
 .glue_7        0x0000000008000a58        0x0 linker stubs
 *(.glue_7t)
 .glue_7t       0x0000000008000a58        0x0 linker stubs
 *(.eh_frame)
 .eh_frame      0x0000000008000a58        0x0 c:/st/stm32cubeide_1.4.0/stm32cubeide/plugins/com.st.stm32cube.ide.mcu.externaltools.gnu-tools-for-stm32.7-2018-q2-update.win32_1.4.0.202007081208/tools/bin/../lib/gcc/arm-none-eabi/7.3.1/thumb/v7-m/crtbegin.o
 *(.init)
 .init          0x0000000008000a58        0x4 c:/st/stm32cubeide_1.4.0/stm32cubeide/plugins/com.st.stm32cube.ide.mcu.externaltools.gnu-tools-for-stm32.7-2018-q2-update.win32_1.4.0.202007081208/tools/bin/../lib/gcc/arm-none-eabi/7.3.1/thumb/v7-m/crti.o
                0x0000000008000a58                _init
 .init          0x0000000008000a5c        0x8 c:/st/stm32cubeide_1.4.0/stm32cubeide/plugins/com.st.stm32cube.ide.mcu.externaltools.gnu-tools-for-stm32.7-2018-q2-update.win32_1.4.0.202007081208/tools/bin/../lib/gcc/arm-none-eabi/7.3.1/thumb/v7-m/crtn.o
 *(.fini)
 .fini          0x0000000008000a64        0x4 c:/st/stm32cubeide_1.4.0/stm32cubeide/plugins/com.st.stm32cube.ide.mcu.externaltools.gnu-tools-for-stm32.7-2018-q2-update.win32_1.4.0.202007081208/tools/bin/../lib/gcc/arm-none-eabi/7.3.1/thumb/v7-m/crti.o
                0x0000000008000a64                _fini
 .fini          0x0000000008000a68        0x8 c:/st/stm32cubeide_1.4.0/stm32cubeide/plugins/com.st.stm32cube.ide.mcu.externaltools.gnu-tools-for-stm32.7-2018-q2-update.win32_1.4.0.202007081208/tools/bin/../lib/gcc/arm-none-eabi/7.3.1/thumb/v7-m/crtn.o
                0x0000000008000a70                . = ALIGN (0x4)
                0x0000000008000a70                _etext = .

.vfp11_veneer   0x0000000008000a70        0x0
 .vfp11_veneer  0x0000000008000a70        0x0 linker stubs

.v4_bx          0x0000000008000a70        0x0
 .v4_bx         0x0000000008000a70        0x0 linker stubs

.iplt           0x0000000008000a70        0x0
 .iplt          0x0000000008000a70        0x0 c:/st/stm32cubeide_1.4.0/stm32cubeide/plugins/com.st.stm32cube.ide.mcu.externaltools.gnu-tools-for-stm32.7-2018-q2-update.win32_1.4.0.202007081208/tools/bin/../lib/gcc/arm-none-eabi/7.3.1/thumb/v7-m/crtbegin.o

.rodata         0x0000000008000a70       0x14
                0x0000000008000a70                . = ALIGN (0x4)
 *(.rodata)
 .rodata        0x0000000008000a70       0x14 Src/main.o
 *(.rodata*)
                0x0000000008000a84                . = ALIGN (0x4)

.rel.dyn        0x0000000008000a84        0x0
 .rel.iplt      0x0000000008000a84        0x0 c:/st/stm32cubeide_1.4.0/stm32cubeide/plugins/com.st.stm32cube.ide.mcu.externaltools.gnu-tools-for-stm32.7-2018-q2-update.win32_1.4.0.202007081208/tools/bin/../lib/gcc/arm-none-eabi/7.3.1/thumb/v7-m/crtbegin.o

.ARM.extab      0x0000000008000a84        0x0
                0x0000000008000a84                . = ALIGN (0x4)
 *(.ARM.extab* .gnu.linkonce.armextab.*)
                0x0000000008000a84                . = ALIGN (0x4)

.ARM            0x0000000008000a84        0x0
                0x0000000008000a84                . = ALIGN (0x4)
                0x0000000008000a84                __exidx_start = .
 *(.ARM.exidx*)
                0x0000000008000a84                __exidx_end = .
                0x0000000008000a84                . = ALIGN (0x4)

.preinit_array  0x0000000008000a84        0x0
                0x0000000008000a84                . = ALIGN (0x4)
                0x0000000008000a84                PROVIDE (__preinit_array_start = .)
 *(.preinit_array*)
                0x0000000008000a84                PROVIDE (__preinit_array_end = .)
                0x0000000008000a84                . = ALIGN (0x4)

.init_array     0x0000000008000a84        0x4
                0x0000000008000a84                . = ALIGN (0x4)
                0x0000000008000a84                PROVIDE (__init_array_start = .)
 *(SORT_BY_NAME(.init_array.*))
 *(.init_array*)
 .init_array    0x0000000008000a84        0x4 c:/st/stm32cubeide_1.4.0/stm32cubeide/plugins/com.st.stm32cube.ide.mcu.externaltools.gnu-tools-for-stm32.7-2018-q2-update.win32_1.4.0.202007081208/tools/bin/../lib/gcc/arm-none-eabi/7.3.1/thumb/v7-m/crtbegin.o
                0x0000000008000a88                PROVIDE (__init_array_end = .)
                0x0000000008000a88                . = ALIGN (0x4)

.fini_array     0x0000000008000a88        0x4
                0x0000000008000a88                . = ALIGN (0x4)
                [!provide]                        PROVIDE (__fini_array_start = .)
 *(SORT_BY_NAME(.fini_array.*))
 *(.fini_array*)
 .fini_array    0x0000000008000a88        0x4 c:/st/stm32cubeide_1.4.0/stm32cubeide/plugins/com.st.stm32cube.ide.mcu.externaltools.gnu-tools-for-stm32.7-2018-q2-update.win32_1.4.0.202007081208/tools/bin/../lib/gcc/arm-none-eabi/7.3.1/thumb/v7-m/crtbegin.o
                [!provide]                        PROVIDE (__fini_array_end = .)
                0x0000000008000a8c                . = ALIGN (0x4)
                0x0000000008000a8c                _sidata = LOADADDR (.data)

.data           0x0000000020000000       0x20 load address 0x0000000008000a8c
                0x0000000020000000                . = ALIGN (0x4)
                0x0000000020000000                _sdata = .
 *(.data)
 *(.data*)
 .data.Key_padRow
                0x0000000020000000       0x10 Stm32_f103c6_Drivers/KeyPad_Driver/KEY_PAD.o
                0x0000000020000000                Key_padRow
 .data.Key_padCol
                0x0000000020000010       0x10 Stm32_f103c6_Drivers/KeyPad_Driver/KEY_PAD.o
                0x0000000020000010                Key_padCol
                0x0000000020000020                . = ALIGN (0x4)
                0x0000000020000020                _edata = .

.igot.plt       0x0000000020000020        0x0 load address 0x0000000008000aac
 .igot.plt      0x0000000020000020        0x0 c:/st/stm32cubeide_1.4.0/stm32cubeide/plugins/com.st.stm32cube.ide.mcu.externaltools.gnu-tools-for-stm32.7-2018-q2-update.win32_1.4.0.202007081208/tools/bin/../lib/gcc/arm-none-eabi/7.3.1/thumb/v7-m/crtbegin.o
                0x0000000020000020                . = ALIGN (0x4)

.bss            0x0000000020000020       0x20 load address 0x0000000008000aac
                0x0000000020000020                _sbss = .
                0x0000000020000020                __bss_start__ = _sbss
 *(.bss)
 .bss           0x0000000020000020       0x1c c:/st/stm32cubeide_1.4.0/stm32cubeide/plugins/com.st.stm32cube.ide.mcu.externaltools.gnu-tools-for-stm32.7-2018-q2-update.win32_1.4.0.202007081208/tools/bin/../lib/gcc/arm-none-eabi/7.3.1/thumb/v7-m/crtbegin.o
 *(.bss*)
 *(COMMON)
 COMMON         0x000000002000003c        0x4 Stm32_f103c6_Drivers/KeyPad_Driver/KEY_PAD.o
                0x000000002000003c                PinCfg
                0x0000000020000040                . = ALIGN (0x4)
                0x0000000020000040                _ebss = .
                0x0000000020000040                __bss_end__ = _ebss

._user_heap_stack
                0x0000000020000040      0x600 load address 0x0000000008000aac
                0x0000000020000040                . = ALIGN (0x8)
                [!provide]                        PROVIDE (end = .)
                0x0000000020000040                PROVIDE (_end = .)
                0x0000000020000240                . = (. + _Min_Heap_Size)
 *fill*         0x0000000020000040      0x200 
                0x0000000020000640                . = (. + _Min_Stack_Size)
 *fill*         0x0000000020000240      0x400 
                0x0000000020000640                . = ALIGN (0x8)

/DISCARD/
 libc.a(*)
 libm.a(*)
 libgcc.a(*)

.ARM.attributes
                0x0000000000000000       0x29
 *(.ARM.attributes)
 .ARM.attributes
                0x0000000000000000       0x1d c:/st/stm32cubeide_1.4.0/stm32cubeide/plugins/com.st.stm32cube.ide.mcu.externaltools.gnu-tools-for-stm32.7-2018-q2-update.win32_1.4.0.202007081208/tools/bin/../lib/gcc/arm-none-eabi/7.3.1/thumb/v7-m/crti.o
 .ARM.attributes
                0x000000000000001d       0x2d c:/st/stm32cubeide_1.4.0/stm32cubeide/plugins/com.st.stm32cube.ide.mcu.externaltools.gnu-tools-for-stm32.7-2018-q2-update.win32_1.4.0.202007081208/tools/bin/../lib/gcc/arm-none-eabi/7.3.1/thumb/v7-m/crtbegin.o
 .ARM.attributes
                0x000000000000004a       0x33 Src/main.o
 .ARM.attributes
                0x000000000000007d       0x21 Startup/startup_stm32f103c6tx.o
 .ARM.attributes
                0x000000000000009e       0x33 Stm32_f103c6_Drivers/KeyPad_Driver/KEY_PAD.o
 .ARM.attributes
                0x00000000000000d1       0x33 Stm32_f103c6_Drivers/LCD_Driver/LCD.o
 .ARM.attributes
                0x0000000000000104       0x33 Stm32_f103c6_Drivers/Stm32_f103c6_Drivers_Gpio.o
 .ARM.attributes
                0x0000000000000137       0x2d c:/st/stm32cubeide_1.4.0/stm32cubeide/plugins/com.st.stm32cube.ide.mcu.externaltools.gnu-tools-for-stm32.7-2018-q2-update.win32_1.4.0.202007081208/tools/bin/../lib/gcc/arm-none-eabi/7.3.1/../../../../arm-none-eabi/lib/thumb/v7-m\libc_nano.a(lib_a-init.o)
 .ARM.attributes
                0x0000000000000164       0x1d c:/st/stm32cubeide_1.4.0/stm32cubeide/plugins/com.st.stm32cube.ide.mcu.externaltools.gnu-tools-for-stm32.7-2018-q2-update.win32_1.4.0.202007081208/tools/bin/../lib/gcc/arm-none-eabi/7.3.1/thumb/v7-m/crtn.o
OUTPUT(Stm32f103c6_Drivers.elf elf32-littlearm)

.debug_info     0x0000000000000000     0x3072
 .debug_info    0x0000000000000000      0xc68 Src/main.o
 .debug_info    0x0000000000000c68       0x22 Startup/startup_stm32f103c6tx.o
 .debug_info    0x0000000000000c8a      0xb1f Stm32_f103c6_Drivers/KeyPad_Driver/KEY_PAD.o
 .debug_info    0x00000000000017a9      0xb20 Stm32_f103c6_Drivers/LCD_Driver/LCD.o
 .debug_info    0x00000000000022c9      0xda9 Stm32_f103c6_Drivers/Stm32_f103c6_Drivers_Gpio.o

.debug_abbrev   0x0000000000000000      0x7f1
 .debug_abbrev  0x0000000000000000      0x23a Src/main.o
 .debug_abbrev  0x000000000000023a       0x12 Startup/startup_stm32f103c6tx.o
 .debug_abbrev  0x000000000000024c      0x1a6 Stm32_f103c6_Drivers/KeyPad_Driver/KEY_PAD.o
 .debug_abbrev  0x00000000000003f2      0x1cd Stm32_f103c6_Drivers/LCD_Driver/LCD.o
 .debug_abbrev  0x00000000000005bf      0x232 Stm32_f103c6_Drivers/Stm32_f103c6_Drivers_Gpio.o

.debug_loc      0x0000000000000000      0x74c
 .debug_loc     0x0000000000000000      0x178 Src/main.o
 .debug_loc     0x0000000000000178       0xa8 Stm32_f103c6_Drivers/KeyPad_Driver/KEY_PAD.o
 .debug_loc     0x0000000000000220      0x1a0 Stm32_f103c6_Drivers/LCD_Driver/LCD.o
 .debug_loc     0x00000000000003c0      0x38c Stm32_f103c6_Drivers/Stm32_f103c6_Drivers_Gpio.o

.debug_aranges  0x0000000000000000      0x150
 .debug_aranges
                0x0000000000000000       0x40 Src/main.o
 .debug_aranges
                0x0000000000000040       0x28 Startup/startup_stm32f103c6tx.o
 .debug_aranges
                0x0000000000000068       0x30 Stm32_f103c6_Drivers/KeyPad_Driver/KEY_PAD.o
 .debug_aranges
                0x0000000000000098       0x50 Stm32_f103c6_Drivers/LCD_Driver/LCD.o
 .debug_aranges
                0x00000000000000e8       0x68 Stm32_f103c6_Drivers/Stm32_f103c6_Drivers_Gpio.o

.debug_ranges   0x0000000000000000      0x108
 .debug_ranges  0x0000000000000000       0x30 Src/main.o
 .debug_ranges  0x0000000000000030       0x20 Startup/startup_stm32f103c6tx.o
 .debug_ranges  0x0000000000000050       0x20 Stm32_f103c6_Drivers/KeyPad_Driver/KEY_PAD.o
 .debug_ranges  0x0000000000000070       0x40 Stm32_f103c6_Drivers/LCD_Driver/LCD.o
 .debug_ranges  0x00000000000000b0       0x58 Stm32_f103c6_Drivers/Stm32_f103c6_Drivers_Gpio.o

.debug_macro    0x0000000000000000     0x2476
 .debug_macro   0x0000000000000000      0x21f Src/main.o
 .debug_macro   0x000000000000021f      0xa60 Src/main.o
 .debug_macro   0x0000000000000c7f       0x18 Src/main.o
 .debug_macro   0x0000000000000c97       0x22 Src/main.o
 .debug_macro   0x0000000000000cb9       0x40 Src/main.o
 .debug_macro   0x0000000000000cf9       0x94 Src/main.o
 .debug_macro   0x0000000000000d8d       0x3c Src/main.o
 .debug_macro   0x0000000000000dc9       0x34 Src/main.o
 .debug_macro   0x0000000000000dfd       0x16 Src/main.o
 .debug_macro   0x0000000000000e13      0x10e Src/main.o
 .debug_macro   0x0000000000000f21       0x8d Src/main.o
 .debug_macro   0x0000000000000fae       0x57 Src/main.o
 .debug_macro   0x0000000000001005       0x52 Src/main.o
 .debug_macro   0x0000000000001057       0x1f Src/main.o
 .debug_macro   0x0000000000001076       0x43 Src/main.o
 .debug_macro   0x00000000000010b9       0x20 Src/main.o
 .debug_macro   0x00000000000010d9      0x1a3 Src/main.o
 .debug_macro   0x000000000000127c      0x330 Src/main.o
 .debug_macro   0x00000000000015ac       0x16 Src/main.o
 .debug_macro   0x00000000000015c2       0x29 Src/main.o
 .debug_macro   0x00000000000015eb       0xef Src/main.o
 .debug_macro   0x00000000000016da       0x6a Src/main.o
 .debug_macro   0x0000000000001744      0x1df Src/main.o
 .debug_macro   0x0000000000001923       0xaf Src/main.o
 .debug_macro   0x00000000000019d2       0xd0 Src/main.o
 .debug_macro   0x0000000000001aa2       0x10 Src/main.o
 .debug_macro   0x0000000000001ab2       0x1c Src/main.o
 .debug_macro   0x0000000000001ace       0x35 Src/main.o
 .debug_macro   0x0000000000001b03       0x10 Src/main.o
 .debug_macro   0x0000000000001b13       0x10 Src/main.o
 .debug_macro   0x0000000000001b23       0x1c Src/main.o
 .debug_macro   0x0000000000001b3f       0x52 Src/main.o
 .debug_macro   0x0000000000001b91       0x40 Src/main.o
 .debug_macro   0x0000000000001bd1       0x10 Src/main.o
 .debug_macro   0x0000000000001be1       0x40 Src/main.o
 .debug_macro   0x0000000000001c21       0xd7 Src/main.o
 .debug_macro   0x0000000000001cf8       0x1c Src/main.o
 .debug_macro   0x0000000000001d14       0x3d Src/main.o
 .debug_macro   0x0000000000001d51       0x16 Src/main.o
 .debug_macro   0x0000000000001d67      0x145 Src/main.o
 .debug_macro   0x0000000000001eac       0x94 Src/main.o
 .debug_macro   0x0000000000001f40       0x46 Src/main.o
 .debug_macro   0x0000000000001f86      0x151 Stm32_f103c6_Drivers/KeyPad_Driver/KEY_PAD.o
 .debug_macro   0x00000000000020d7       0x10 Stm32_f103c6_Drivers/KeyPad_Driver/KEY_PAD.o
 .debug_macro   0x00000000000020e7       0x3a Stm32_f103c6_Drivers/KeyPad_Driver/KEY_PAD.o
 .debug_macro   0x0000000000002121      0x216 Stm32_f103c6_Drivers/LCD_Driver/LCD.o
 .debug_macro   0x0000000000002337      0x13f Stm32_f103c6_Drivers/Stm32_f103c6_Drivers_Gpio.o

.debug_line     0x0000000000000000     0x1c5d
 .debug_line    0x0000000000000000      0x773 Src/main.o
 .debug_line    0x0000000000000773       0x84 Startup/startup_stm32f103c6tx.o
 .debug_line    0x00000000000007f7      0x649 Stm32_f103c6_Drivers/KeyPad_Driver/KEY_PAD.o
 .debug_line    0x0000000000000e40      0x75d Stm32_f103c6_Drivers/LCD_Driver/LCD.o
 .debug_line    0x000000000000159d      0x6c0 Stm32_f103c6_Drivers/Stm32_f103c6_Drivers_Gpio.o

.debug_str      0x0000000000000000     0x8d0e
 .debug_str     0x0000000000000000     0x8a8b Src/main.o
                                       0x8cf2 (size before relaxing)
 .debug_str     0x0000000000008a8b       0x31 Startup/startup_stm32f103c6tx.o
                                         0x77 (size before relaxing)
 .debug_str     0x0000000000008abc       0x71 Stm32_f103c6_Drivers/KeyPad_Driver/KEY_PAD.o
                                       0x787d (size before relaxing)
 .debug_str     0x0000000000008b2d       0xad Stm32_f103c6_Drivers/LCD_Driver/LCD.o
                                       0x8c40 (size before relaxing)
 .debug_str     0x0000000000008bda      0x134 Stm32_f103c6_Drivers/Stm32_f103c6_Drivers_Gpio.o
                                       0x78ee (size before relaxing)

.comment        0x0000000000000000       0x7b
 .comment       0x0000000000000000       0x7b Src/main.o
                                         0x7c (size before relaxing)
 .comment       0x000000000000007b       0x7c Stm32_f103c6_Drivers/KeyPad_Driver/KEY_PAD.o
 .comment       0x000000000000007b       0x7c Stm32_f103c6_Drivers/LCD_Driver/LCD.o
 .comment       0x000000000000007b       0x7c Stm32_f103c6_Drivers/Stm32_f103c6_Drivers_Gpio.o

.debug_frame    0x0000000000000000      0x3e4
 .debug_frame   0x0000000000000000       0xc0 Src/main.o
 .debug_frame   0x00000000000000c0       0x6c Stm32_f103c6_Drivers/KeyPad_Driver/KEY_PAD.o
 .debug_frame   0x000000000000012c       0xec Stm32_f103c6_Drivers/LCD_Driver/LCD.o
 .debug_frame   0x0000000000000218      0x1a0 Stm32_f103c6_Drivers/Stm32_f103c6_Drivers_Gpio.o
 .debug_frame   0x00000000000003b8       0x2c c:/st/stm32cubeide_1.4.0/stm32cubeide/plugins/com.st.stm32cube.ide.mcu.externaltools.gnu-tools-for-stm32.7-2018-q2-update.win32_1.4.0.202007081208/tools/bin/../lib/gcc/arm-none-eabi/7.3.1/../../../../arm-none-eabi/lib/thumb/v7-m\libc_nano.a(lib_a-init.o)
