Archive member included to satisfy reference by file (symbol)

c:/program files (x86)/atmel/studio/7.0/toolchain/avr8/avr8-gnu-toolchain/bin/../lib/gcc/avr/5.4.0/avr5\libgcc.a(_udivmodsi4.o)
                              MCAL/I2C/I2C_Master.o (__udivmodsi4)
c:/program files (x86)/atmel/studio/7.0/toolchain/avr8/avr8-gnu-toolchain/bin/../lib/gcc/avr/5.4.0/avr5\libgcc.a(_exit.o)
                              C:/Program Files (x86)/Atmel/Studio/7.0/Packs/atmel/ATmega_DFP/1.7.374/gcc/dev/atmega32/avr5/crtatmega32.o (exit)
c:/program files (x86)/atmel/studio/7.0/toolchain/avr8/avr8-gnu-toolchain/bin/../lib/gcc/avr/5.4.0/avr5\libgcc.a(_tablejump2.o)
                              MCAL/SPI/SPI.o (__tablejump2__)
c:/program files (x86)/atmel/studio/7.0/toolchain/avr8/avr8-gnu-toolchain/bin/../lib/gcc/avr/5.4.0/avr5\libgcc.a(_copy_data.o)
                              HAL/KEY_PAD/KEY_PAD.o (__do_copy_data)
c:/program files (x86)/atmel/studio/7.0/toolchain/avr8/avr8-gnu-toolchain/bin/../lib/gcc/avr/5.4.0/avr5\libgcc.a(_clear_bss.o)
                              main.o (__do_clear_bss)
c:/program files (x86)/atmel/studio/7.0/toolchain/avr8/avr8-gnu-toolchain/bin/../lib/gcc/avr/5.4.0/avr5\libgcc.a(_umulhisi3.o)
                              main.o (__umulhisi3)
c:/program files (x86)/atmel/studio/7.0/toolchain/avr8/avr8-gnu-toolchain/bin/../lib/gcc/avr/5.4.0/../../../../avr/lib/avr5\libc.a(sprintf.o)
                              main.o (sprintf)
c:/program files (x86)/atmel/studio/7.0/toolchain/avr8/avr8-gnu-toolchain/bin/../lib/gcc/avr/5.4.0/../../../../avr/lib/avr5\libc.a(vfprintf_std.o)
                              c:/program files (x86)/atmel/studio/7.0/toolchain/avr8/avr8-gnu-toolchain/bin/../lib/gcc/avr/5.4.0/../../../../avr/lib/avr5\libc.a(sprintf.o) (vfprintf)
c:/program files (x86)/atmel/studio/7.0/toolchain/avr8/avr8-gnu-toolchain/bin/../lib/gcc/avr/5.4.0/../../../../avr/lib/avr5\libc.a(strnlen_P.o)
                              c:/program files (x86)/atmel/studio/7.0/toolchain/avr8/avr8-gnu-toolchain/bin/../lib/gcc/avr/5.4.0/../../../../avr/lib/avr5\libc.a(vfprintf_std.o) (strnlen_P)
c:/program files (x86)/atmel/studio/7.0/toolchain/avr8/avr8-gnu-toolchain/bin/../lib/gcc/avr/5.4.0/../../../../avr/lib/avr5\libc.a(strnlen.o)
                              c:/program files (x86)/atmel/studio/7.0/toolchain/avr8/avr8-gnu-toolchain/bin/../lib/gcc/avr/5.4.0/../../../../avr/lib/avr5\libc.a(vfprintf_std.o) (strnlen)
c:/program files (x86)/atmel/studio/7.0/toolchain/avr8/avr8-gnu-toolchain/bin/../lib/gcc/avr/5.4.0/../../../../avr/lib/avr5\libc.a(fputc.o)
                              c:/program files (x86)/atmel/studio/7.0/toolchain/avr8/avr8-gnu-toolchain/bin/../lib/gcc/avr/5.4.0/../../../../avr/lib/avr5\libc.a(vfprintf_std.o) (fputc)
c:/program files (x86)/atmel/studio/7.0/toolchain/avr8/avr8-gnu-toolchain/bin/../lib/gcc/avr/5.4.0/../../../../avr/lib/avr5\libc.a(ultoa_invert.o)
                              c:/program files (x86)/atmel/studio/7.0/toolchain/avr8/avr8-gnu-toolchain/bin/../lib/gcc/avr/5.4.0/../../../../avr/lib/avr5\libc.a(vfprintf_std.o) (__ultoa_invert)
c:/program files (x86)/atmel/studio/7.0/toolchain/avr8/avr8-gnu-toolchain/bin/../lib/gcc/avr/5.4.0/avr5\libgcc.a(_prologue.o)
                              c:/program files (x86)/atmel/studio/7.0/toolchain/avr8/avr8-gnu-toolchain/bin/../lib/gcc/avr/5.4.0/../../../../avr/lib/avr5\libc.a(sprintf.o) (__prologue_saves__)
c:/program files (x86)/atmel/studio/7.0/toolchain/avr8/avr8-gnu-toolchain/bin/../lib/gcc/avr/5.4.0/avr5\libgcc.a(_epilogue.o)
                              c:/program files (x86)/atmel/studio/7.0/toolchain/avr8/avr8-gnu-toolchain/bin/../lib/gcc/avr/5.4.0/../../../../avr/lib/avr5\libc.a(sprintf.o) (__epilogue_restores__)

Allocating common symbols
Common symbol       size              file

Numver_Display      0x2               main.o
PWM_Over_Flow_Number
                    0x1               MCAL/Timers/PWM.o
Global_configuartion
                    0x2               MCAL/Timers/CTC.o
PWM_Global_configuartion
                    0x2               MCAL/Timers/PWM.o
PWM_Compare_Number  0x1               MCAL/Timers/PWM.o
CALLBACK_OVER_FLOW  0x2               MCAL/Timers/CTC.o
New_password        0x14              main.o
data                0x64              MCAL/UART/UART.o
Enter_password      0x14              main.o
PWM_CALLBACK_OVER_FLOW
                    0x2               MCAL/Timers/PWM.o
PWM_CALLBACK_COMPARE
                    0x2               MCAL/Timers/PWM.o
array_password      0x14              main.o
CALLBACK_COMPARE    0x2               MCAL/Timers/CTC.o

Discarded input sections

 .data          0x00000000        0x0 C:/Program Files (x86)/Atmel/Studio/7.0/Packs/atmel/ATmega_DFP/1.7.374/gcc/dev/atmega32/avr5/crtatmega32.o
 .bss           0x00000000        0x0 C:/Program Files (x86)/Atmel/Studio/7.0/Packs/atmel/ATmega_DFP/1.7.374/gcc/dev/atmega32/avr5/crtatmega32.o
 .text          0x00000000        0x0 HAL/KEY_PAD/KEY_PAD.o
 .data          0x00000000        0x0 HAL/KEY_PAD/KEY_PAD.o
 .bss           0x00000000        0x0 HAL/KEY_PAD/KEY_PAD.o
 .text.Keypad_init
                0x00000000       0x12 HAL/KEY_PAD/KEY_PAD.o
 .text.Keypad_getkey
                0x00000000      0x19c HAL/KEY_PAD/KEY_PAD.o
 .data.Key_padCol
                0x00000000        0x8 HAL/KEY_PAD/KEY_PAD.o
 .data.Key_padRow
                0x00000000        0x8 HAL/KEY_PAD/KEY_PAD.o
 .debug_info    0x00000000       0xf5 HAL/KEY_PAD/KEY_PAD.o
 .debug_abbrev  0x00000000       0x9b HAL/KEY_PAD/KEY_PAD.o
 .debug_loc     0x00000000       0xa1 HAL/KEY_PAD/KEY_PAD.o
 .debug_aranges
                0x00000000       0x28 HAL/KEY_PAD/KEY_PAD.o
 .debug_ranges  0x00000000       0x18 HAL/KEY_PAD/KEY_PAD.o
 .debug_line    0x00000000      0x1f0 HAL/KEY_PAD/KEY_PAD.o
 .debug_str     0x00000000      0x1c8 HAL/KEY_PAD/KEY_PAD.o
 .comment       0x00000000       0x31 HAL/KEY_PAD/KEY_PAD.o
 .debug_frame   0x00000000       0x48 HAL/KEY_PAD/KEY_PAD.o
 .text          0x00000000        0x0 HAL/LCD_DRIVER/LCD.o
 .data          0x00000000        0x0 HAL/LCD_DRIVER/LCD.o
 .bss           0x00000000        0x0 HAL/LCD_DRIVER/LCD.o
 .text          0x00000000        0x0 main.o
 .data          0x00000000        0x0 main.o
 .bss           0x00000000        0x0 main.o
 .text.change_Pass
                0x00000000       0x20 main.o
 .bss.timer_ovf_count
                0x00000000        0x1 main.o
 .text          0x00000000        0x0 MCAL/EEPROM.o
 .data          0x00000000        0x0 MCAL/EEPROM.o
 .bss           0x00000000        0x0 MCAL/EEPROM.o
 .text.EEPROM_intEnable
                0x00000000        0x8 MCAL/EEPROM.o
 .text.EEPROM_intDisable
                0x00000000        0xe MCAL/EEPROM.o
 .text.EEPROM_intSetCallback
                0x00000000        0xa MCAL/EEPROM.o
 .text.EE_RDY_VECT
                0x00000000       0x52 MCAL/EEPROM.o
 .bss.eeprom_rdy_fPtr
                0x00000000        0x2 MCAL/EEPROM.o
 .text          0x00000000        0x0 MCAL/I2C/I2C_Master.o
 .data          0x00000000        0x0 MCAL/I2C/I2C_Master.o
 .bss           0x00000000        0x0 MCAL/I2C/I2C_Master.o
 .text.I2C_Init
                0x00000000       0x80 MCAL/I2C/I2C_Master.o
 .text.I2C_Start
                0x00000000       0x12 MCAL/I2C/I2C_Master.o
 .text.I2C_Master_Write
                0x00000000        0xe MCAL/I2C/I2C_Master.o
 .text.I2C_Stop
                0x00000000        0x6 MCAL/I2C/I2C_Master.o
 .text.I2C_Read_ACK
                0x00000000        0xe MCAL/I2C/I2C_Master.o
 .text.I2C_Read_NACK
                0x00000000        0xe MCAL/I2C/I2C_Master.o
 .text.I2C_GetStatus
                0x00000000        0x6 MCAL/I2C/I2C_Master.o
 .text          0x00000000        0x0 MCAL/I2C/I2C_Slave.o
 .data          0x00000000        0x0 MCAL/I2C/I2C_Slave.o
 .bss           0x00000000        0x0 MCAL/I2C/I2C_Slave.o
 .text.I2C_Set_Address
                0x00000000        0x4 MCAL/I2C/I2C_Slave.o
 .text.I2C_Slave_Read
                0x00000000       0x2a MCAL/I2C/I2C_Slave.o
 .text.I2C_Slave_Read_STRANSMITER
                0x00000000       0x12 MCAL/I2C/I2C_Slave.o
 .text.I2c_Slave_Transmiter
                0x00000000       0x14 MCAL/I2C/I2C_Slave.o
 .debug_info    0x00000000       0xf2 MCAL/I2C/I2C_Slave.o
 .debug_abbrev  0x00000000       0xbb MCAL/I2C/I2C_Slave.o
 .debug_loc     0x00000000       0x2d MCAL/I2C/I2C_Slave.o
 .debug_aranges
                0x00000000       0x38 MCAL/I2C/I2C_Slave.o
 .debug_ranges  0x00000000       0x28 MCAL/I2C/I2C_Slave.o
 .debug_line    0x00000000      0x16d MCAL/I2C/I2C_Slave.o
 .debug_str     0x00000000      0x1ef MCAL/I2C/I2C_Slave.o
 .comment       0x00000000       0x31 MCAL/I2C/I2C_Slave.o
 .debug_frame   0x00000000       0x54 MCAL/I2C/I2C_Slave.o
 .text          0x00000000        0x0 MCAL/PORT/PORT_DDR.o
 .data          0x00000000        0x0 MCAL/PORT/PORT_DDR.o
 .bss           0x00000000        0x0 MCAL/PORT/PORT_DDR.o
 .text.Pin_Mode
                0x00000000      0x20e MCAL/PORT/PORT_DDR.o
 .text.Write_On_Specific_Bit
                0x00000000       0xf2 MCAL/PORT/PORT_DDR.o
 .text.Toggle_Specific_Bit
                0x00000000       0x68 MCAL/PORT/PORT_DDR.o
 .text.Read_Specific_Bit
                0x00000000       0x5c MCAL/PORT/PORT_DDR.o
 .text.Port_Mode
                0x00000000       0xba MCAL/PORT/PORT_DDR.o
 .text.Port_Write
                0x00000000       0x60 MCAL/PORT/PORT_DDR.o
 .text.Port_Toggle
                0x00000000       0x38 MCAL/PORT/PORT_DDR.o
 .text.Port_Read
                0x00000000       0x24 MCAL/PORT/PORT_DDR.o
 .text.MSB_Port_Mode
                0x00000000       0xba MCAL/PORT/PORT_DDR.o
 .text.MSB_Port_Write
                0x00000000       0x78 MCAL/PORT/PORT_DDR.o
 .text.MSB_Port_Read
                0x00000000       0x34 MCAL/PORT/PORT_DDR.o
 .text.LSB_Port_Mode
                0x00000000       0xba MCAL/PORT/PORT_DDR.o
 .text.LSB_Port_Write
                0x00000000       0x78 MCAL/PORT/PORT_DDR.o
 .text.LSB_Port_Read
                0x00000000       0x2c MCAL/PORT/PORT_DDR.o
 .debug_info    0x00000000      0x3f6 MCAL/PORT/PORT_DDR.o
 .debug_abbrev  0x00000000      0x115 MCAL/PORT/PORT_DDR.o
 .debug_loc     0x00000000      0xafc MCAL/PORT/PORT_DDR.o
 .debug_aranges
                0x00000000       0x88 MCAL/PORT/PORT_DDR.o
 .debug_ranges  0x00000000       0x78 MCAL/PORT/PORT_DDR.o
 .debug_line    0x00000000      0x86d MCAL/PORT/PORT_DDR.o
 .debug_str     0x00000000      0x2bb MCAL/PORT/PORT_DDR.o
 .comment       0x00000000       0x31 MCAL/PORT/PORT_DDR.o
 .debug_frame   0x00000000       0xf4 MCAL/PORT/PORT_DDR.o
 .text          0x00000000        0x0 MCAL/SPI/SPI.o
 .data          0x00000000        0x0 MCAL/SPI/SPI.o
 .bss           0x00000000        0x0 MCAL/SPI/SPI.o
 .text.speed_init
                0x00000000       0x84 MCAL/SPI/SPI.o
 .progmem.gcc_sw_table.speed_init
                0x00000000        0xe MCAL/SPI/SPI.o
 .text.Spi_init
                0x00000000       0x26 MCAL/SPI/SPI.o
 .text.SPI_Transmit_Recieve
                0x00000000        0xa MCAL/SPI/SPI.o
 .debug_info    0x00000000      0x13a MCAL/SPI/SPI.o
 .debug_abbrev  0x00000000       0xbc MCAL/SPI/SPI.o
 .debug_loc     0x00000000       0xf7 MCAL/SPI/SPI.o
 .debug_aranges
                0x00000000       0x30 MCAL/SPI/SPI.o
 .debug_ranges  0x00000000       0x20 MCAL/SPI/SPI.o
 .debug_line    0x00000000      0x1f5 MCAL/SPI/SPI.o
 .debug_str     0x00000000      0x226 MCAL/SPI/SPI.o
 .comment       0x00000000       0x31 MCAL/SPI/SPI.o
 .debug_frame   0x00000000       0x44 MCAL/SPI/SPI.o
 .text          0x00000000        0x0 MCAL/Timers/ADC.o
 .data          0x00000000        0x0 MCAL/Timers/ADC.o
 .bss           0x00000000        0x0 MCAL/Timers/ADC.o
 .text.ADC_Init
                0x00000000       0x48 MCAL/Timers/ADC.o
 .text.ADC_READ
                0x00000000       0x24 MCAL/Timers/ADC.o
 .debug_info    0x00000000      0x19e MCAL/Timers/ADC.o
 .debug_abbrev  0x00000000       0xac MCAL/Timers/ADC.o
 .debug_loc     0x00000000       0xb0 MCAL/Timers/ADC.o
 .debug_aranges
                0x00000000       0x28 MCAL/Timers/ADC.o
 .debug_ranges  0x00000000       0x18 MCAL/Timers/ADC.o
 .debug_line    0x00000000      0x190 MCAL/Timers/ADC.o
 .debug_str     0x00000000      0x27f MCAL/Timers/ADC.o
 .comment       0x00000000       0x31 MCAL/Timers/ADC.o
 .debug_frame   0x00000000       0x34 MCAL/Timers/ADC.o
 .text          0x00000000        0x0 MCAL/Timers/CTC.o
 .data          0x00000000        0x0 MCAL/Timers/CTC.o
 .bss           0x00000000        0x0 MCAL/Timers/CTC.o
 .text.TIMER0_Init
                0x00000000       0x76 MCAL/Timers/CTC.o
 .text.TIMER0_Stop
                0x00000000       0x16 MCAL/Timers/CTC.o
 .text.TIMER0_GetCompare
                0x00000000        0xa MCAL/Timers/CTC.o
 .text.TIMER0_SetCompare
                0x00000000        0x6 MCAL/Timers/CTC.o
 .text.TIMER0_GetCounter
                0x00000000        0xa MCAL/Timers/CTC.o
 .text.TIMER0_SetCounter
                0x00000000        0x6 MCAL/Timers/CTC.o
 .text.TIMER0_GetOverflow
                0x00000000        0xc MCAL/Timers/CTC.o
 .text.TIMER0_SetOverflow
                0x00000000        0x8 MCAL/Timers/CTC.o
 .text.TIMER0_CALLBACK_Overflow_INTERRUPT
                0x00000000        0xa MCAL/Timers/CTC.o
 .text.TIMER0_CALLBACK_CompareMatch_INTERRUPT
                0x00000000        0xa MCAL/Timers/CTC.o
 .bss.Over_Flow_Number
                0x00000000        0x1 MCAL/Timers/CTC.o
 .text          0x00000000        0x0 MCAL/Timers/PWM.o
 .data          0x00000000        0x0 MCAL/Timers/PWM.o
 .bss           0x00000000        0x0 MCAL/Timers/PWM.o
 .text.PWM0_GetCompare
                0x00000000        0x8 MCAL/Timers/PWM.o
 .text.PWM0_GetCounter
                0x00000000        0x8 MCAL/Timers/PWM.o
 .text.PWM0_SetCounter
                0x00000000        0x4 MCAL/Timers/PWM.o
 .text.PWM0_GetOverflow
                0x00000000        0xa MCAL/Timers/PWM.o
 .text.PWM0_SetOverflow
                0x00000000        0x6 MCAL/Timers/PWM.o
 .text.PWM0_CALLBACK_Overflow_INTERRUPT
                0x00000000        0xa MCAL/Timers/PWM.o
 .text.PWM0_CALLBACK_CompareMatch_INTERRUPT
                0x00000000        0xa MCAL/Timers/PWM.o
 .text          0x00000000        0x0 MCAL/Timers/Watch_Dog.o
 .data          0x00000000        0x0 MCAL/Timers/Watch_Dog.o
 .bss           0x00000000        0x0 MCAL/Timers/Watch_Dog.o
 .text.WDT_OFF  0x00000000        0xa MCAL/Timers/Watch_Dog.o
 .text.WDT_ON   0x00000000        0xe MCAL/Timers/Watch_Dog.o
 .debug_info    0x00000000       0x8e MCAL/Timers/Watch_Dog.o
 .debug_abbrev  0x00000000       0x44 MCAL/Timers/Watch_Dog.o
 .debug_aranges
                0x00000000       0x28 MCAL/Timers/Watch_Dog.o
 .debug_ranges  0x00000000       0x18 MCAL/Timers/Watch_Dog.o
 .debug_line    0x00000000       0x70 MCAL/Timers/Watch_Dog.o
 .debug_str     0x00000000      0x198 MCAL/Timers/Watch_Dog.o
 .comment       0x00000000       0x31 MCAL/Timers/Watch_Dog.o
 .debug_frame   0x00000000       0x34 MCAL/Timers/Watch_Dog.o
 .text          0x00000000        0x0 MCAL/UART/UART.o
 .data          0x00000000        0x0 MCAL/UART/UART.o
 .bss           0x00000000        0x0 MCAL/UART/UART.o
 .rodata.str1.1
                0x00000000        0x3 MCAL/UART/UART.o
 .text.Uart_Send32
                0x00000000       0x64 MCAL/UART/UART.o
 .text.Uart_Recieve32
                0x00000000       0x68 MCAL/UART/UART.o
 .text.UART_Send_String
                0x00000000       0x20 MCAL/UART/UART.o
 .text.UART_Receive_String
                0x00000000       0x30 MCAL/UART/UART.o
 .text.Uart_Recieve_Periodcheck
                0x00000000       0x2a MCAL/UART/UART.o
 .text.UartRX_Interrupt_Enable
                0x00000000        0xa MCAL/UART/UART.o
 .text.UartTX_Interrupt_Enable
                0x00000000        0xa MCAL/UART/UART.o
 .text.UartTX_Interrupt_Disable
                0x00000000        0x8 MCAL/UART/UART.o
 .text.Uart_Send_String_Asyn
                0x00000000       0x2c MCAL/UART/UART.o
 .text.UART_Receive_String_Asyn
                0x00000000       0x1e MCAL/UART/UART.o
 COMMON         0x00000000       0x64 MCAL/UART/UART.o
 .text          0x00000000        0x0 c:/program files (x86)/atmel/studio/7.0/toolchain/avr8/avr8-gnu-toolchain/bin/../lib/gcc/avr/5.4.0/avr5\libgcc.a(_udivmodsi4.o)
 .data          0x00000000        0x0 c:/program files (x86)/atmel/studio/7.0/toolchain/avr8/avr8-gnu-toolchain/bin/../lib/gcc/avr/5.4.0/avr5\libgcc.a(_udivmodsi4.o)
 .bss           0x00000000        0x0 c:/program files (x86)/atmel/studio/7.0/toolchain/avr8/avr8-gnu-toolchain/bin/../lib/gcc/avr/5.4.0/avr5\libgcc.a(_udivmodsi4.o)
 .text.libgcc.mul
                0x00000000        0x0 c:/program files (x86)/atmel/studio/7.0/toolchain/avr8/avr8-gnu-toolchain/bin/../lib/gcc/avr/5.4.0/avr5\libgcc.a(_udivmodsi4.o)
 .text.libgcc.div
                0x00000000       0x44 c:/program files (x86)/atmel/studio/7.0/toolchain/avr8/avr8-gnu-toolchain/bin/../lib/gcc/avr/5.4.0/avr5\libgcc.a(_udivmodsi4.o)
 .text.libgcc   0x00000000        0x0 c:/program files (x86)/atmel/studio/7.0/toolchain/avr8/avr8-gnu-toolchain/bin/../lib/gcc/avr/5.4.0/avr5\libgcc.a(_udivmodsi4.o)
 .text.libgcc.prologue
                0x00000000        0x0 c:/program files (x86)/atmel/studio/7.0/toolchain/avr8/avr8-gnu-toolchain/bin/../lib/gcc/avr/5.4.0/avr5\libgcc.a(_udivmodsi4.o)
 .text.libgcc.builtins
                0x00000000        0x0 c:/program files (x86)/atmel/studio/7.0/toolchain/avr8/avr8-gnu-toolchain/bin/../lib/gcc/avr/5.4.0/avr5\libgcc.a(_udivmodsi4.o)
 .text.libgcc.fmul
                0x00000000        0x0 c:/program files (x86)/atmel/studio/7.0/toolchain/avr8/avr8-gnu-toolchain/bin/../lib/gcc/avr/5.4.0/avr5\libgcc.a(_udivmodsi4.o)
 .text.libgcc.fixed
                0x00000000        0x0 c:/program files (x86)/atmel/studio/7.0/toolchain/avr8/avr8-gnu-toolchain/bin/../lib/gcc/avr/5.4.0/avr5\libgcc.a(_udivmodsi4.o)
 .text          0x00000000        0x0 c:/program files (x86)/atmel/studio/7.0/toolchain/avr8/avr8-gnu-toolchain/bin/../lib/gcc/avr/5.4.0/avr5\libgcc.a(_exit.o)
 .data          0x00000000        0x0 c:/program files (x86)/atmel/studio/7.0/toolchain/avr8/avr8-gnu-toolchain/bin/../lib/gcc/avr/5.4.0/avr5\libgcc.a(_exit.o)
 .bss           0x00000000        0x0 c:/program files (x86)/atmel/studio/7.0/toolchain/avr8/avr8-gnu-toolchain/bin/../lib/gcc/avr/5.4.0/avr5\libgcc.a(_exit.o)
 .text.libgcc.mul
                0x00000000        0x0 c:/program files (x86)/atmel/studio/7.0/toolchain/avr8/avr8-gnu-toolchain/bin/../lib/gcc/avr/5.4.0/avr5\libgcc.a(_exit.o)
 .text.libgcc.div
                0x00000000        0x0 c:/program files (x86)/atmel/studio/7.0/toolchain/avr8/avr8-gnu-toolchain/bin/../lib/gcc/avr/5.4.0/avr5\libgcc.a(_exit.o)
 .text.libgcc   0x00000000        0x0 c:/program files (x86)/atmel/studio/7.0/toolchain/avr8/avr8-gnu-toolchain/bin/../lib/gcc/avr/5.4.0/avr5\libgcc.a(_exit.o)
 .text.libgcc.prologue
                0x00000000        0x0 c:/program files (x86)/atmel/studio/7.0/toolchain/avr8/avr8-gnu-toolchain/bin/../lib/gcc/avr/5.4.0/avr5\libgcc.a(_exit.o)
 .text.libgcc.builtins
                0x00000000        0x0 c:/program files (x86)/atmel/studio/7.0/toolchain/avr8/avr8-gnu-toolchain/bin/../lib/gcc/avr/5.4.0/avr5\libgcc.a(_exit.o)
 .text.libgcc.fmul
                0x00000000        0x0 c:/program files (x86)/atmel/studio/7.0/toolchain/avr8/avr8-gnu-toolchain/bin/../lib/gcc/avr/5.4.0/avr5\libgcc.a(_exit.o)
 .text.libgcc.fixed
                0x00000000        0x0 c:/program files (x86)/atmel/studio/7.0/toolchain/avr8/avr8-gnu-toolchain/bin/../lib/gcc/avr/5.4.0/avr5\libgcc.a(_exit.o)
 .text          0x00000000        0x0 c:/program files (x86)/atmel/studio/7.0/toolchain/avr8/avr8-gnu-toolchain/bin/../lib/gcc/avr/5.4.0/avr5\libgcc.a(_tablejump2.o)
 .data          0x00000000        0x0 c:/program files (x86)/atmel/studio/7.0/toolchain/avr8/avr8-gnu-toolchain/bin/../lib/gcc/avr/5.4.0/avr5\libgcc.a(_tablejump2.o)
 .bss           0x00000000        0x0 c:/program files (x86)/atmel/studio/7.0/toolchain/avr8/avr8-gnu-toolchain/bin/../lib/gcc/avr/5.4.0/avr5\libgcc.a(_tablejump2.o)
 .text.libgcc.mul
                0x00000000        0x0 c:/program files (x86)/atmel/studio/7.0/toolchain/avr8/avr8-gnu-toolchain/bin/../lib/gcc/avr/5.4.0/avr5\libgcc.a(_tablejump2.o)
 .text.libgcc.div
                0x00000000        0x0 c:/program files (x86)/atmel/studio/7.0/toolchain/avr8/avr8-gnu-toolchain/bin/../lib/gcc/avr/5.4.0/avr5\libgcc.a(_tablejump2.o)
 .text.libgcc   0x00000000        0xc c:/program files (x86)/atmel/studio/7.0/toolchain/avr8/avr8-gnu-toolchain/bin/../lib/gcc/avr/5.4.0/avr5\libgcc.a(_tablejump2.o)
 .text.libgcc.prologue
                0x00000000        0x0 c:/program files (x86)/atmel/studio/7.0/toolchain/avr8/avr8-gnu-toolchain/bin/../lib/gcc/avr/5.4.0/avr5\libgcc.a(_tablejump2.o)
 .text.libgcc.builtins
                0x00000000        0x0 c:/program files (x86)/atmel/studio/7.0/toolchain/avr8/avr8-gnu-toolchain/bin/../lib/gcc/avr/5.4.0/avr5\libgcc.a(_tablejump2.o)
 .text.libgcc.fmul
                0x00000000        0x0 c:/program files (x86)/atmel/studio/7.0/toolchain/avr8/avr8-gnu-toolchain/bin/../lib/gcc/avr/5.4.0/avr5\libgcc.a(_tablejump2.o)
 .text.libgcc.fixed
                0x00000000        0x0 c:/program files (x86)/atmel/studio/7.0/toolchain/avr8/avr8-gnu-toolchain/bin/../lib/gcc/avr/5.4.0/avr5\libgcc.a(_tablejump2.o)
 .text          0x00000000        0x0 c:/program files (x86)/atmel/studio/7.0/toolchain/avr8/avr8-gnu-toolchain/bin/../lib/gcc/avr/5.4.0/avr5\libgcc.a(_copy_data.o)
 .data          0x00000000        0x0 c:/program files (x86)/atmel/studio/7.0/toolchain/avr8/avr8-gnu-toolchain/bin/../lib/gcc/avr/5.4.0/avr5\libgcc.a(_copy_data.o)
 .bss           0x00000000        0x0 c:/program files (x86)/atmel/studio/7.0/toolchain/avr8/avr8-gnu-toolchain/bin/../lib/gcc/avr/5.4.0/avr5\libgcc.a(_copy_data.o)
 .text.libgcc.mul
                0x00000000        0x0 c:/program files (x86)/atmel/studio/7.0/toolchain/avr8/avr8-gnu-toolchain/bin/../lib/gcc/avr/5.4.0/avr5\libgcc.a(_copy_data.o)
 .text.libgcc.div
                0x00000000        0x0 c:/program files (x86)/atmel/studio/7.0/toolchain/avr8/avr8-gnu-toolchain/bin/../lib/gcc/avr/5.4.0/avr5\libgcc.a(_copy_data.o)
 .text.libgcc   0x00000000        0x0 c:/program files (x86)/atmel/studio/7.0/toolchain/avr8/avr8-gnu-toolchain/bin/../lib/gcc/avr/5.4.0/avr5\libgcc.a(_copy_data.o)
 .text.libgcc.prologue
                0x00000000        0x0 c:/program files (x86)/atmel/studio/7.0/toolchain/avr8/avr8-gnu-toolchain/bin/../lib/gcc/avr/5.4.0/avr5\libgcc.a(_copy_data.o)
 .text.libgcc.builtins
                0x00000000        0x0 c:/program files (x86)/atmel/studio/7.0/toolchain/avr8/avr8-gnu-toolchain/bin/../lib/gcc/avr/5.4.0/avr5\libgcc.a(_copy_data.o)
 .text.libgcc.fmul
                0x00000000        0x0 c:/program files (x86)/atmel/studio/7.0/toolchain/avr8/avr8-gnu-toolchain/bin/../lib/gcc/avr/5.4.0/avr5\libgcc.a(_copy_data.o)
 .text.libgcc.fixed
                0x00000000        0x0 c:/program files (x86)/atmel/studio/7.0/toolchain/avr8/avr8-gnu-toolchain/bin/../lib/gcc/avr/5.4.0/avr5\libgcc.a(_copy_data.o)
 .text          0x00000000        0x0 c:/program files (x86)/atmel/studio/7.0/toolchain/avr8/avr8-gnu-toolchain/bin/../lib/gcc/avr/5.4.0/avr5\libgcc.a(_clear_bss.o)
 .data          0x00000000        0x0 c:/program files (x86)/atmel/studio/7.0/toolchain/avr8/avr8-gnu-toolchain/bin/../lib/gcc/avr/5.4.0/avr5\libgcc.a(_clear_bss.o)
 .bss           0x00000000        0x0 c:/program files (x86)/atmel/studio/7.0/toolchain/avr8/avr8-gnu-toolchain/bin/../lib/gcc/avr/5.4.0/avr5\libgcc.a(_clear_bss.o)
 .text.libgcc.mul
                0x00000000        0x0 c:/program files (x86)/atmel/studio/7.0/toolchain/avr8/avr8-gnu-toolchain/bin/../lib/gcc/avr/5.4.0/avr5\libgcc.a(_clear_bss.o)
 .text.libgcc.div
                0x00000000        0x0 c:/program files (x86)/atmel/studio/7.0/toolchain/avr8/avr8-gnu-toolchain/bin/../lib/gcc/avr/5.4.0/avr5\libgcc.a(_clear_bss.o)
 .text.libgcc   0x00000000        0x0 c:/program files (x86)/atmel/studio/7.0/toolchain/avr8/avr8-gnu-toolchain/bin/../lib/gcc/avr/5.4.0/avr5\libgcc.a(_clear_bss.o)
 .text.libgcc.prologue
                0x00000000        0x0 c:/program files (x86)/atmel/studio/7.0/toolchain/avr8/avr8-gnu-toolchain/bin/../lib/gcc/avr/5.4.0/avr5\libgcc.a(_clear_bss.o)
 .text.libgcc.builtins
                0x00000000        0x0 c:/program files (x86)/atmel/studio/7.0/toolchain/avr8/avr8-gnu-toolchain/bin/../lib/gcc/avr/5.4.0/avr5\libgcc.a(_clear_bss.o)
 .text.libgcc.fmul
                0x00000000        0x0 c:/program files (x86)/atmel/studio/7.0/toolchain/avr8/avr8-gnu-toolchain/bin/../lib/gcc/avr/5.4.0/avr5\libgcc.a(_clear_bss.o)
 .text.libgcc.fixed
                0x00000000        0x0 c:/program files (x86)/atmel/studio/7.0/toolchain/avr8/avr8-gnu-toolchain/bin/../lib/gcc/avr/5.4.0/avr5\libgcc.a(_clear_bss.o)
 .text          0x00000000        0x0 c:/program files (x86)/atmel/studio/7.0/toolchain/avr8/avr8-gnu-toolchain/bin/../lib/gcc/avr/5.4.0/avr5\libgcc.a(_umulhisi3.o)
 .data          0x00000000        0x0 c:/program files (x86)/atmel/studio/7.0/toolchain/avr8/avr8-gnu-toolchain/bin/../lib/gcc/avr/5.4.0/avr5\libgcc.a(_umulhisi3.o)
 .bss           0x00000000        0x0 c:/program files (x86)/atmel/studio/7.0/toolchain/avr8/avr8-gnu-toolchain/bin/../lib/gcc/avr/5.4.0/avr5\libgcc.a(_umulhisi3.o)
 .text.libgcc.div
                0x00000000        0x0 c:/program files (x86)/atmel/studio/7.0/toolchain/avr8/avr8-gnu-toolchain/bin/../lib/gcc/avr/5.4.0/avr5\libgcc.a(_umulhisi3.o)
 .text.libgcc   0x00000000        0x0 c:/program files (x86)/atmel/studio/7.0/toolchain/avr8/avr8-gnu-toolchain/bin/../lib/gcc/avr/5.4.0/avr5\libgcc.a(_umulhisi3.o)
 .text.libgcc.prologue
                0x00000000        0x0 c:/program files (x86)/atmel/studio/7.0/toolchain/avr8/avr8-gnu-toolchain/bin/../lib/gcc/avr/5.4.0/avr5\libgcc.a(_umulhisi3.o)
 .text.libgcc.builtins
                0x00000000        0x0 c:/program files (x86)/atmel/studio/7.0/toolchain/avr8/avr8-gnu-toolchain/bin/../lib/gcc/avr/5.4.0/avr5\libgcc.a(_umulhisi3.o)
 .text.libgcc.fmul
                0x00000000        0x0 c:/program files (x86)/atmel/studio/7.0/toolchain/avr8/avr8-gnu-toolchain/bin/../lib/gcc/avr/5.4.0/avr5\libgcc.a(_umulhisi3.o)
 .text.libgcc.fixed
                0x00000000        0x0 c:/program files (x86)/atmel/studio/7.0/toolchain/avr8/avr8-gnu-toolchain/bin/../lib/gcc/avr/5.4.0/avr5\libgcc.a(_umulhisi3.o)
 .text          0x00000000        0x0 c:/program files (x86)/atmel/studio/7.0/toolchain/avr8/avr8-gnu-toolchain/bin/../lib/gcc/avr/5.4.0/../../../../avr/lib/avr5\libc.a(sprintf.o)
 .data          0x00000000        0x0 c:/program files (x86)/atmel/studio/7.0/toolchain/avr8/avr8-gnu-toolchain/bin/../lib/gcc/avr/5.4.0/../../../../avr/lib/avr5\libc.a(sprintf.o)
 .bss           0x00000000        0x0 c:/program files (x86)/atmel/studio/7.0/toolchain/avr8/avr8-gnu-toolchain/bin/../lib/gcc/avr/5.4.0/../../../../avr/lib/avr5\libc.a(sprintf.o)
 .text          0x00000000        0x0 c:/program files (x86)/atmel/studio/7.0/toolchain/avr8/avr8-gnu-toolchain/bin/../lib/gcc/avr/5.4.0/../../../../avr/lib/avr5\libc.a(vfprintf_std.o)
 .data          0x00000000        0x0 c:/program files (x86)/atmel/studio/7.0/toolchain/avr8/avr8-gnu-toolchain/bin/../lib/gcc/avr/5.4.0/../../../../avr/lib/avr5\libc.a(vfprintf_std.o)
 .bss           0x00000000        0x0 c:/program files (x86)/atmel/studio/7.0/toolchain/avr8/avr8-gnu-toolchain/bin/../lib/gcc/avr/5.4.0/../../../../avr/lib/avr5\libc.a(vfprintf_std.o)
 .text          0x00000000        0x0 c:/program files (x86)/atmel/studio/7.0/toolchain/avr8/avr8-gnu-toolchain/bin/../lib/gcc/avr/5.4.0/../../../../avr/lib/avr5\libc.a(strnlen_P.o)
 .data          0x00000000        0x0 c:/program files (x86)/atmel/studio/7.0/toolchain/avr8/avr8-gnu-toolchain/bin/../lib/gcc/avr/5.4.0/../../../../avr/lib/avr5\libc.a(strnlen_P.o)
 .bss           0x00000000        0x0 c:/program files (x86)/atmel/studio/7.0/toolchain/avr8/avr8-gnu-toolchain/bin/../lib/gcc/avr/5.4.0/../../../../avr/lib/avr5\libc.a(strnlen_P.o)
 .text          0x00000000        0x0 c:/program files (x86)/atmel/studio/7.0/toolchain/avr8/avr8-gnu-toolchain/bin/../lib/gcc/avr/5.4.0/../../../../avr/lib/avr5\libc.a(strnlen.o)
 .data          0x00000000        0x0 c:/program files (x86)/atmel/studio/7.0/toolchain/avr8/avr8-gnu-toolchain/bin/../lib/gcc/avr/5.4.0/../../../../avr/lib/avr5\libc.a(strnlen.o)
 .bss           0x00000000        0x0 c:/program files (x86)/atmel/studio/7.0/toolchain/avr8/avr8-gnu-toolchain/bin/../lib/gcc/avr/5.4.0/../../../../avr/lib/avr5\libc.a(strnlen.o)
 .text          0x00000000        0x0 c:/program files (x86)/atmel/studio/7.0/toolchain/avr8/avr8-gnu-toolchain/bin/../lib/gcc/avr/5.4.0/../../../../avr/lib/avr5\libc.a(fputc.o)
 .data          0x00000000        0x0 c:/program files (x86)/atmel/studio/7.0/toolchain/avr8/avr8-gnu-toolchain/bin/../lib/gcc/avr/5.4.0/../../../../avr/lib/avr5\libc.a(fputc.o)
 .bss           0x00000000        0x0 c:/program files (x86)/atmel/studio/7.0/toolchain/avr8/avr8-gnu-toolchain/bin/../lib/gcc/avr/5.4.0/../../../../avr/lib/avr5\libc.a(fputc.o)
 .text          0x00000000        0x0 c:/program files (x86)/atmel/studio/7.0/toolchain/avr8/avr8-gnu-toolchain/bin/../lib/gcc/avr/5.4.0/../../../../avr/lib/avr5\libc.a(ultoa_invert.o)
 .data          0x00000000        0x0 c:/program files (x86)/atmel/studio/7.0/toolchain/avr8/avr8-gnu-toolchain/bin/../lib/gcc/avr/5.4.0/../../../../avr/lib/avr5\libc.a(ultoa_invert.o)
 .bss           0x00000000        0x0 c:/program files (x86)/atmel/studio/7.0/toolchain/avr8/avr8-gnu-toolchain/bin/../lib/gcc/avr/5.4.0/../../../../avr/lib/avr5\libc.a(ultoa_invert.o)
 .text          0x00000000        0x0 c:/program files (x86)/atmel/studio/7.0/toolchain/avr8/avr8-gnu-toolchain/bin/../lib/gcc/avr/5.4.0/avr5\libgcc.a(_prologue.o)
 .data          0x00000000        0x0 c:/program files (x86)/atmel/studio/7.0/toolchain/avr8/avr8-gnu-toolchain/bin/../lib/gcc/avr/5.4.0/avr5\libgcc.a(_prologue.o)
 .bss           0x00000000        0x0 c:/program files (x86)/atmel/studio/7.0/toolchain/avr8/avr8-gnu-toolchain/bin/../lib/gcc/avr/5.4.0/avr5\libgcc.a(_prologue.o)
 .text.libgcc.mul
                0x00000000        0x0 c:/program files (x86)/atmel/studio/7.0/toolchain/avr8/avr8-gnu-toolchain/bin/../lib/gcc/avr/5.4.0/avr5\libgcc.a(_prologue.o)
 .text.libgcc.div
                0x00000000        0x0 c:/program files (x86)/atmel/studio/7.0/toolchain/avr8/avr8-gnu-toolchain/bin/../lib/gcc/avr/5.4.0/avr5\libgcc.a(_prologue.o)
 .text.libgcc   0x00000000        0x0 c:/program files (x86)/atmel/studio/7.0/toolchain/avr8/avr8-gnu-toolchain/bin/../lib/gcc/avr/5.4.0/avr5\libgcc.a(_prologue.o)
 .text.libgcc.builtins
                0x00000000        0x0 c:/program files (x86)/atmel/studio/7.0/toolchain/avr8/avr8-gnu-toolchain/bin/../lib/gcc/avr/5.4.0/avr5\libgcc.a(_prologue.o)
 .text.libgcc.fmul
                0x00000000        0x0 c:/program files (x86)/atmel/studio/7.0/toolchain/avr8/avr8-gnu-toolchain/bin/../lib/gcc/avr/5.4.0/avr5\libgcc.a(_prologue.o)
 .text.libgcc.fixed
                0x00000000        0x0 c:/program files (x86)/atmel/studio/7.0/toolchain/avr8/avr8-gnu-toolchain/bin/../lib/gcc/avr/5.4.0/avr5\libgcc.a(_prologue.o)
 .text          0x00000000        0x0 c:/program files (x86)/atmel/studio/7.0/toolchain/avr8/avr8-gnu-toolchain/bin/../lib/gcc/avr/5.4.0/avr5\libgcc.a(_epilogue.o)
 .data          0x00000000        0x0 c:/program files (x86)/atmel/studio/7.0/toolchain/avr8/avr8-gnu-toolchain/bin/../lib/gcc/avr/5.4.0/avr5\libgcc.a(_epilogue.o)
 .bss           0x00000000        0x0 c:/program files (x86)/atmel/studio/7.0/toolchain/avr8/avr8-gnu-toolchain/bin/../lib/gcc/avr/5.4.0/avr5\libgcc.a(_epilogue.o)
 .text.libgcc.mul
                0x00000000        0x0 c:/program files (x86)/atmel/studio/7.0/toolchain/avr8/avr8-gnu-toolchain/bin/../lib/gcc/avr/5.4.0/avr5\libgcc.a(_epilogue.o)
 .text.libgcc.div
                0x00000000        0x0 c:/program files (x86)/atmel/studio/7.0/toolchain/avr8/avr8-gnu-toolchain/bin/../lib/gcc/avr/5.4.0/avr5\libgcc.a(_epilogue.o)
 .text.libgcc   0x00000000        0x0 c:/program files (x86)/atmel/studio/7.0/toolchain/avr8/avr8-gnu-toolchain/bin/../lib/gcc/avr/5.4.0/avr5\libgcc.a(_epilogue.o)
 .text.libgcc.builtins
                0x00000000        0x0 c:/program files (x86)/atmel/studio/7.0/toolchain/avr8/avr8-gnu-toolchain/bin/../lib/gcc/avr/5.4.0/avr5\libgcc.a(_epilogue.o)
 .text.libgcc.fmul
                0x00000000        0x0 c:/program files (x86)/atmel/studio/7.0/toolchain/avr8/avr8-gnu-toolchain/bin/../lib/gcc/avr/5.4.0/avr5\libgcc.a(_epilogue.o)
 .text.libgcc.fixed
                0x00000000        0x0 c:/program files (x86)/atmel/studio/7.0/toolchain/avr8/avr8-gnu-toolchain/bin/../lib/gcc/avr/5.4.0/avr5\libgcc.a(_epilogue.o)

Memory Configuration

Name             Origin             Length             Attributes
text             0x00000000         0x00008000         xr
data             0x00800060         0x00000800         rw !x
eeprom           0x00810000         0x00000400         rw !x
fuse             0x00820000         0x00000002         rw !x
lock             0x00830000         0x00000400         rw !x
signature        0x00840000         0x00000400         rw !x
user_signatures  0x00850000         0x00000400         rw !x
*default*        0x00000000         0xffffffff

Linker script and memory map

LOAD C:/Program Files (x86)/Atmel/Studio/7.0/Packs/atmel/ATmega_DFP/1.7.374/gcc/dev/atmega32/avr5/crtatmega32.o
LOAD HAL/KEY_PAD/KEY_PAD.o
LOAD HAL/LCD_DRIVER/LCD.o
LOAD main.o
LOAD MCAL/EEPROM.o
LOAD MCAL/I2C/I2C_Master.o
LOAD MCAL/I2C/I2C_Slave.o
LOAD MCAL/PORT/PORT_DDR.o
LOAD MCAL/SPI/SPI.o
LOAD MCAL/Timers/ADC.o
LOAD MCAL/Timers/CTC.o
LOAD MCAL/Timers/PWM.o
LOAD MCAL/Timers/Watch_Dog.o
LOAD MCAL/UART/UART.o
START GROUP
LOAD c:/program files (x86)/atmel/studio/7.0/toolchain/avr8/avr8-gnu-toolchain/bin/../lib/gcc/avr/5.4.0/../../../../avr/lib/avr5\libm.a
END GROUP
START GROUP
LOAD c:/program files (x86)/atmel/studio/7.0/toolchain/avr8/avr8-gnu-toolchain/bin/../lib/gcc/avr/5.4.0/avr5\libgcc.a
LOAD c:/program files (x86)/atmel/studio/7.0/toolchain/avr8/avr8-gnu-toolchain/bin/../lib/gcc/avr/5.4.0/../../../../avr/lib/avr5\libm.a
LOAD c:/program files (x86)/atmel/studio/7.0/toolchain/avr8/avr8-gnu-toolchain/bin/../lib/gcc/avr/5.4.0/../../../../avr/lib/avr5\libc.a
LOAD C:/Program Files (x86)/Atmel/Studio/7.0/Packs/atmel/ATmega_DFP/1.7.374/gcc/dev/atmega32/avr5\libatmega32.a
END GROUP
                0x00000000                __TEXT_REGION_ORIGIN__ = DEFINED (__TEXT_REGION_ORIGIN__)?__TEXT_REGION_ORIGIN__:0x0
                [0x00800060]                __DATA_REGION_ORIGIN__ = DEFINED (__DATA_REGION_ORIGIN__)?__DATA_REGION_ORIGIN__:0x800060
                [0x00008000]                __TEXT_REGION_LENGTH__ = DEFINED (__TEXT_REGION_LENGTH__)?__TEXT_REGION_LENGTH__:0x20000
                [0x00000800]                __DATA_REGION_LENGTH__ = DEFINED (__DATA_REGION_LENGTH__)?__DATA_REGION_LENGTH__:0xffa0
                [0x00000400]                __EEPROM_REGION_LENGTH__ = DEFINED (__EEPROM_REGION_LENGTH__)?__EEPROM_REGION_LENGTH__:0x10000
                [0x00000002]                __FUSE_REGION_LENGTH__ = DEFINED (__FUSE_REGION_LENGTH__)?__FUSE_REGION_LENGTH__:0x400
                0x00000400                __LOCK_REGION_LENGTH__ = DEFINED (__LOCK_REGION_LENGTH__)?__LOCK_REGION_LENGTH__:0x400
                0x00000400                __SIGNATURE_REGION_LENGTH__ = DEFINED (__SIGNATURE_REGION_LENGTH__)?__SIGNATURE_REGION_LENGTH__:0x400
                0x00000400                __USER_SIGNATURE_REGION_LENGTH__ = DEFINED (__USER_SIGNATURE_REGION_LENGTH__)?__USER_SIGNATURE_REGION_LENGTH__:0x400

.hash
 *(.hash)

.dynsym
 *(.dynsym)

.dynstr
 *(.dynstr)

.gnu.version
 *(.gnu.version)

.gnu.version_d
 *(.gnu.version_d)

.gnu.version_r
 *(.gnu.version_r)

.rel.init
 *(.rel.init)

.rela.init
 *(.rela.init)

.rel.text
 *(.rel.text)
 *(.rel.text.*)
 *(.rel.gnu.linkonce.t*)

.rela.text
 *(.rela.text)
 *(.rela.text.*)
 *(.rela.gnu.linkonce.t*)

.rel.fini
 *(.rel.fini)

.rela.fini
 *(.rela.fini)

.rel.rodata
 *(.rel.rodata)
 *(.rel.rodata.*)
 *(.rel.gnu.linkonce.r*)

.rela.rodata
 *(.rela.rodata)
 *(.rela.rodata.*)
 *(.rela.gnu.linkonce.r*)

.rel.data
 *(.rel.data)
 *(.rel.data.*)
 *(.rel.gnu.linkonce.d*)

.rela.data
 *(.rela.data)
 *(.rela.data.*)
 *(.rela.gnu.linkonce.d*)

.rel.ctors
 *(.rel.ctors)

.rela.ctors
 *(.rela.ctors)

.rel.dtors
 *(.rel.dtors)

.rela.dtors
 *(.rela.dtors)

.rel.got
 *(.rel.got)

.rela.got
 *(.rela.got)

.rel.bss
 *(.rel.bss)

.rela.bss
 *(.rela.bss)

.rel.plt
 *(.rel.plt)

.rela.plt
 *(.rela.plt)

.text           0x00000000     0x1166
 *(.vectors)
 .vectors       0x00000000       0x54 C:/Program Files (x86)/Atmel/Studio/7.0/Packs/atmel/ATmega_DFP/1.7.374/gcc/dev/atmega32/avr5/crtatmega32.o
                0x00000000                __vector_default
                0x00000000                __vectors
 *(.vectors)
 *(.progmem.gcc*)
                0x00000054                . = ALIGN (0x2)
                0x00000054                __trampolines_start = .
 *(.trampolines)
 .trampolines   0x00000054        0x0 linker stubs
 *(.trampolines*)
                0x00000054                __trampolines_end = .
 *libprintf_flt.a:*(.progmem.data)
 *libc.a:*(.progmem.data)
 *(.progmem*)
                0x00000054                . = ALIGN (0x2)
 *(.jumptables)
 *(.jumptables*)
 *(.lowtext)
 *(.lowtext*)
                0x00000054                __ctors_start = .
 *(.ctors)
                0x00000054                __ctors_end = .
                0x00000054                __dtors_start = .
 *(.dtors)
                0x00000054                __dtors_end = .
 SORT(*)(.ctors)
 SORT(*)(.dtors)
 *(.init0)
 .init0         0x00000054        0x0 C:/Program Files (x86)/Atmel/Studio/7.0/Packs/atmel/ATmega_DFP/1.7.374/gcc/dev/atmega32/avr5/crtatmega32.o
                0x00000054                __init
 *(.init0)
 *(.init1)
 *(.init1)
 *(.init2)
 .init2         0x00000054        0xc C:/Program Files (x86)/Atmel/Studio/7.0/Packs/atmel/ATmega_DFP/1.7.374/gcc/dev/atmega32/avr5/crtatmega32.o
 *(.init2)
 *(.init3)
 *(.init3)
 *(.init4)
 .init4         0x00000060       0x16 c:/program files (x86)/atmel/studio/7.0/toolchain/avr8/avr8-gnu-toolchain/bin/../lib/gcc/avr/5.4.0/avr5\libgcc.a(_copy_data.o)
                0x00000060                __do_copy_data
 .init4         0x00000076       0x10 c:/program files (x86)/atmel/studio/7.0/toolchain/avr8/avr8-gnu-toolchain/bin/../lib/gcc/avr/5.4.0/avr5\libgcc.a(_clear_bss.o)
                0x00000076                __do_clear_bss
 *(.init4)
 *(.init5)
 *(.init5)
 *(.init6)
 *(.init6)
 *(.init7)
 *(.init7)
 *(.init8)
 *(.init8)
 *(.init9)
 .init9         0x00000086        0x8 C:/Program Files (x86)/Atmel/Studio/7.0/Packs/atmel/ATmega_DFP/1.7.374/gcc/dev/atmega32/avr5/crtatmega32.o
 *(.init9)
 *(.text)
 .text          0x0000008e        0x4 C:/Program Files (x86)/Atmel/Studio/7.0/Packs/atmel/ATmega_DFP/1.7.374/gcc/dev/atmega32/avr5/crtatmega32.o
                0x0000008e                __vector_1
                0x0000008e                __vector_12
                0x0000008e                __bad_interrupt
                0x0000008e                __vector_6
                0x0000008e                __vector_3
                0x0000008e                __vector_17
                0x0000008e                __vector_19
                0x0000008e                __vector_7
                0x0000008e                __vector_5
                0x0000008e                __vector_4
                0x0000008e                __vector_9
                0x0000008e                __vector_2
                0x0000008e                __vector_8
                0x0000008e                __vector_14
                0x0000008e                __vector_16
                0x0000008e                __vector_18
                0x0000008e                __vector_20
                0x00000092                . = ALIGN (0x2)
 *(.text.*)
 .text.LCD_lcd_kick
                0x00000092       0x1a HAL/LCD_DRIVER/LCD.o
                0x00000092                LCD_lcd_kick
 .text.LCD_check_lcd_isbusy
                0x000000ac       0x2e HAL/LCD_DRIVER/LCD.o
                0x000000ac                LCD_check_lcd_isbusy
 .text.LCD_Send_A_Command
                0x000000da       0x46 HAL/LCD_DRIVER/LCD.o
                0x000000da                LCD_Send_A_Command
 .text.LCD_clear_screen
                0x00000120        0x8 HAL/LCD_DRIVER/LCD.o
                0x00000120                LCD_clear_screen
 .text.LCD_GOTO_XY
                0x00000128       0x2e HAL/LCD_DRIVER/LCD.o
                0x00000128                LCD_GOTO_XY
 .text.LCD_init
                0x00000156       0x54 HAL/LCD_DRIVER/LCD.o
                0x00000156                LCD_init
 .text.LCD_Send_A_Character
                0x000001aa       0x46 HAL/LCD_DRIVER/LCD.o
                0x000001aa                LCD_Send_A_Character
 .text.LCD_Send_A_String
                0x000001f0       0x52 HAL/LCD_DRIVER/LCD.o
                0x000001f0                LCD_Send_A_String
 .text.Recieve_Password
                0x00000242       0x34 main.o
                0x00000242                Recieve_Password
 .text.delay    0x00000276       0x42 main.o
                0x00000276                delay
 .text.rotate_servo
                0x000002b8       0x52 main.o
                0x000002b8                rotate_servo
 .text.alram    0x0000030a       0x5e main.o
                0x0000030a                alram
 .text.Compare_Password
                0x00000368       0xaa main.o
                0x00000368                Compare_Password
 .text.open_door
                0x00000412       0x9c main.o
                0x00000412                open_door
 .text.main     0x000004ae      0x3e8 main.o
                0x000004ae                main
 .text.EEPROM_write
                0x00000896       0x1c MCAL/EEPROM.o
                0x00000896                EEPROM_write
 .text.EEPROM_read
                0x000008b2       0x12 MCAL/EEPROM.o
                0x000008b2                EEPROM_read
 .text.TWI_init
                0x000008c4       0x10 MCAL/I2C/I2C_Master.o
                0x000008c4                TWI_init
 .text.__vector_10
                0x000008d4       0x4e MCAL/Timers/CTC.o
                0x000008d4                __vector_10
 .text.__vector_11
                0x00000922       0x4e MCAL/Timers/CTC.o
                0x00000922                __vector_11
 .text.PWM0_Init
                0x00000970       0x78 MCAL/Timers/PWM.o
                0x00000970                PWM0_Init
 .text.PWM0_Stop
                0x000009e8       0x14 MCAL/Timers/PWM.o
                0x000009e8                PWM0_Stop
 .text.PWM0_SetCompare
                0x000009fc        0x4 MCAL/Timers/PWM.o
                0x000009fc                PWM0_SetCompare
 .text.Uart_init
                0x00000a00       0x2a MCAL/UART/UART.o
                0x00000a00                Uart_init
 .text.Uart_Send
                0x00000a2a        0x8 MCAL/UART/UART.o
                0x00000a2a                Uart_Send
 .text.Uart_Recieve
                0x00000a32        0x8 MCAL/UART/UART.o
                0x00000a32                Uart_Recieve
 .text.Send_NoBlock
                0x00000a3a        0x4 MCAL/UART/UART.o
                0x00000a3a                Send_NoBlock
 .text.Receive_NoBlock
                0x00000a3e        0x4 MCAL/UART/UART.o
                0x00000a3e                Receive_NoBlock
 .text.UartRX_Interrupt_Disable
                0x00000a42        0x8 MCAL/UART/UART.o
                0x00000a42                UartRX_Interrupt_Disable
 .text.__vector_15
                0x00000a4a       0x74 MCAL/UART/UART.o
                0x00000a4a                __vector_15
 .text.__vector_13
                0x00000abe       0xb2 MCAL/UART/UART.o
                0x00000abe                __vector_13
 .text.libgcc.mul
                0x00000b70       0x1e c:/program files (x86)/atmel/studio/7.0/toolchain/avr8/avr8-gnu-toolchain/bin/../lib/gcc/avr/5.4.0/avr5\libgcc.a(_umulhisi3.o)
                0x00000b70                __umulhisi3
 .text.avr-libc
                0x00000b8e       0x44 c:/program files (x86)/atmel/studio/7.0/toolchain/avr8/avr8-gnu-toolchain/bin/../lib/gcc/avr/5.4.0/../../../../avr/lib/avr5\libc.a(sprintf.o)
                0x00000b8e                sprintf
 .text.avr-libc
                0x00000bd2      0x3c2 c:/program files (x86)/atmel/studio/7.0/toolchain/avr8/avr8-gnu-toolchain/bin/../lib/gcc/avr/5.4.0/../../../../avr/lib/avr5\libc.a(vfprintf_std.o)
                0x00000bd2                vfprintf
 .text.avr-libc
                0x00000f94       0x16 c:/program files (x86)/atmel/studio/7.0/toolchain/avr8/avr8-gnu-toolchain/bin/../lib/gcc/avr/5.4.0/../../../../avr/lib/avr5\libc.a(strnlen_P.o)
                0x00000f94                strnlen_P
 .text.avr-libc
                0x00000faa       0x16 c:/program files (x86)/atmel/studio/7.0/toolchain/avr8/avr8-gnu-toolchain/bin/../lib/gcc/avr/5.4.0/../../../../avr/lib/avr5\libc.a(strnlen.o)
                0x00000faa                strnlen
 .text.avr-libc
                0x00000fc0       0x78 c:/program files (x86)/atmel/studio/7.0/toolchain/avr8/avr8-gnu-toolchain/bin/../lib/gcc/avr/5.4.0/../../../../avr/lib/avr5\libc.a(fputc.o)
                0x00000fc0                fputc
 .text.avr-libc
                0x00001038       0xbc c:/program files (x86)/atmel/studio/7.0/toolchain/avr8/avr8-gnu-toolchain/bin/../lib/gcc/avr/5.4.0/../../../../avr/lib/avr5\libc.a(ultoa_invert.o)
                0x00001038                __ultoa_invert
 .text.libgcc.prologue
                0x000010f4       0x38 c:/program files (x86)/atmel/studio/7.0/toolchain/avr8/avr8-gnu-toolchain/bin/../lib/gcc/avr/5.4.0/avr5\libgcc.a(_prologue.o)
                0x000010f4                __prologue_saves__
 .text.libgcc.prologue
                0x0000112c       0x36 c:/program files (x86)/atmel/studio/7.0/toolchain/avr8/avr8-gnu-toolchain/bin/../lib/gcc/avr/5.4.0/avr5\libgcc.a(_epilogue.o)
                0x0000112c                __epilogue_restores__
                0x00001162                . = ALIGN (0x2)
 *(.fini9)
 .fini9         0x00001162        0x0 c:/program files (x86)/atmel/studio/7.0/toolchain/avr8/avr8-gnu-toolchain/bin/../lib/gcc/avr/5.4.0/avr5\libgcc.a(_exit.o)
                0x00001162                _exit
                0x00001162                exit
 *(.fini9)
 *(.fini8)
 *(.fini8)
 *(.fini7)
 *(.fini7)
 *(.fini6)
 *(.fini6)
 *(.fini5)
 *(.fini5)
 *(.fini4)
 *(.fini4)
 *(.fini3)
 *(.fini3)
 *(.fini2)
 *(.fini2)
 *(.fini1)
 *(.fini1)
 *(.fini0)
 .fini0         0x00001162        0x4 c:/program files (x86)/atmel/studio/7.0/toolchain/avr8/avr8-gnu-toolchain/bin/../lib/gcc/avr/5.4.0/avr5\libgcc.a(_exit.o)
 *(.fini0)
                0x00001166                _etext = .

.data           0x00800060       0xea load address 0x00001166
                0x00800060                PROVIDE (__data_start, .)
 *(.data)
 *(.data*)
 .data.Error_time
                0x00800060        0x1 main.o
                0x00800060                Error_time
 .data.start_address
                0x00800061        0x2 main.o
 .data.address  0x00800063        0x2 main.o
 .data.i.2215   0x00800065        0x1 MCAL/UART/UART.o
 .data.flag_receive
                0x00800066        0x1 MCAL/UART/UART.o
 .data.flag_send
                0x00800067        0x1 MCAL/UART/UART.o
 *(.gnu.linkonce.d*)
 *(.rodata)
 *(.rodata*)
 .rodata.str1.1
                0x00800068       0xe1 main.o
                                 0xf1 (size before relaxing)
 *(.gnu.linkonce.r*)
                0x0080014a                . = ALIGN (0x2)
 *fill*         0x00800149        0x1 
                0x0080014a                _edata = .
                0x0080014a                PROVIDE (__data_end, .)

.bss            0x0080014a       0x55
                0x0080014a                PROVIDE (__bss_start, .)
 *(.bss)
 *(.bss*)
 .bss.time_error.2318
                0x0080014a        0x1 main.o
 .bss.i.2302    0x0080014b        0x1 main.o
 .bss.address2  0x0080014c        0x2 main.o
 .bss.i.2221    0x0080014e        0x1 MCAL/UART/UART.o
 .bss.RX_STR    0x0080014f        0x2 MCAL/UART/UART.o
 .bss.TX_STR    0x00800151        0x2 MCAL/UART/UART.o
 *(COMMON)
 COMMON         0x00800153       0x3e main.o
                0x00800153                Numver_Display
                0x00800155                New_password
                0x00800169                Enter_password
                0x0080017d                array_password
 COMMON         0x00800191        0x6 MCAL/Timers/CTC.o
                0x00800191                Global_configuartion
                0x00800193                CALLBACK_OVER_FLOW
                0x00800195                CALLBACK_COMPARE
 COMMON         0x00800197        0x8 MCAL/Timers/PWM.o
                0x00800197                PWM_Over_Flow_Number
                0x00800198                PWM_Global_configuartion
                0x0080019a                PWM_Compare_Number
                0x0080019b                PWM_CALLBACK_OVER_FLOW
                0x0080019d                PWM_CALLBACK_COMPARE
                0x0080019f                PROVIDE (__bss_end, .)
                0x00001166                __data_load_start = LOADADDR (.data)
                0x00001250                __data_load_end = (__data_load_start + SIZEOF (.data))

.noinit         0x0080019f        0x0
                [!provide]                PROVIDE (__noinit_start, .)
 *(.noinit*)
                [!provide]                PROVIDE (__noinit_end, .)
                0x0080019f                _end = .
                [!provide]                PROVIDE (__heap_start, .)

.eeprom         0x00810000        0x0
 *(.eeprom*)
                0x00810000                __eeprom_end = .

.fuse
 *(.fuse)
 *(.lfuse)
 *(.hfuse)
 *(.efuse)

.lock
 *(.lock*)

.signature
 *(.signature*)

.user_signatures
 *(.user_signatures*)

.stab
 *(.stab)

.stabstr
 *(.stabstr)

.stab.excl
 *(.stab.excl)

.stab.exclstr
 *(.stab.exclstr)

.stab.index
 *(.stab.index)

.stab.indexstr
 *(.stab.indexstr)

.comment        0x00000000       0x5c
 *(.comment)
 .comment       0x00000000       0x30 HAL/LCD_DRIVER/LCD.o
                                 0x31 (size before relaxing)
 .comment       0x00000030       0x31 main.o
 .comment       0x00000030       0x31 MCAL/EEPROM.o
 .comment       0x00000030       0x31 MCAL/I2C/I2C_Master.o
 .comment       0x00000030       0x31 MCAL/Timers/CTC.o
 .comment       0x00000030       0x31 MCAL/Timers/PWM.o
 .comment       0x00000030       0x31 MCAL/UART/UART.o
 .comment       0x00000030       0x31 c:/program files (x86)/atmel/studio/7.0/toolchain/avr8/avr8-gnu-toolchain/bin/../lib/gcc/avr/5.4.0/../../../../avr/lib/avr5\libc.a(sprintf.o)
 .comment       0x00000030       0x2c c:/program files (x86)/atmel/studio/7.0/toolchain/avr8/avr8-gnu-toolchain/bin/../lib/gcc/avr/5.4.0/../../../../avr/lib/avr5\libc.a(vfprintf_std.o)
                                 0x2d (size before relaxing)
 .comment       0x0000005c       0x31 c:/program files (x86)/atmel/studio/7.0/toolchain/avr8/avr8-gnu-toolchain/bin/../lib/gcc/avr/5.4.0/../../../../avr/lib/avr5\libc.a(fputc.o)

.note.gnu.avr.deviceinfo
                0x00000000       0x3c
 .note.gnu.avr.deviceinfo
                0x00000000       0x3c C:/Program Files (x86)/Atmel/Studio/7.0/Packs/atmel/ATmega_DFP/1.7.374/gcc/dev/atmega32/avr5/crtatmega32.o

.note.gnu.build-id
 *(.note.gnu.build-id)

.debug
 *(.debug)

.line
 *(.line)

.debug_srcinfo
 *(.debug_srcinfo)

.debug_sfnames
 *(.debug_sfnames)

.debug_aranges  0x00000000      0x2d8
 *(.debug_aranges)
 .debug_aranges
                0x00000000       0x58 HAL/LCD_DRIVER/LCD.o
 .debug_aranges
                0x00000058       0x58 main.o
 .debug_aranges
                0x000000b0       0x48 MCAL/EEPROM.o
 .debug_aranges
                0x000000f8       0x58 MCAL/I2C/I2C_Master.o
 .debug_aranges
                0x00000150       0x78 MCAL/Timers/CTC.o
 .debug_aranges
                0x000001c8       0x68 MCAL/Timers/PWM.o
 .debug_aranges
                0x00000230       0xa8 MCAL/UART/UART.o

.debug_pubnames
 *(.debug_pubnames)

.debug_info     0x00000000     0x2986
 *(.debug_info .gnu.linkonce.wi.*)
 .debug_info    0x00000000      0x4e6 C:/Program Files (x86)/Atmel/Studio/7.0/Packs/atmel/ATmega_DFP/1.7.374/gcc/dev/atmega32/avr5/crtatmega32.o
 .debug_info    0x000004e6      0x422 HAL/LCD_DRIVER/LCD.o
 .debug_info    0x00000908     0x1106 main.o
 .debug_info    0x00001a0e      0x1af MCAL/EEPROM.o
 .debug_info    0x00001bbd      0x179 MCAL/I2C/I2C_Master.o
 .debug_info    0x00001d36      0x440 MCAL/Timers/CTC.o
 .debug_info    0x00002176      0x34c MCAL/Timers/PWM.o
 .debug_info    0x000024c2      0x4c4 MCAL/UART/UART.o

.debug_abbrev   0x00000000      0xe7c
 *(.debug_abbrev)
 .debug_abbrev  0x00000000      0x4a3 C:/Program Files (x86)/Atmel/Studio/7.0/Packs/atmel/ATmega_DFP/1.7.374/gcc/dev/atmega32/avr5/crtatmega32.o
 .debug_abbrev  0x000004a3      0x16a HAL/LCD_DRIVER/LCD.o
 .debug_abbrev  0x0000060d      0x282 main.o
 .debug_abbrev  0x0000088f      0x124 MCAL/EEPROM.o
 .debug_abbrev  0x000009b3       0xf5 MCAL/I2C/I2C_Master.o
 .debug_abbrev  0x00000aa8      0x14a MCAL/Timers/CTC.o
 .debug_abbrev  0x00000bf2       0xeb MCAL/Timers/PWM.o
 .debug_abbrev  0x00000cdd      0x19f MCAL/UART/UART.o

.debug_line     0x00000000     0x191a
 *(.debug_line .debug_line.* .debug_line_end)
 .debug_line    0x00000000      0x116 C:/Program Files (x86)/Atmel/Studio/7.0/Packs/atmel/ATmega_DFP/1.7.374/gcc/dev/atmega32/avr5/crtatmega32.o
 .debug_line    0x00000116      0x301 HAL/LCD_DRIVER/LCD.o
 .debug_line    0x00000417      0x821 main.o
 .debug_line    0x00000c38      0x16a MCAL/EEPROM.o
 .debug_line    0x00000da2      0x20f MCAL/I2C/I2C_Master.o
 .debug_line    0x00000fb1      0x2d2 MCAL/Timers/CTC.o
 .debug_line    0x00001283      0x25d MCAL/Timers/PWM.o
 .debug_line    0x000014e0      0x43a MCAL/UART/UART.o

.debug_frame    0x00000000      0x730
 *(.debug_frame)
 .debug_frame   0x00000000       0xc4 HAL/LCD_DRIVER/LCD.o
 .debug_frame   0x000000c4       0xe4 main.o
 .debug_frame   0x000001a8       0xbc MCAL/EEPROM.o
 .debug_frame   0x00000264       0x9c MCAL/I2C/I2C_Master.o
 .debug_frame   0x00000300      0x164 MCAL/Timers/CTC.o
 .debug_frame   0x00000464       0xb4 MCAL/Timers/PWM.o
 .debug_frame   0x00000518      0x218 MCAL/UART/UART.o

.debug_str      0x00000000      0xcbc
 *(.debug_str)
 .debug_str     0x00000000      0x196 C:/Program Files (x86)/Atmel/Studio/7.0/Packs/atmel/ATmega_DFP/1.7.374/gcc/dev/atmega32/avr5/crtatmega32.o
 .debug_str     0x00000196      0x24e HAL/LCD_DRIVER/LCD.o
                                0x28d (size before relaxing)
 .debug_str     0x000003e4      0x2d6 main.o
                                0x4fb (size before relaxing)
 .debug_str     0x000006ba       0x78 MCAL/EEPROM.o
                                0x222 (size before relaxing)
 .debug_str     0x00000732       0x86 MCAL/I2C/I2C_Master.o
                                0x205 (size before relaxing)
 .debug_str     0x000007b8      0x28d MCAL/Timers/CTC.o
                                0x478 (size before relaxing)
 .debug_str     0x00000a45      0x11a MCAL/Timers/PWM.o
                                0x3d3 (size before relaxing)
 .debug_str     0x00000b5f      0x15d MCAL/UART/UART.o
                                0x339 (size before relaxing)

.debug_loc      0x00000000     0x1602
 *(.debug_loc)
 .debug_loc     0x00000000      0x344 HAL/LCD_DRIVER/LCD.o
 .debug_loc     0x00000344      0x9d9 main.o
 .debug_loc     0x00000d1d      0x123 MCAL/EEPROM.o
 .debug_loc     0x00000e40       0xe0 MCAL/I2C/I2C_Master.o
 .debug_loc     0x00000f20      0x2f8 MCAL/Timers/CTC.o
 .debug_loc     0x00001218       0x36 MCAL/Timers/PWM.o
 .debug_loc     0x0000124e      0x3b4 MCAL/UART/UART.o

.debug_macinfo
 *(.debug_macinfo)

.debug_weaknames
 *(.debug_weaknames)

.debug_funcnames
 *(.debug_funcnames)

.debug_typenames
 *(.debug_typenames)

.debug_varnames
 *(.debug_varnames)

.debug_pubtypes
 *(.debug_pubtypes)

.debug_ranges   0x00000000      0x2b0
 *(.debug_ranges)
 .debug_ranges  0x00000000       0x48 HAL/LCD_DRIVER/LCD.o
 .debug_ranges  0x00000048       0x90 main.o
 .debug_ranges  0x000000d8       0x38 MCAL/EEPROM.o
 .debug_ranges  0x00000110       0x48 MCAL/I2C/I2C_Master.o
 .debug_ranges  0x00000158       0x68 MCAL/Timers/CTC.o
 .debug_ranges  0x000001c0       0x58 MCAL/Timers/PWM.o
 .debug_ranges  0x00000218       0x98 MCAL/UART/UART.o

.debug_macro
 *(.debug_macro)
OUTPUT(Atmega32_Drivers.elf elf32-avr)
LOAD linker stubs
